******************************************************************************
             TMS320C2000 Linker PC v22.6.1                     
******************************************************************************
>> Linked Sat Apr 18 19:34:32 2026

OUTPUT FILE NAME:   <JIXUN1_SPWM.out>
ENTRY POINT SYMBOL: "_c_int00"  address: 003f517a


MEMORY CONFIGURATION

         name            origin    length      used     unused   attr    fill
----------------------  --------  ---------  --------  --------  ----  --------
PAGE 0:
  RAML0                 00008000   00000800  0000001f  000007e1  RWIX
  RAML1                 00008800   00000400  00000000  00000400  RWIX
  OTP                   003d7800   00000400  00000000  00000400  RWIX
  FLASHH                003d8000   00004000  00000000  00004000  RWIX
  FLASHG                003dc000   00004000  00000000  00004000  RWIX
  FLASHF                003e0000   00004000  00000000  00004000  RWIX
  FLASHE                003e4000   00004000  00000000  00004000  RWIX
  FLASHD                003e8000   00004000  0000001f  00003fe1  RWIX
  FLASHC                003ec000   00004000  00000000  00004000  RWIX
  FLASHA                003f4000   00003f80  00001cdb  000022a5  RWIX
  CSM_RSVD              003f7f80   00000076  00000076  00000000  RWIX
  BEGIN                 003f7ff6   00000002  00000002  00000000  RWIX
  CSM_PWL_P0            003f7ff8   00000008  00000008  00000000  RWIX
  FPUTABLES             003fd860   000006a0  00000000  000006a0  RWIX
  IQTABLES              003fdf00   00000b50  00000000  00000b50  RWIX
  IQTABLES2             003fea50   0000008c  00000000  0000008c  RWIX
  IQTABLES3             003feadc   000000aa  00000000  000000aa  RWIX
  ROM                   003ff3b0   00000c10  00000000  00000c10  RWIX
  RESET                 003fffc0   00000002  00000000  00000002  RWIX
  VECTORS               003fffc2   0000003e  00000000  0000003e  RWIX

PAGE 1:
  BOOT_RSVD             00000000   00000050  00000000  00000050  RWIX
  RAMM0                 00000050   000003b0  00000300  000000b0  RWIX
  RAMM1                 00000400   00000400  00000000  00000400  RWIX
  DEV_EMU               00000880   00000105  00000004  00000101  RWIX
  SYS_PWR_CTL           00000985   00000003  00000003  00000000  RWIX
  FLASH_REGS            00000a80   00000060  00000008  00000058  RWIX
  CSM                   00000ae0   00000020  00000010  00000010  RWIX
  ADC_RESULT            00000b00   00000020  00000010  00000010  RWIX
  CPU_TIMER0            00000c00   00000008  00000008  00000000  RWIX
  CPU_TIMER1            00000c08   00000008  00000008  00000000  RWIX
  CPU_TIMER2            00000c10   00000008  00000008  00000000  RWIX
  PIE_CTRL              00000ce0   00000020  0000001a  00000006  RWIX
  PIE_VECT              00000d00   00000100  00000100  00000000  RWIX
  DMA                   00001000   00000200  000000e0  00000120  RWIX
  CLA1                  00001400   00000080  00000040  00000040  RWIX
  USB0                  00004000   00001000  00000454  00000bac  RWIX
  McBSPA                00005000   00000040  00000024  0000001c  RWIX
  ECANA                 00006000   00000040  00000034  0000000c  RWIX
  ECANA_LAM             00006040   00000040  00000040  00000000  RWIX
  ECANA_MOTS            00006080   00000040  00000040  00000000  RWIX
  ECANA_MOTO            000060c0   00000040  00000040  00000000  RWIX
  ECANA_MBOX            00006100   00000100  00000100  00000000  RWIX
  COMP1                 00006400   00000020  00000014  0000000c  RWIX
  COMP2                 00006420   00000020  00000014  0000000c  RWIX
  COMP3                 00006440   00000020  00000014  0000000c  RWIX
  EPWM1                 00006800   00000040  00000040  00000000  RWIX
  EPWM2                 00006840   00000040  00000040  00000000  RWIX
  EPWM3                 00006880   00000040  00000040  00000000  RWIX
  EPWM4                 000068c0   00000040  00000040  00000000  RWIX
  EPWM5                 00006900   00000040  00000040  00000000  RWIX
  EPWM6                 00006940   00000040  00000040  00000000  RWIX
  EPWM7                 00006980   00000040  00000040  00000000  RWIX
  EPWM8                 000069c0   00000040  00000040  00000000  RWIX
  ECAP1                 00006a00   00000020  00000020  00000000  RWIX
  ECAP2                 00006a20   00000020  00000020  00000000  RWIX
  ECAP3                 00006a40   00000020  00000020  00000000  RWIX
  HRCAP1                00006ac0   00000020  00000020  00000000  RWIX
  HRCAP2                00006ae0   00000020  00000020  00000000  RWIX
  EQEP1                 00006b00   00000040  00000022  0000001e  RWIX
  EQEP2                 00006b40   00000040  00000022  0000001e  RWIX
  HRCAP3                00006c80   00000020  00000020  00000000  RWIX
  HRCAP4                00006ca0   00000020  00000020  00000000  RWIX
  GPIOCTRL              00006f80   00000040  00000040  00000000  RWIX
  GPIODAT               00006fc0   00000020  00000020  00000000  RWIX
  GPIOINT               00006fe0   00000020  00000020  00000000  RWIX
  SYSTEM                00007010   00000030  00000030  00000000  RWIX
  SPIA                  00007040   00000010  00000010  00000000  RWIX
  SCIA                  00007050   00000010  00000010  00000000  RWIX
  NMIINTRUPT            00007060   00000010  00000010  00000000  RWIX
  XINTRUPT              00007070   00000010  00000010  00000000  RWIX
  ADC                   00007100   00000080  00000050  00000030  RWIX
  SPIB                  00007740   00000010  00000010  00000000  RWIX
  SCIB                  00007750   00000010  00000010  00000000  RWIX
  I2CA                  00007900   00000040  00000022  0000001e  RWIX
  RAML2                 00008c00   00000400  00000000  00000400  RWIX
  RAML3                 00009000   00001000  00000000  00001000  RWIX
  RAML4                 0000a000   00002000  00000066  00001f9a  RWIX
  RAML5                 0000c000   00002000  00000000  00002000  RWIX
  RAML6                 0000e000   00002000  00000000  00002000  RWIX
  RAML7                 00010000   00002000  00000000  00002000  RWIX
  RAML8                 00012000   00002000  00000000  00002000  RWIX
  USB_RAM               00040000   00000800  00000000  00000800  RWIX
  PARTID                003d7e80   00000001  00000001  00000000  RWIX
  FLASHB                003f0000   00004000  00000000  00004000  RWIX
  CSM_PWL               003f7ff8   00000008  00000008  00000000  RWIX


SECTION ALLOCATION MAP

 output                                  attributes/
section   page    origin      length       input sections
--------  ----  ----------  ----------   ----------------
.cinit     0    003f5c46    00000096     
                  003f5c46    0000006f     main.obj (.cinit)
                  003f5cb5    0000000e     rts2800_fpu32.lib : exit.c.obj (.cinit)
                  003f5cc3    0000000d     oled.obj (.cinit:_table)
                  003f5cd0    00000005     rts2800_fpu32.lib : _lock.c.obj (.cinit:__lock)
                  003f5cd5    00000005                       : _lock.c.obj (.cinit:__unlock)
                  003f5cda    00000002     --HOLE-- [fill = 0]

.pinit     0    003f4000    00000000     UNINITIALIZED

ramfuncs   0    003e8000    0000001f     RUN ADDR = 00008000
                  003e8000    0000001b     F2806x_SysCtrl.obj (ramfuncs)
                  003e801b    00000004     F2806x_usDelay.obj (ramfuncs)

.text      0    003f4000    000012e5     
                  003f4000    0000039b     oled.obj (.text)
                  003f439b    0000039b     F2806x_DefaultIsr.obj (.text:retain)
                  003f4736    0000029b     main.obj (.text)
                  003f49d1    00000237     F2806x_Adc.obj (.text)
                  003f4c08    00000194     main.obj (.text:retain)
                  003f4d9c    0000018a     F2806x_SysCtrl.obj (.text)
                  003f4f26    000000d8     F2806x_EPwm.obj (.text)
                  003f4ffe    0000008e     iic.obj (.text)
                  003f508c    00000088     rts2800_fpu32.lib : fs_div28.asm.obj (.text)
                  003f5114    00000066                       : s_sinf.c.obj (.text)
                  003f517a    00000056                       : boot28.asm.obj (.text)
                  003f51d0    00000029                       : exit.c.obj (.text)
                  003f51f9    00000028     F2806x_PieCtrl.obj (.text)
                  003f5221    00000026     F2806x_PieVect.obj (.text)
                  003f5247    00000024     rts2800_fpu32.lib : cpy_tbl.c.obj (.text)
                  003f526b    00000022                       : i_div28.asm.obj (.text)
                  003f528d    0000001d                       : memcpy.c.obj (.text)
                  003f52aa    00000012                       : args_main.c.obj (.text)
                  003f52bc    0000000b                       : u_div28.asm.obj (.text)
                  003f52c7    00000009                       : _lock.c.obj (.text)
                  003f52d0    00000008     F2806x_CodeStartBranch.obj (.text)
                  003f52d8    00000007     F2806x_DisInt.obj (.text)
                  003f52df    00000003     F2806x_DBGIER.obj (.text)
                  003f52e2    00000002     rts2800_fpu32.lib : pre_init.c.obj (.text)
                  003f52e4    00000001                       : startup.c.obj (.text)

csm_rsvd   0    003f7f80    00000076     
                  003f7f80    00000076     F2806x_CSMPasswords.obj (csm_rsvd)

codestart 
*          0    003f7ff6    00000002     
                  003f7ff6    00000002     F2806x_CodeStartBranch.obj (codestart)

csmpasswds 
*          0    003f7ff8    00000008     
                  003f7ff8    00000008     F2806x_CSMPasswords.obj (csmpasswds)

.stack     1    00000050    00000300     UNINITIALIZED
                  00000050    00000300     --HOLE--

.ebss      1    0000a000    00000066     UNINITIALIZED
                  0000a000    0000003a     main.obj (.ebss)
                  0000a03a    00000006     rts2800_fpu32.lib : exit.c.obj (.ebss)
                  0000a040    00000018     F2806x_CpuTimers.obj (.ebss)
                  0000a058    0000000a     oled.obj (.ebss:_table)
                  0000a062    00000002     rts2800_fpu32.lib : _lock.c.obj (.ebss:__lock)
                  0000a064    00000002                       : _lock.c.obj (.ebss:__unlock)

.econst    0    003f52e6    00000960     
                  003f52e6    000005f0     oled.obj (.econst:.string:_F8X16)
                  003f58d6    00000260     oled.obj (.econst:_Hzk)
                  003f5b36    00000100     F2806x_PieVect.obj (.econst:_PieVectTableInit)
                  003f5c36    00000010     main.obj (.econst:.string)

.reset     0    003fffc0    00000002     DSECT
                  003fffc0    00000002     rts2800_fpu32.lib : boot28.asm.obj (.reset)

vectors    0    003fffc2    00000000     DSECT

DevEmuRegsFile 
*          1    00000880    00000004     UNINITIALIZED
                  00000880    00000004     F2806x_GlobalVariableDefs.obj (DevEmuRegsFile)

SysPwrCtrlRegsFile 
*          1    00000985    00000003     UNINITIALIZED
                  00000985    00000003     F2806x_GlobalVariableDefs.obj (SysPwrCtrlRegsFile)

FlashRegsFile 
*          1    00000a80    00000008     UNINITIALIZED
                  00000a80    00000008     F2806x_GlobalVariableDefs.obj (FlashRegsFile)

CsmRegsFile 
*          1    00000ae0    00000010     UNINITIALIZED
                  00000ae0    00000010     F2806x_GlobalVariableDefs.obj (CsmRegsFile)

AdcResultFile 
*          1    00000b00    00000010     UNINITIALIZED
                  00000b00    00000010     F2806x_GlobalVariableDefs.obj (AdcResultFile)

CpuTimer0RegsFile 
*          1    00000c00    00000008     UNINITIALIZED
                  00000c00    00000008     F2806x_GlobalVariableDefs.obj (CpuTimer0RegsFile)

CpuTimer1RegsFile 
*          1    00000c08    00000008     UNINITIALIZED
                  00000c08    00000008     F2806x_GlobalVariableDefs.obj (CpuTimer1RegsFile)

CpuTimer2RegsFile 
*          1    00000c10    00000008     UNINITIALIZED
                  00000c10    00000008     F2806x_GlobalVariableDefs.obj (CpuTimer2RegsFile)

PieCtrlRegsFile 
*          1    00000ce0    0000001a     UNINITIALIZED
                  00000ce0    0000001a     F2806x_GlobalVariableDefs.obj (PieCtrlRegsFile)

PieVectTableFile 
*          1    00000d00    00000100     UNINITIALIZED
                  00000d00    00000100     F2806x_GlobalVariableDefs.obj (PieVectTableFile)

EmuKeyVar 
*          1    00000d00    00000001     UNINITIALIZED
                  00000d00    00000001     F2806x_GlobalVariableDefs.obj (EmuKeyVar)

EmuBModeVar 
*          1    00000d01    00000001     UNINITIALIZED
                  00000d01    00000001     F2806x_GlobalVariableDefs.obj (EmuBModeVar)

FlashCallbackVar 
*          1    00000d02    00000002     UNINITIALIZED
                  00000d02    00000002     F2806x_GlobalVariableDefs.obj (FlashCallbackVar)

FlashScalingVar 
*          1    00000d04    00000002     UNINITIALIZED
                  00000d04    00000002     F2806x_GlobalVariableDefs.obj (FlashScalingVar)

DmaRegsFile 
*          1    00001000    000000e0     UNINITIALIZED
                  00001000    000000e0     F2806x_GlobalVariableDefs.obj (DmaRegsFile)

Cla1RegsFile 
*          1    00001400    00000040     UNINITIALIZED
                  00001400    00000040     F2806x_GlobalVariableDefs.obj (Cla1RegsFile)

Usb0RegsFile 
*          1    00004000    00000454     UNINITIALIZED
                  00004000    00000454     F2806x_GlobalVariableDefs.obj (Usb0RegsFile)

McbspaRegsFile 
*          1    00005000    00000024     UNINITIALIZED
                  00005000    00000024     F2806x_GlobalVariableDefs.obj (McbspaRegsFile)

ECanaRegsFile 
*          1    00006000    00000034     UNINITIALIZED
                  00006000    00000034     F2806x_GlobalVariableDefs.obj (ECanaRegsFile)

ECanaLAMRegsFile 
*          1    00006040    00000040     UNINITIALIZED
                  00006040    00000040     F2806x_GlobalVariableDefs.obj (ECanaLAMRegsFile)

ECanaMOTSRegsFile 
*          1    00006080    00000040     UNINITIALIZED
                  00006080    00000040     F2806x_GlobalVariableDefs.obj (ECanaMOTSRegsFile)

ECanaMOTORegsFile 
*          1    000060c0    00000040     UNINITIALIZED
                  000060c0    00000040     F2806x_GlobalVariableDefs.obj (ECanaMOTORegsFile)

ECanaMboxesFile 
*          1    00006100    00000100     UNINITIALIZED
                  00006100    00000100     F2806x_GlobalVariableDefs.obj (ECanaMboxesFile)

Comp1RegsFile 
*          1    00006400    00000014     UNINITIALIZED
                  00006400    00000014     F2806x_GlobalVariableDefs.obj (Comp1RegsFile)

Comp2RegsFile 
*          1    00006420    00000014     UNINITIALIZED
                  00006420    00000014     F2806x_GlobalVariableDefs.obj (Comp2RegsFile)

Comp3RegsFile 
*          1    00006440    00000014     UNINITIALIZED
                  00006440    00000014     F2806x_GlobalVariableDefs.obj (Comp3RegsFile)

EPwm1RegsFile 
*          1    00006800    00000040     UNINITIALIZED
                  00006800    00000040     F2806x_GlobalVariableDefs.obj (EPwm1RegsFile)

EPwm2RegsFile 
*          1    00006840    00000040     UNINITIALIZED
                  00006840    00000040     F2806x_GlobalVariableDefs.obj (EPwm2RegsFile)

EPwm3RegsFile 
*          1    00006880    00000040     UNINITIALIZED
                  00006880    00000040     F2806x_GlobalVariableDefs.obj (EPwm3RegsFile)

EPwm4RegsFile 
*          1    000068c0    00000040     UNINITIALIZED
                  000068c0    00000040     F2806x_GlobalVariableDefs.obj (EPwm4RegsFile)

EPwm5RegsFile 
*          1    00006900    00000040     UNINITIALIZED
                  00006900    00000040     F2806x_GlobalVariableDefs.obj (EPwm5RegsFile)

EPwm6RegsFile 
*          1    00006940    00000040     UNINITIALIZED
                  00006940    00000040     F2806x_GlobalVariableDefs.obj (EPwm6RegsFile)

EPwm7RegsFile 
*          1    00006980    00000040     UNINITIALIZED
                  00006980    00000040     F2806x_GlobalVariableDefs.obj (EPwm7RegsFile)

EPwm8RegsFile 
*          1    000069c0    00000040     UNINITIALIZED
                  000069c0    00000040     F2806x_GlobalVariableDefs.obj (EPwm8RegsFile)

ECap1RegsFile 
*          1    00006a00    00000020     UNINITIALIZED
                  00006a00    00000020     F2806x_GlobalVariableDefs.obj (ECap1RegsFile)

ECap2RegsFile 
*          1    00006a20    00000020     UNINITIALIZED
                  00006a20    00000020     F2806x_GlobalVariableDefs.obj (ECap2RegsFile)

ECap3RegsFile 
*          1    00006a40    00000020     UNINITIALIZED
                  00006a40    00000020     F2806x_GlobalVariableDefs.obj (ECap3RegsFile)

HRCap1RegsFile 
*          1    00006ac0    00000020     UNINITIALIZED
                  00006ac0    00000020     F2806x_GlobalVariableDefs.obj (HRCap1RegsFile)

HRCap2RegsFile 
*          1    00006ae0    00000020     UNINITIALIZED
                  00006ae0    00000020     F2806x_GlobalVariableDefs.obj (HRCap2RegsFile)

EQep1RegsFile 
*          1    00006b00    00000022     UNINITIALIZED
                  00006b00    00000022     F2806x_GlobalVariableDefs.obj (EQep1RegsFile)

EQep2RegsFile 
*          1    00006b40    00000022     UNINITIALIZED
                  00006b40    00000022     F2806x_GlobalVariableDefs.obj (EQep2RegsFile)

HRCap3RegsFile 
*          1    00006c80    00000020     UNINITIALIZED
                  00006c80    00000020     F2806x_GlobalVariableDefs.obj (HRCap3RegsFile)

HRCap4RegsFile 
*          1    00006ca0    00000020     UNINITIALIZED
                  00006ca0    00000020     F2806x_GlobalVariableDefs.obj (HRCap4RegsFile)

GpioCtrlRegsFile 
*          1    00006f80    00000040     UNINITIALIZED
                  00006f80    00000040     F2806x_GlobalVariableDefs.obj (GpioCtrlRegsFile)

GpioDataRegsFile 
*          1    00006fc0    00000020     UNINITIALIZED
                  00006fc0    00000020     F2806x_GlobalVariableDefs.obj (GpioDataRegsFile)

GpioIntRegsFile 
*          1    00006fe0    00000020     UNINITIALIZED
                  00006fe0    00000020     F2806x_GlobalVariableDefs.obj (GpioIntRegsFile)

SysCtrlRegsFile 
*          1    00007010    00000030     UNINITIALIZED
                  00007010    00000030     F2806x_GlobalVariableDefs.obj (SysCtrlRegsFile)

SpiaRegsFile 
*          1    00007040    00000010     UNINITIALIZED
                  00007040    00000010     F2806x_GlobalVariableDefs.obj (SpiaRegsFile)

SciaRegsFile 
*          1    00007050    00000010     UNINITIALIZED
                  00007050    00000010     F2806x_GlobalVariableDefs.obj (SciaRegsFile)

NmiIntruptRegsFile 
*          1    00007060    00000010     UNINITIALIZED
                  00007060    00000010     F2806x_GlobalVariableDefs.obj (NmiIntruptRegsFile)

XIntruptRegsFile 
*          1    00007070    00000010     UNINITIALIZED
                  00007070    00000010     F2806x_GlobalVariableDefs.obj (XIntruptRegsFile)

AdcRegsFile 
*          1    00007100    00000050     UNINITIALIZED
                  00007100    00000050     F2806x_GlobalVariableDefs.obj (AdcRegsFile)

SpibRegsFile 
*          1    00007740    00000010     UNINITIALIZED
                  00007740    00000010     F2806x_GlobalVariableDefs.obj (SpibRegsFile)

ScibRegsFile 
*          1    00007750    00000010     UNINITIALIZED
                  00007750    00000010     F2806x_GlobalVariableDefs.obj (ScibRegsFile)

I2caRegsFile 
*          1    00007900    00000022     UNINITIALIZED
                  00007900    00000022     F2806x_GlobalVariableDefs.obj (I2caRegsFile)

PartIdRegsFile 
*          1    003d7e80    00000001     UNINITIALIZED
                  003d7e80    00000001     F2806x_GlobalVariableDefs.obj (PartIdRegsFile)

CsmPwlFile 
*          1    003f7ff8    00000008     UNINITIALIZED
                  003f7ff8    00000008     F2806x_GlobalVariableDefs.obj (CsmPwlFile)

MODULE SUMMARY

       Module                          code   initialized data   uninitialized data
       ------                          ----   ----------------   ------------------
    .\
       main.obj                        1071   127                58                
    +--+-------------------------------+------+------------------+--------------------+
       Total:                          1071   127                58                
                                                                                   
    .\F2806x_common\source\
       oled.obj                        923    2141               10                
       F2806x_DefaultIsr.obj           923    0                  0                 
       F2806x_Adc.obj                  567    0                  0                 
       F2806x_SysCtrl.obj              448    0                  0                 
       F2806x_PieVect.obj              38     256                0                 
       F2806x_EPwm.obj                 216    0                  0                 
       iic.obj                         142    0                  0                 
       F2806x_CSMPasswords.obj         0      126                0                 
       F2806x_PieCtrl.obj              40     0                  0                 
       F2806x_CpuTimers.obj            0      0                  24                
       F2806x_CodeStartBranch.obj      10     0                  0                 
       F2806x_usDelay.obj              8      0                  0                 
       F2806x_DisInt.obj               7      0                  0                 
       F2806x_DBGIER.obj               3      0                  0                 
    +--+-------------------------------+------+------------------+--------------------+
       Total:                          3325   2523               34                
                                                                                   
    .\F2806x_headers\source\
       F2806x_GlobalVariableDefs.obj   0      0                  3550              
    +--+-------------------------------+------+------------------+--------------------+
       Total:                          0      0                  3550              
                                                                                   
    C:\ti\ccs1250\ccs\tools\compiler\ti-cgt-c2000_22.6.1.LTS\lib\rts2800_fpu32.lib
       fs_div28.asm.obj                136    0                  0                 
       s_sinf.c.obj                    102    0                  0                 
       boot28.asm.obj                  86     0                  0                 
       exit.c.obj                      41     14                 6                 
       cpy_tbl.c.obj                   36     0                  0                 
       i_div28.asm.obj                 34     0                  0                 
       memcpy.c.obj                    29     0                  0                 
       _lock.c.obj                     9      10                 4                 
       args_main.c.obj                 18     0                  0                 
       u_div28.asm.obj                 11     0                  0                 
       pre_init.c.obj                  2      0                  0                 
       startup.c.obj                   1      0                  0                 
    +--+-------------------------------+------+------------------+--------------------+
       Total:                          505    24                 10                
                                                                                   
       Stack:                          0      0                  768               
    +--+-------------------------------+------+------------------+--------------------+
       Grand Total:                    4901   2674               4420              


GLOBAL DATA SYMBOLS: SORTED BY DATA PAGE

address     data page           name
--------    ----------------    ----
00000050       1 (00000040)     __stack

00000880      22 (00000880)     _DevEmuRegs

00000985      26 (00000980)     _SysPwrCtrlRegs

00000a80      2a (00000a80)     _FlashRegs

00000ae0      2b (00000ac0)     _CsmRegs

00000b00      2c (00000b00)     _AdcResult

00000c00      30 (00000c00)     _CpuTimer0Regs
00000c08      30 (00000c00)     _CpuTimer1Regs
00000c10      30 (00000c00)     _CpuTimer2Regs

00000ce0      33 (00000cc0)     _PieCtrlRegs

00000d00      34 (00000d00)     _EmuKey
00000d00      34 (00000d00)     _PieVectTable
00000d01      34 (00000d00)     _EmuBMode
00000d02      34 (00000d00)     _Flash_CallbackPtr
00000d04      34 (00000d00)     _Flash_CPUScaleFactor

00001000      40 (00001000)     _DmaRegs

00001400      50 (00001400)     _Cla1Regs

00004000     100 (00004000)     _Usb0Regs

00005000     140 (00005000)     _McbspaRegs

00006000     180 (00006000)     _ECanaRegs

00006040     181 (00006040)     _ECanaLAMRegs

00006080     182 (00006080)     _ECanaMOTSRegs

000060c0     183 (000060c0)     _ECanaMOTORegs

00006100     184 (00006100)     _ECanaMboxes

00006400     190 (00006400)     _Comp1Regs
00006420     190 (00006400)     _Comp2Regs

00006440     191 (00006440)     _Comp3Regs

00006800     1a0 (00006800)     _EPwm1Regs

00006840     1a1 (00006840)     _EPwm2Regs

00006880     1a2 (00006880)     _EPwm3Regs

000068c0     1a3 (000068c0)     _EPwm4Regs

00006900     1a4 (00006900)     _EPwm5Regs

00006940     1a5 (00006940)     _EPwm6Regs

00006980     1a6 (00006980)     _EPwm7Regs

000069c0     1a7 (000069c0)     _EPwm8Regs

00006a00     1a8 (00006a00)     _ECap1Regs
00006a20     1a8 (00006a00)     _ECap2Regs

00006a40     1a9 (00006a40)     _ECap3Regs

00006ac0     1ab (00006ac0)     _HRCap1Regs
00006ae0     1ab (00006ac0)     _HRCap2Regs

00006b00     1ac (00006b00)     _EQep1Regs

00006b40     1ad (00006b40)     _EQep2Regs

00006c80     1b2 (00006c80)     _HRCap3Regs
00006ca0     1b2 (00006c80)     _HRCap4Regs

00006f80     1be (00006f80)     _GpioCtrlRegs

00006fc0     1bf (00006fc0)     _GpioDataRegs
00006fe0     1bf (00006fc0)     _GpioIntRegs

00007010     1c0 (00007000)     _SysCtrlRegs

00007040     1c1 (00007040)     _SpiaRegs
00007050     1c1 (00007040)     _SciaRegs
00007060     1c1 (00007040)     _NmiIntruptRegs
00007070     1c1 (00007040)     _XIntruptRegs

00007100     1c4 (00007100)     _AdcRegs

00007740     1dd (00007740)     _SpibRegs
00007750     1dd (00007740)     _ScibRegs

00007900     1e4 (00007900)     _I2caRegs

0000a000     280 (0000a000)     _tag
0000a001     280 (0000a000)     _tag_last
0000a002     280 (0000a000)     _key
0000a003     280 (0000a000)     _N_key
0000a004     280 (0000a000)     _g_j
0000a005     280 (0000a000)     _g_i
0000a006     280 (0000a000)     _g_k
0000a007     280 (0000a000)     _ct
0000a008     280 (0000a000)     _num
0000a00a     280 (0000a000)     _Uin
0000a00c     280 (0000a000)     _Iin
0000a00e     280 (0000a000)     _Uref
0000a010     280 (0000a000)     _Iref
0000a012     280 (0000a000)     _PID_U_REF
0000a014     280 (0000a000)     _ERROR
0000a016     280 (0000a000)     _R_vir
0000a018     280 (0000a000)     _U_in
0000a01a     280 (0000a000)     _I_in
0000a01c     280 (0000a000)     _U_sum
0000a01e     280 (0000a000)     _I_sum
0000a020     280 (0000a000)     _a1
0000a022     280 (0000a000)     _datalast1
0000a024     280 (0000a000)     _a2
0000a026     280 (0000a000)     _datalast2
0000a028     280 (0000a000)     _pid
0000a03a     280 (0000a000)     ___TI_enable_exit_profile_output
0000a03c     280 (0000a000)     ___TI_cleanup_ptr
0000a03e     280 (0000a000)     ___TI_dtors_ptr

0000a040     281 (0000a040)     _CpuTimer0
0000a048     281 (0000a040)     _CpuTimer1
0000a050     281 (0000a040)     _CpuTimer2
0000a062     281 (0000a040)     __lock
0000a064     281 (0000a040)     __unlock

003d7e80    f5fa (003d7e80)     _PartIdRegs

003f52e6    fd4b (003f52c0)     _F8X16

003f58d6    fd63 (003f58c0)     _Hzk

003f5b36    fd6c (003f5b00)     _PieVectTableInit

003f7ff8    fdff (003f7fc0)     _CsmPwl


GLOBAL SYMBOLS: SORTED ALPHABETICALLY BY Name 

page  address   name                            
----  -------   ----                            
0     003f4000  .text                           
0     003f51d0  C$$EXIT                         
0     003f508c  FS$$DIV                         
0     003f526b  I$$DIV                          
0     003f527c  I$$MOD                          
0     003f52bc  U$$DIV                          
0     003f52c1  U$$MOD                          
0     003f4459  _ADCINT1_ISR                    
0     003f4463  _ADCINT2_ISR                    
0     003f466b  _ADCINT3_ISR                    
0     003f4675  _ADCINT4_ISR                    
0     003f467f  _ADCINT5_ISR                    
0     003f4689  _ADCINT6_ISR                    
0     003f4693  _ADCINT7_ISR                    
0     003f469d  _ADCINT8_ISR                    
0     003f4481  _ADCINT9_ISR                    
0     003f4a43  _AdcChanSelect                  
0     003f4ab8  _AdcConversion                  
0     003f4a1c  _AdcOffsetSelfCal               
1     00007100  _AdcRegs                        
1     00000b00  _AdcResult                      
0     003f46a7  _CLA1_INT1_ISR                  
0     003f46b1  _CLA1_INT2_ISR                  
0     003f46bb  _CLA1_INT3_ISR                  
0     003f46c5  _CLA1_INT4_ISR                  
0     003f46cf  _CLA1_INT5_ISR                  
0     003f46d9  _CLA1_INT6_ISR                  
0     003f46e3  _CLA1_INT7_ISR                  
0     003f46ed  _CLA1_INT8_ISR                  
1     00001400  _Cla1Regs                       
1     00006400  _Comp1Regs                      
1     00006420  _Comp2Regs                      
1     00006440  _Comp3Regs                      
1     0000a040  _CpuTimer0                      
1     00000c00  _CpuTimer0Regs                  
1     0000a048  _CpuTimer1                      
1     00000c08  _CpuTimer1Regs                  
1     0000a050  _CpuTimer2                      
1     00000c10  _CpuTimer2Regs                  
1     003f7ff8  _CsmPwl                         
1     00000ae0  _CsmRegs                        
0     003f4ea0  _CsmUnlock                      
0     003f43af  _DATALOG_ISR                    
0     003f45df  _DINTCH1_ISR                    
0     003f45e9  _DINTCH2_ISR                    
0     003f45f3  _DINTCH3_ISR                    
0     003f45fd  _DINTCH4_ISR                    
0     003f4607  _DINTCH5_ISR                    
0     003f4611  _DINTCH6_ISR                    
0     003f52d8  _DSP28x_DisableInt              
0     003f52dc  _DSP28x_RestoreInt              
0     0000801b  _DSP28x_usDelay                 
1     00000880  _DevEmuRegs                     
0     003f4dc0  _DisableDog                     
1     00001000  _DmaRegs                        
0     003f4657  _ECAN0INTA_ISR                  
0     003f4661  _ECAN1INTA_ISR                  
0     003f453f  _ECAP1_INT_ISR                  
0     003f4549  _ECAP2_INT_ISR                  
0     003f4553  _ECAP3_INT_ISR                  
1     00006040  _ECanaLAMRegs                   
1     000060c0  _ECanaMOTORegs                  
1     00006080  _ECanaMOTSRegs                  
1     00006100  _ECanaMboxes                    
1     00006000  _ECanaRegs                      
1     00006a00  _ECap1Regs                      
1     00006a20  _ECap2Regs                      
1     00006a40  _ECap3Regs                      
0     003f4715  _EMPTY_ISR                      
0     003f43c3  _EMUINT_ISR                     
0     003f44ef  _EPWM1_INT_ISR                  
0     003f449f  _EPWM1_TZINT_ISR                
0     003f44f9  _EPWM2_INT_ISR                  
0     003f44a9  _EPWM2_TZINT_ISR                
0     003f4503  _EPWM3_INT_ISR                  
0     003f44b3  _EPWM3_TZINT_ISR                
0     003f450d  _EPWM4_INT_ISR                  
0     003f44bd  _EPWM4_TZINT_ISR                
0     003f4517  _EPWM5_INT_ISR                  
0     003f44c7  _EPWM5_TZINT_ISR                
0     003f4521  _EPWM6_INT_ISR                  
0     003f44d1  _EPWM6_TZINT_ISR                
0     003f452b  _EPWM7_INT_ISR                  
0     003f44db  _EPWM7_TZINT_ISR                
0     003f4535  _EPWM8_INT_ISR                  
0     003f44e5  _EPWM8_TZINT_ISR                
0     003f4821  _EPWM_Init                      
1     00006800  _EPwm1Regs                      
1     00006840  _EPwm2Regs                      
1     00006880  _EPwm3Regs                      
1     000068c0  _EPwm4Regs                      
1     00006900  _EPwm5Regs                      
1     00006940  _EPwm6Regs                      
1     00006980  _EPwm7Regs                      
1     000069c0  _EPwm8Regs                      
0     003f4571  _EQEP1_INT_ISR                  
0     003f457b  _EQEP2_INT_ISR                  
1     00006b00  _EQep1Regs                      
1     00006b40  _EQep2Regs                      
1     0000a014  _ERROR                          
1     00000d01  _EmuBMode                       
1     00000d00  _EmuKey                         
0     003f5218  _EnableInterrupts               
0     003f4f10  _ExtOscSel                      
0     003f52e6  _F8X16                          
1     00000a80  _FlashRegs                      
1     00000d04  _Flash_CPUScaleFactor           
1     00000d02  _Flash_CallbackPtr              
1     00006f80  _GpioCtrlRegs                   
1     00006fc0  _GpioDataRegs                   
1     00006fe0  _GpioIntRegs                    
0     003f455d  _HRCAP1_INT_ISR                 
0     003f4567  _HRCAP2_INT_ISR                 
0     003f4585  _HRCAP3_INT_ISR                 
0     003f458f  _HRCAP4_INT_ISR                 
1     00006ac0  _HRCap1Regs                     
1     00006ae0  _HRCap2Regs                     
1     00006c80  _HRCap3Regs                     
1     00006ca0  _HRCap4Regs                     
0     003f58d6  _Hzk                            
0     003f461b  _I2CINT1A_ISR                   
0     003f4625  _I2CINT2A_ISR                   
0     003f4ffe  _I2C_Ack3                       
0     003f5014  _I2C_NAck3                      
0     003f502a  _I2C_Start3                     
0     003f504c  _I2C_Stop3                      
1     00007900  _I2caRegs                       
0     003f43d7  _ILLEGAL_ISR                    
0     003f439b  _INT13_ISR                      
0     003f43a5  _INT14_ISR                      
1     0000a01a  _I_in                           
1     0000a01e  _I_sum                          
1     0000a00c  _Iin                            
0     003f4777  _InitADC                        
0     003f49d1  _InitAdc                        
0     003f49fa  _InitAdcAio                     
0     003f4f26  _InitEPwm                       
0     003f4f38  _InitEPwm1Gpio                  
0     003f4f4a  _InitEPwm2Gpio                  
0     003f4f5c  _InitEPwm3Gpio                  
0     003f4f70  _InitEPwm4Gpio                  
0     003f4f84  _InitEPwm5Gpio                  
0     003f4f96  _InitEPwm6Gpio                  
0     003f4fa8  _InitEPwm7Gpio                  
0     003f4fba  _InitEPwm8Gpio                  
0     003f4f27  _InitEPwmGpio                   
0     003f4fcc  _InitEPwmSyncGpio               
0     00008000  _InitFlash                      
0     003f4e4a  _InitPeripheralClocks           
0     003f51f9  _InitPieCtrl                    
0     003f5221  _InitPieVectTable               
0     003f4dc8  _InitPll                        
0     003f4e1c  _InitPll2                       
0     003f4d9c  _InitSysCtrl                    
0     003f4fdd  _InitTzGpio                     
0     003f49b5  _Init_KEY                       
0     003f4ed1  _IntOsc1Sel                     
0     003f4ee1  _IntOsc2Sel                     
1     0000a010  _Iref                           
0     003f4986  _KEY_Control                    
0     003f4965  _KEY_Scan                       
0     003f470b  _LUF_ISR                        
0     003f4701  _LVF_ISR                        
0     003f45cb  _MRINTA_ISR                     
0     003f45d5  _MXINTA_ISR                     
1     00005000  _McbspaRegs                     
0     003f43cd  _NMI_ISR                        
1     0000a003  _N_key                          
1     00007060  _NmiIntruptRegs                 
0     003f413c  _OLED_Clean                     
0     003f4302  _OLED_DrawPoint                 
0     003f4362  _OLED_DrawSin                   
0     003f434c  _OLED_ErasePoint                
0     003f415c  _OLED_Fill                      
0     003f4024  _OLED_Init                      
0     003f4280  _OLED_OFF                       
0     003f4276  _OLED_ON                        
0     003f4086  _OLED_SetPos                    
0     003f428a  _OLED_ShowCHinese               
0     003f4099  _OLED_ShowChar                  
0     003f417c  _OLED_ShowFloat                 
0     003f40f4  _OLED_ShowNum                   
0     003f40da  _OLED_ShowString                
0     003f5062  _OLED_WriteByte                 
0     003f4000  _OLED_WriteCommand              
0     003f4012  _OLED_WriteData                 
0     003f4941  _OLED_output                    
0     003f48f1  _PID_Cal                        
0     003f48bf  _PID_FirstOrderFilter1          
0     003f48d8  _PID_FirstOrderFilter2          
0     003f489e  _PID_Init                       
1     0000a012  _PID_U_REF                      
0     003f4722  _PIE_RESERVED                   
1     003d7e80  _PartIdRegs                     
1     00000ce0  _PieCtrlRegs                    
1     00000d00  _PieVectTable                   
0     003f5b36  _PieVectTableInit               
0     003f43b9  _RTOSINT_ISR                    
1     0000a016  _R_vir                          
0     003e801f  _RamfuncsLoadEnd                
abs   0000001f  _RamfuncsLoadSize               
0     003e8000  _RamfuncsLoadStart              
0     00008000  _RamfuncsRunStart               
0     003f462f  _SCIRXINTA_ISR                  
0     003f4643  _SCIRXINTB_ISR                  
0     003f4639  _SCITXINTA_ISR                  
0     003f464d  _SCITXINTB_ISR                  
0     003f45a3  _SPIRXINTA_ISR                  
0     003f45b7  _SPIRXINTB_ISR                  
0     003f45ad  _SPITXINTA_ISR                  
0     003f45c1  _SPITXINTB_ISR                  
1     00007050  _SciaRegs                       
1     00007750  _ScibRegs                       
0     003f4db6  _ServiceDog                     
0     003f52df  _SetDBGIER                      
1     00007040  _SpiaRegs                       
1     00007740  _SpibRegs                       
1     00007010  _SysCtrlRegs                    
1     00000985  _SysPwrCtrlRegs                 
0     003f448b  _TINT0_ISR                      
0     003f4599  _USB0_INT_ISR                   
0     003f443b  _USER10_ISR                     
0     003f4445  _USER11_ISR                     
0     003f444f  _USER12_ISR                     
0     003f43e1  _USER1_ISR                      
0     003f43eb  _USER2_ISR                      
0     003f43f5  _USER3_ISR                      
0     003f43ff  _USER4_ISR                      
0     003f4409  _USER5_ISR                      
0     003f4413  _USER6_ISR                      
0     003f441d  _USER7_ISR                      
0     003f4427  _USER8_ISR                      
0     003f4431  _USER9_ISR                      
1     0000a018  _U_in                           
1     0000a01c  _U_sum                          
1     0000a00a  _Uin                            
1     0000a00e  _Uref                           
1     00004000  _Usb0Regs                       
0     003f4495  _WAKEINT_ISR                    
0     003f446d  _XINT1_ISR                      
0     003f4477  _XINT2_ISR                      
0     003f46f7  _XINT3_ISR                      
1     00007070  _XIntruptRegs                   
0     003f4ef5  _XtalOscSel                     
1     00000350  __STACK_END                     
abs   00000300  __STACK_SIZE                    
1     0000a03c  ___TI_cleanup_ptr               
1     0000a03e  ___TI_dtors_ptr                 
1     0000a03a  ___TI_enable_exit_profile_output
abs   ffffffff  ___TI_pprof_out_hndl            
abs   ffffffff  ___TI_prof_data_size            
abs   ffffffff  ___TI_prof_data_start           
abs   ffffffff  ___binit__                      
abs   ffffffff  ___c_args__                     
0     003f5c46  ___cinit__                      
0     003f52e5  ___etext__                      
abs   ffffffff  ___pinit__                      
0     003f4000  ___text__                       
0     003f52aa  __args_main                     
1     0000a062  __lock                          
0     003f52cf  __nop                           
0     003f52cb  __register_lock                 
0     003f52c7  __register_unlock               
1     00000050  __stack                         
0     003f52e4  __system_post_cinit             
0     003f52e2  __system_pre_init               
1     0000a064  __unlock                        
1     0000a020  _a1                             
1     0000a024  _a2                             
0     003f51d0  _abort                          
0     003f4c1d  _adc_isr                        
0     003f517a  _c_int00                        
0     003f5247  _copy_in                        
1     0000a007  _ct                             
1     0000a022  _datalast1                      
1     0000a026  _datalast2                      
0     003f4c08  _epwm1_isr                      
0     003f484c  _epwm1set                       
0     003f51d2  _exit                           
1     0000a005  _g_i                            
1     0000a004  _g_j                            
1     0000a006  _g_k                            
1     0000a002  _key                            
0     003f4736  _main                           
0     003f528d  _memcpy                         
1     0000a008  _num                            
0     003f4205  _num2char                       
1     0000a028  _pid                            
0     003f472c  _rsvd_ISR                       
0     003f5114  _sin                            
0     003f5114  _sinf                           
1     0000a000  _tag                            
1     0000a001  _tag_last                       
abs   ffffffff  binit                           
0     003f5c46  cinit                           
0     003f7ff6  code_start                      
0     003f52e5  etext                           
abs   ffffffff  pinit                           


GLOBAL SYMBOLS: SORTED BY Symbol Address 

page  address   name                            
----  -------   ----                            
0     00008000  _InitFlash                      
0     00008000  _RamfuncsRunStart               
0     0000801b  _DSP28x_usDelay                 
0     003e8000  _RamfuncsLoadStart              
0     003e801f  _RamfuncsLoadEnd                
0     003f4000  .text                           
0     003f4000  _OLED_WriteCommand              
0     003f4000  ___text__                       
0     003f4012  _OLED_WriteData                 
0     003f4024  _OLED_Init                      
0     003f4086  _OLED_SetPos                    
0     003f4099  _OLED_ShowChar                  
0     003f40da  _OLED_ShowString                
0     003f40f4  _OLED_ShowNum                   
0     003f413c  _OLED_Clean                     
0     003f415c  _OLED_Fill                      
0     003f417c  _OLED_ShowFloat                 
0     003f4205  _num2char                       
0     003f4276  _OLED_ON                        
0     003f4280  _OLED_OFF                       
0     003f428a  _OLED_ShowCHinese               
0     003f4302  _OLED_DrawPoint                 
0     003f434c  _OLED_ErasePoint                
0     003f4362  _OLED_DrawSin                   
0     003f439b  _INT13_ISR                      
0     003f43a5  _INT14_ISR                      
0     003f43af  _DATALOG_ISR                    
0     003f43b9  _RTOSINT_ISR                    
0     003f43c3  _EMUINT_ISR                     
0     003f43cd  _NMI_ISR                        
0     003f43d7  _ILLEGAL_ISR                    
0     003f43e1  _USER1_ISR                      
0     003f43eb  _USER2_ISR                      
0     003f43f5  _USER3_ISR                      
0     003f43ff  _USER4_ISR                      
0     003f4409  _USER5_ISR                      
0     003f4413  _USER6_ISR                      
0     003f441d  _USER7_ISR                      
0     003f4427  _USER8_ISR                      
0     003f4431  _USER9_ISR                      
0     003f443b  _USER10_ISR                     
0     003f4445  _USER11_ISR                     
0     003f444f  _USER12_ISR                     
0     003f4459  _ADCINT1_ISR                    
0     003f4463  _ADCINT2_ISR                    
0     003f446d  _XINT1_ISR                      
0     003f4477  _XINT2_ISR                      
0     003f4481  _ADCINT9_ISR                    
0     003f448b  _TINT0_ISR                      
0     003f4495  _WAKEINT_ISR                    
0     003f449f  _EPWM1_TZINT_ISR                
0     003f44a9  _EPWM2_TZINT_ISR                
0     003f44b3  _EPWM3_TZINT_ISR                
0     003f44bd  _EPWM4_TZINT_ISR                
0     003f44c7  _EPWM5_TZINT_ISR                
0     003f44d1  _EPWM6_TZINT_ISR                
0     003f44db  _EPWM7_TZINT_ISR                
0     003f44e5  _EPWM8_TZINT_ISR                
0     003f44ef  _EPWM1_INT_ISR                  
0     003f44f9  _EPWM2_INT_ISR                  
0     003f4503  _EPWM3_INT_ISR                  
0     003f450d  _EPWM4_INT_ISR                  
0     003f4517  _EPWM5_INT_ISR                  
0     003f4521  _EPWM6_INT_ISR                  
0     003f452b  _EPWM7_INT_ISR                  
0     003f4535  _EPWM8_INT_ISR                  
0     003f453f  _ECAP1_INT_ISR                  
0     003f4549  _ECAP2_INT_ISR                  
0     003f4553  _ECAP3_INT_ISR                  
0     003f455d  _HRCAP1_INT_ISR                 
0     003f4567  _HRCAP2_INT_ISR                 
0     003f4571  _EQEP1_INT_ISR                  
0     003f457b  _EQEP2_INT_ISR                  
0     003f4585  _HRCAP3_INT_ISR                 
0     003f458f  _HRCAP4_INT_ISR                 
0     003f4599  _USB0_INT_ISR                   
0     003f45a3  _SPIRXINTA_ISR                  
0     003f45ad  _SPITXINTA_ISR                  
0     003f45b7  _SPIRXINTB_ISR                  
0     003f45c1  _SPITXINTB_ISR                  
0     003f45cb  _MRINTA_ISR                     
0     003f45d5  _MXINTA_ISR                     
0     003f45df  _DINTCH1_ISR                    
0     003f45e9  _DINTCH2_ISR                    
0     003f45f3  _DINTCH3_ISR                    
0     003f45fd  _DINTCH4_ISR                    
0     003f4607  _DINTCH5_ISR                    
0     003f4611  _DINTCH6_ISR                    
0     003f461b  _I2CINT1A_ISR                   
0     003f4625  _I2CINT2A_ISR                   
0     003f462f  _SCIRXINTA_ISR                  
0     003f4639  _SCITXINTA_ISR                  
0     003f4643  _SCIRXINTB_ISR                  
0     003f464d  _SCITXINTB_ISR                  
0     003f4657  _ECAN0INTA_ISR                  
0     003f4661  _ECAN1INTA_ISR                  
0     003f466b  _ADCINT3_ISR                    
0     003f4675  _ADCINT4_ISR                    
0     003f467f  _ADCINT5_ISR                    
0     003f4689  _ADCINT6_ISR                    
0     003f4693  _ADCINT7_ISR                    
0     003f469d  _ADCINT8_ISR                    
0     003f46a7  _CLA1_INT1_ISR                  
0     003f46b1  _CLA1_INT2_ISR                  
0     003f46bb  _CLA1_INT3_ISR                  
0     003f46c5  _CLA1_INT4_ISR                  
0     003f46cf  _CLA1_INT5_ISR                  
0     003f46d9  _CLA1_INT6_ISR                  
0     003f46e3  _CLA1_INT7_ISR                  
0     003f46ed  _CLA1_INT8_ISR                  
0     003f46f7  _XINT3_ISR                      
0     003f4701  _LVF_ISR                        
0     003f470b  _LUF_ISR                        
0     003f4715  _EMPTY_ISR                      
0     003f4722  _PIE_RESERVED                   
0     003f472c  _rsvd_ISR                       
0     003f4736  _main                           
0     003f4777  _InitADC                        
0     003f4821  _EPWM_Init                      
0     003f484c  _epwm1set                       
0     003f489e  _PID_Init                       
0     003f48bf  _PID_FirstOrderFilter1          
0     003f48d8  _PID_FirstOrderFilter2          
0     003f48f1  _PID_Cal                        
0     003f4941  _OLED_output                    
0     003f4965  _KEY_Scan                       
0     003f4986  _KEY_Control                    
0     003f49b5  _Init_KEY                       
0     003f49d1  _InitAdc                        
0     003f49fa  _InitAdcAio                     
0     003f4a1c  _AdcOffsetSelfCal               
0     003f4a43  _AdcChanSelect                  
0     003f4ab8  _AdcConversion                  
0     003f4c08  _epwm1_isr                      
0     003f4c1d  _adc_isr                        
0     003f4d9c  _InitSysCtrl                    
0     003f4db6  _ServiceDog                     
0     003f4dc0  _DisableDog                     
0     003f4dc8  _InitPll                        
0     003f4e1c  _InitPll2                       
0     003f4e4a  _InitPeripheralClocks           
0     003f4ea0  _CsmUnlock                      
0     003f4ed1  _IntOsc1Sel                     
0     003f4ee1  _IntOsc2Sel                     
0     003f4ef5  _XtalOscSel                     
0     003f4f10  _ExtOscSel                      
0     003f4f26  _InitEPwm                       
0     003f4f27  _InitEPwmGpio                   
0     003f4f38  _InitEPwm1Gpio                  
0     003f4f4a  _InitEPwm2Gpio                  
0     003f4f5c  _InitEPwm3Gpio                  
0     003f4f70  _InitEPwm4Gpio                  
0     003f4f84  _InitEPwm5Gpio                  
0     003f4f96  _InitEPwm6Gpio                  
0     003f4fa8  _InitEPwm7Gpio                  
0     003f4fba  _InitEPwm8Gpio                  
0     003f4fcc  _InitEPwmSyncGpio               
0     003f4fdd  _InitTzGpio                     
0     003f4ffe  _I2C_Ack3                       
0     003f5014  _I2C_NAck3                      
0     003f502a  _I2C_Start3                     
0     003f504c  _I2C_Stop3                      
0     003f5062  _OLED_WriteByte                 
0     003f508c  FS$$DIV                         
0     003f5114  _sin                            
0     003f5114  _sinf                           
0     003f517a  _c_int00                        
0     003f51d0  C$$EXIT                         
0     003f51d0  _abort                          
0     003f51d2  _exit                           
0     003f51f9  _InitPieCtrl                    
0     003f5218  _EnableInterrupts               
0     003f5221  _InitPieVectTable               
0     003f5247  _copy_in                        
0     003f526b  I$$DIV                          
0     003f527c  I$$MOD                          
0     003f528d  _memcpy                         
0     003f52aa  __args_main                     
0     003f52bc  U$$DIV                          
0     003f52c1  U$$MOD                          
0     003f52c7  __register_unlock               
0     003f52cb  __register_lock                 
0     003f52cf  __nop                           
0     003f52d8  _DSP28x_DisableInt              
0     003f52dc  _DSP28x_RestoreInt              
0     003f52df  _SetDBGIER                      
0     003f52e2  __system_pre_init               
0     003f52e4  __system_post_cinit             
0     003f52e5  ___etext__                      
0     003f52e5  etext                           
0     003f52e6  _F8X16                          
0     003f58d6  _Hzk                            
0     003f5b36  _PieVectTableInit               
0     003f5c46  ___cinit__                      
0     003f5c46  cinit                           
0     003f7ff6  code_start                      
1     00000050  __stack                         
1     00000350  __STACK_END                     
1     00000880  _DevEmuRegs                     
1     00000985  _SysPwrCtrlRegs                 
1     00000a80  _FlashRegs                      
1     00000ae0  _CsmRegs                        
1     00000b00  _AdcResult                      
1     00000c00  _CpuTimer0Regs                  
1     00000c08  _CpuTimer1Regs                  
1     00000c10  _CpuTimer2Regs                  
1     00000ce0  _PieCtrlRegs                    
1     00000d00  _EmuKey                         
1     00000d00  _PieVectTable                   
1     00000d01  _EmuBMode                       
1     00000d02  _Flash_CallbackPtr              
1     00000d04  _Flash_CPUScaleFactor           
1     00001000  _DmaRegs                        
1     00001400  _Cla1Regs                       
1     00004000  _Usb0Regs                       
1     00005000  _McbspaRegs                     
1     00006000  _ECanaRegs                      
1     00006040  _ECanaLAMRegs                   
1     00006080  _ECanaMOTSRegs                  
1     000060c0  _ECanaMOTORegs                  
1     00006100  _ECanaMboxes                    
1     00006400  _Comp1Regs                      
1     00006420  _Comp2Regs                      
1     00006440  _Comp3Regs                      
1     00006800  _EPwm1Regs                      
1     00006840  _EPwm2Regs                      
1     00006880  _EPwm3Regs                      
1     000068c0  _EPwm4Regs                      
1     00006900  _EPwm5Regs                      
1     00006940  _EPwm6Regs                      
1     00006980  _EPwm7Regs                      
1     000069c0  _EPwm8Regs                      
1     00006a00  _ECap1Regs                      
1     00006a20  _ECap2Regs                      
1     00006a40  _ECap3Regs                      
1     00006ac0  _HRCap1Regs                     
1     00006ae0  _HRCap2Regs                     
1     00006b00  _EQep1Regs                      
1     00006b40  _EQep2Regs                      
1     00006c80  _HRCap3Regs                     
1     00006ca0  _HRCap4Regs                     
1     00006f80  _GpioCtrlRegs                   
1     00006fc0  _GpioDataRegs                   
1     00006fe0  _GpioIntRegs                    
1     00007010  _SysCtrlRegs                    
1     00007040  _SpiaRegs                       
1     00007050  _SciaRegs                       
1     00007060  _NmiIntruptRegs                 
1     00007070  _XIntruptRegs                   
1     00007100  _AdcRegs                        
1     00007740  _SpibRegs                       
1     00007750  _ScibRegs                       
1     00007900  _I2caRegs                       
1     0000a000  _tag                            
1     0000a001  _tag_last                       
1     0000a002  _key                            
1     0000a003  _N_key                          
1     0000a004  _g_j                            
1     0000a005  _g_i                            
1     0000a006  _g_k                            
1     0000a007  _ct                             
1     0000a008  _num                            
1     0000a00a  _Uin                            
1     0000a00c  _Iin                            
1     0000a00e  _Uref                           
1     0000a010  _Iref                           
1     0000a012  _PID_U_REF                      
1     0000a014  _ERROR                          
1     0000a016  _R_vir                          
1     0000a018  _U_in                           
1     0000a01a  _I_in                           
1     0000a01c  _U_sum                          
1     0000a01e  _I_sum                          
1     0000a020  _a1                             
1     0000a022  _datalast1                      
1     0000a024  _a2                             
1     0000a026  _datalast2                      
1     0000a028  _pid                            
1     0000a03a  ___TI_enable_exit_profile_output
1     0000a03c  ___TI_cleanup_ptr               
1     0000a03e  ___TI_dtors_ptr                 
1     0000a040  _CpuTimer0                      
1     0000a048  _CpuTimer1                      
1     0000a050  _CpuTimer2                      
1     0000a062  __lock                          
1     0000a064  __unlock                        
1     003d7e80  _PartIdRegs                     
1     003f7ff8  _CsmPwl                         
abs   0000001f  _RamfuncsLoadSize               
abs   00000300  __STACK_SIZE                    
abs   ffffffff  ___TI_pprof_out_hndl            
abs   ffffffff  ___TI_prof_data_size            
abs   ffffffff  ___TI_prof_data_start           
abs   ffffffff  ___binit__                      
abs   ffffffff  ___c_args__                     
abs   ffffffff  ___pinit__                      
abs   ffffffff  binit                           
abs   ffffffff  pinit                           

[298 symbols]
