<?xml version="1.0" encoding="ISO-8859-1" ?>
<link_info>
   <banner>TMS320C2000 Linker PC v22.6.1.LTS</banner>
   <copyright>Copyright (c) 1996-2018 Texas Instruments Incorporated</copyright>
   <link_time>0x6a0fbecf</link_time>
   <link_errors>0x0</link_errors>
   <output_file>JIXUN1_SPWM.out</output_file>
   <entry_point>
      <name>_c_int00</name>
      <address>0x3f5533</address>
   </entry_point>
   <input_file_list>
      <input_file id="fl-2">
         <path>.\</path>
         <kind>object</kind>
         <file>main.obj</file>
         <name>main.obj</name>
      </input_file>
      <input_file id="fl-3">
         <path>.\F2806x_common\source\</path>
         <kind>object</kind>
         <file>F2806x_Adc.obj</file>
         <name>F2806x_Adc.obj</name>
      </input_file>
      <input_file id="fl-4">
         <path>.\F2806x_common\source\</path>
         <kind>object</kind>
         <file>F2806x_CSMPasswords.obj</file>
         <name>F2806x_CSMPasswords.obj</name>
      </input_file>
      <input_file id="fl-5">
         <path>.\F2806x_common\source\</path>
         <kind>object</kind>
         <file>F2806x_CodeStartBranch.obj</file>
         <name>F2806x_CodeStartBranch.obj</name>
      </input_file>
      <input_file id="fl-6">
         <path>.\F2806x_common\source\</path>
         <kind>object</kind>
         <file>F2806x_Comp.obj</file>
         <name>F2806x_Comp.obj</name>
      </input_file>
      <input_file id="fl-7">
         <path>.\F2806x_common\source\</path>
         <kind>object</kind>
         <file>F2806x_CpuTimers.obj</file>
         <name>F2806x_CpuTimers.obj</name>
      </input_file>
      <input_file id="fl-8">
         <path>.\F2806x_common\source\</path>
         <kind>object</kind>
         <file>F2806x_DBGIER.obj</file>
         <name>F2806x_DBGIER.obj</name>
      </input_file>
      <input_file id="fl-9">
         <path>.\F2806x_common\source\</path>
         <kind>object</kind>
         <file>F2806x_DefaultIsr.obj</file>
         <name>F2806x_DefaultIsr.obj</name>
      </input_file>
      <input_file id="fl-a">
         <path>.\F2806x_common\source\</path>
         <kind>object</kind>
         <file>F2806x_DisInt.obj</file>
         <name>F2806x_DisInt.obj</name>
      </input_file>
      <input_file id="fl-b">
         <path>.\F2806x_common\source\</path>
         <kind>object</kind>
         <file>F2806x_Dma.obj</file>
         <name>F2806x_Dma.obj</name>
      </input_file>
      <input_file id="fl-c">
         <path>.\F2806x_common\source\</path>
         <kind>object</kind>
         <file>F2806x_ECan.obj</file>
         <name>F2806x_ECan.obj</name>
      </input_file>
      <input_file id="fl-d">
         <path>.\F2806x_common\source\</path>
         <kind>object</kind>
         <file>F2806x_ECap.obj</file>
         <name>F2806x_ECap.obj</name>
      </input_file>
      <input_file id="fl-e">
         <path>.\F2806x_common\source\</path>
         <kind>object</kind>
         <file>F2806x_EPwm.obj</file>
         <name>F2806x_EPwm.obj</name>
      </input_file>
      <input_file id="fl-f">
         <path>.\F2806x_common\source\</path>
         <kind>object</kind>
         <file>F2806x_EQep.obj</file>
         <name>F2806x_EQep.obj</name>
      </input_file>
      <input_file id="fl-10">
         <path>.\F2806x_common\source\</path>
         <kind>object</kind>
         <file>F2806x_Gpio.obj</file>
         <name>F2806x_Gpio.obj</name>
      </input_file>
      <input_file id="fl-11">
         <path>.\F2806x_common\source\</path>
         <kind>object</kind>
         <file>F2806x_HRCap.obj</file>
         <name>F2806x_HRCap.obj</name>
      </input_file>
      <input_file id="fl-12">
         <path>.\F2806x_common\source\</path>
         <kind>object</kind>
         <file>F2806x_Mcbsp.obj</file>
         <name>F2806x_Mcbsp.obj</name>
      </input_file>
      <input_file id="fl-13">
         <path>.\F2806x_common\source\</path>
         <kind>object</kind>
         <file>F2806x_OscComp.obj</file>
         <name>F2806x_OscComp.obj</name>
      </input_file>
      <input_file id="fl-14">
         <path>.\F2806x_common\source\</path>
         <kind>object</kind>
         <file>F2806x_PieCtrl.obj</file>
         <name>F2806x_PieCtrl.obj</name>
      </input_file>
      <input_file id="fl-15">
         <path>.\F2806x_common\source\</path>
         <kind>object</kind>
         <file>F2806x_PieVect.obj</file>
         <name>F2806x_PieVect.obj</name>
      </input_file>
      <input_file id="fl-16">
         <path>.\F2806x_common\source\</path>
         <kind>object</kind>
         <file>F2806x_Sci.obj</file>
         <name>F2806x_Sci.obj</name>
      </input_file>
      <input_file id="fl-17">
         <path>.\F2806x_common\source\</path>
         <kind>object</kind>
         <file>F2806x_Spi.obj</file>
         <name>F2806x_Spi.obj</name>
      </input_file>
      <input_file id="fl-18">
         <path>.\F2806x_common\source\</path>
         <kind>object</kind>
         <file>F2806x_SysCtrl.obj</file>
         <name>F2806x_SysCtrl.obj</name>
      </input_file>
      <input_file id="fl-19">
         <path>.\F2806x_common\source\</path>
         <kind>object</kind>
         <file>F2806x_TempSensorConv.obj</file>
         <name>F2806x_TempSensorConv.obj</name>
      </input_file>
      <input_file id="fl-1a">
         <path>.\F2806x_common\source\</path>
         <kind>object</kind>
         <file>F2806x_usDelay.obj</file>
         <name>F2806x_usDelay.obj</name>
      </input_file>
      <input_file id="fl-1b">
         <path>.\F2806x_common\source\</path>
         <kind>object</kind>
         <file>iic.obj</file>
         <name>iic.obj</name>
      </input_file>
      <input_file id="fl-1c">
         <path>.\F2806x_common\source\</path>
         <kind>object</kind>
         <file>oled.obj</file>
         <name>oled.obj</name>
      </input_file>
      <input_file id="fl-1d">
         <path>.\F2806x_headers\source\</path>
         <kind>object</kind>
         <file>F2806x_GlobalVariableDefs.obj</file>
         <name>F2806x_GlobalVariableDefs.obj</name>
      </input_file>
      <input_file id="fl-26">
         <kind>object</kind>
         <file>&lt;internal&gt;</file>
         <name>&lt;internal&gt;</name>
      </input_file>
      <input_file id="fl-32">
         <path>C:\ti\ccs1250\ccs\tools\compiler\ti-cgt-c2000_22.6.1.LTS\lib\</path>
         <kind>archive</kind>
         <file>rts2800_fpu32.lib</file>
         <name>e_sqrtf.c.obj</name>
      </input_file>
      <input_file id="fl-33">
         <path>C:\ti\ccs1250\ccs\tools\compiler\ti-cgt-c2000_22.6.1.LTS\lib\</path>
         <kind>archive</kind>
         <file>rts2800_fpu32.lib</file>
         <name>s_cosf.c.obj</name>
      </input_file>
      <input_file id="fl-34">
         <path>C:\ti\ccs1250\ccs\tools\compiler\ti-cgt-c2000_22.6.1.LTS\lib\</path>
         <kind>archive</kind>
         <file>rts2800_fpu32.lib</file>
         <name>s_sinf.c.obj</name>
      </input_file>
      <input_file id="fl-35">
         <path>C:\ti\ccs1250\ccs\tools\compiler\ti-cgt-c2000_22.6.1.LTS\lib\</path>
         <kind>archive</kind>
         <file>rts2800_fpu32.lib</file>
         <name>boot28.asm.obj</name>
      </input_file>
      <input_file id="fl-36">
         <path>C:\ti\ccs1250\ccs\tools\compiler\ti-cgt-c2000_22.6.1.LTS\lib\</path>
         <kind>archive</kind>
         <file>rts2800_fpu32.lib</file>
         <name>fs_div28.asm.obj</name>
      </input_file>
      <input_file id="fl-37">
         <path>C:\ti\ccs1250\ccs\tools\compiler\ti-cgt-c2000_22.6.1.LTS\lib\</path>
         <kind>archive</kind>
         <file>rts2800_fpu32.lib</file>
         <name>i_div28.asm.obj</name>
      </input_file>
      <input_file id="fl-38">
         <path>C:\ti\ccs1250\ccs\tools\compiler\ti-cgt-c2000_22.6.1.LTS\lib\</path>
         <kind>archive</kind>
         <file>rts2800_fpu32.lib</file>
         <name>u_div28.asm.obj</name>
      </input_file>
      <input_file id="fl-39">
         <path>C:\ti\ccs1250\ccs\tools\compiler\ti-cgt-c2000_22.6.1.LTS\lib\</path>
         <kind>archive</kind>
         <file>rts2800_fpu32.lib</file>
         <name>cpy_tbl.c.obj</name>
      </input_file>
      <input_file id="fl-3a">
         <path>C:\ti\ccs1250\ccs\tools\compiler\ti-cgt-c2000_22.6.1.LTS\lib\</path>
         <kind>archive</kind>
         <file>rts2800_fpu32.lib</file>
         <name>memcpy.c.obj</name>
      </input_file>
      <input_file id="fl-3b">
         <path>C:\ti\ccs1250\ccs\tools\compiler\ti-cgt-c2000_22.6.1.LTS\lib\</path>
         <kind>archive</kind>
         <file>rts2800_fpu32.lib</file>
         <name>pre_init.c.obj</name>
      </input_file>
      <input_file id="fl-3c">
         <path>C:\ti\ccs1250\ccs\tools\compiler\ti-cgt-c2000_22.6.1.LTS\lib\</path>
         <kind>archive</kind>
         <file>rts2800_fpu32.lib</file>
         <name>startup.c.obj</name>
      </input_file>
      <input_file id="fl-3d">
         <path>C:\ti\ccs1250\ccs\tools\compiler\ti-cgt-c2000_22.6.1.LTS\lib\</path>
         <kind>archive</kind>
         <file>rts2800_fpu32.lib</file>
         <name>exit.c.obj</name>
      </input_file>
      <input_file id="fl-3e">
         <path>C:\ti\ccs1250\ccs\tools\compiler\ti-cgt-c2000_22.6.1.LTS\lib\</path>
         <kind>archive</kind>
         <file>rts2800_fpu32.lib</file>
         <name>_lock.c.obj</name>
      </input_file>
      <input_file id="fl-3f">
         <path>C:\ti\ccs1250\ccs\tools\compiler\ti-cgt-c2000_22.6.1.LTS\lib\</path>
         <kind>archive</kind>
         <file>rts2800_fpu32.lib</file>
         <name>args_main.c.obj</name>
      </input_file>
      <input_file id="fl-40">
         <path>C:\ti\ccs1250\ccs\tools\compiler\ti-cgt-c2000_22.6.1.LTS\lib\</path>
         <kind>archive</kind>
         <file>rts2800_fpu32.lib</file>
         <name>errno.c.obj</name>
      </input_file>
   </input_file_list>
   <object_component_list>
      <object_component id="oc-55">
         <name>.cinit</name>
         <load_address>0x3f602e</load_address>
         <run_address>0x3f602e</run_address>
         <size>0x118</size>
         <input_file_ref idref="fl-2"/>
      </object_component>
      <object_component id="oc-153">
         <name>.cinit</name>
         <load_address>0x3f6146</load_address>
         <run_address>0x3f6146</run_address>
         <size>0xe</size>
         <input_file_ref idref="fl-3d"/>
      </object_component>
      <object_component id="oc-183">
         <name>.cinit:_table</name>
         <load_address>0x3f6154</load_address>
         <run_address>0x3f6154</run_address>
         <size>0xd</size>
         <input_file_ref idref="fl-1c"/>
      </object_component>
      <object_component id="oc-17a">
         <name>.cinit:_tag_list</name>
         <load_address>0x3f6161</load_address>
         <run_address>0x3f6161</run_address>
         <size>0x7</size>
         <input_file_ref idref="fl-2"/>
      </object_component>
      <object_component id="oc-171">
         <name>.cinit:__lock</name>
         <load_address>0x3f6168</load_address>
         <run_address>0x3f6168</run_address>
         <size>0x5</size>
         <input_file_ref idref="fl-3e"/>
      </object_component>
      <object_component id="oc-17e">
         <name>.cinit:__unlock</name>
         <load_address>0x3f616d</load_address>
         <run_address>0x3f616d</run_address>
         <size>0x5</size>
         <input_file_ref idref="fl-3e"/>
      </object_component>
      <object_component id="oc-164">
         <name>.cinit</name>
         <load_address>0x3f6172</load_address>
         <run_address>0x3f6172</run_address>
         <size>0x4</size>
         <input_file_ref idref="fl-40"/>
      </object_component>
      <object_component id="oc-16c">
         <name>.text</name>
         <load_address>0x3f4000</load_address>
         <run_address>0x3f4000</run_address>
         <size>0x5c6</size>
         <input_file_ref idref="fl-2"/>
      </object_component>
      <object_component id="oc-7b">
         <name>.text:retain</name>
         <load_address>0x3f45c6</load_address>
         <run_address>0x3f45c6</run_address>
         <size>0x39b</size>
         <input_file_ref idref="fl-9"/>
      </object_component>
      <object_component id="oc-175">
         <name>.text</name>
         <load_address>0x3f4961</load_address>
         <run_address>0x3f4961</run_address>
         <size>0x389</size>
         <input_file_ref idref="fl-1c"/>
      </object_component>
      <object_component id="oc-17b">
         <name>.text</name>
         <load_address>0x3f4cea</load_address>
         <run_address>0x3f4cea</run_address>
         <size>0x237</size>
         <input_file_ref idref="fl-3"/>
      </object_component>
      <object_component id="oc-57">
         <name>.text:retain</name>
         <load_address>0x3f4f21</load_address>
         <run_address>0x3f4f21</run_address>
         <size>0x1d1</size>
         <input_file_ref idref="fl-2"/>
      </object_component>
      <object_component id="oc-172">
         <name>.text</name>
         <load_address>0x3f50f2</load_address>
         <run_address>0x3f50f2</run_address>
         <size>0x18a</size>
         <input_file_ref idref="fl-18"/>
      </object_component>
      <object_component id="oc-17c">
         <name>.text</name>
         <load_address>0x3f527c</load_address>
         <run_address>0x3f527c</run_address>
         <size>0xd8</size>
         <input_file_ref idref="fl-e"/>
      </object_component>
      <object_component id="oc-180">
         <name>.text</name>
         <load_address>0x3f5354</load_address>
         <run_address>0x3f5354</run_address>
         <size>0x8e</size>
         <input_file_ref idref="fl-1b"/>
      </object_component>
      <object_component id="oc-12f">
         <name>.text</name>
         <load_address>0x3f53e2</load_address>
         <run_address>0x3f53e2</run_address>
         <size>0x88</size>
         <input_file_ref idref="fl-36"/>
      </object_component>
      <object_component id="oc-16d">
         <name>.text</name>
         <load_address>0x3f546a</load_address>
         <run_address>0x3f546a</run_address>
         <size>0x66</size>
         <input_file_ref idref="fl-34"/>
      </object_component>
      <object_component id="oc-177">
         <name>.text</name>
         <load_address>0x3f54d0</load_address>
         <run_address>0x3f54d0</run_address>
         <size>0x63</size>
         <input_file_ref idref="fl-33"/>
      </object_component>
      <object_component id="oc-53">
         <name>.text</name>
         <load_address>0x3f5533</load_address>
         <run_address>0x3f5533</run_address>
         <size>0x56</size>
         <input_file_ref idref="fl-35"/>
      </object_component>
      <object_component id="oc-16b">
         <name>.text</name>
         <load_address>0x3f5589</load_address>
         <run_address>0x3f5589</run_address>
         <size>0x29</size>
         <input_file_ref idref="fl-3d"/>
      </object_component>
      <object_component id="oc-173">
         <name>.text</name>
         <load_address>0x3f55b2</load_address>
         <run_address>0x3f55b2</run_address>
         <size>0x28</size>
         <input_file_ref idref="fl-14"/>
      </object_component>
      <object_component id="oc-178">
         <name>.text</name>
         <load_address>0x3f55da</load_address>
         <run_address>0x3f55da</run_address>
         <size>0x27</size>
         <input_file_ref idref="fl-32"/>
      </object_component>
      <object_component id="oc-174">
         <name>.text</name>
         <load_address>0x3f5601</load_address>
         <run_address>0x3f5601</run_address>
         <size>0x26</size>
         <input_file_ref idref="fl-15"/>
      </object_component>
      <object_component id="oc-168">
         <name>.text</name>
         <load_address>0x3f5627</load_address>
         <run_address>0x3f5627</run_address>
         <size>0x24</size>
         <input_file_ref idref="fl-39"/>
      </object_component>
      <object_component id="oc-134">
         <name>.text</name>
         <load_address>0x3f564b</load_address>
         <run_address>0x3f564b</run_address>
         <size>0x22</size>
         <input_file_ref idref="fl-37"/>
      </object_component>
      <object_component id="oc-16f">
         <name>.text</name>
         <load_address>0x3f566d</load_address>
         <run_address>0x3f566d</run_address>
         <size>0x1d</size>
         <input_file_ref idref="fl-3a"/>
      </object_component>
      <object_component id="oc-16a">
         <name>.text</name>
         <load_address>0x3f568a</load_address>
         <run_address>0x3f568a</run_address>
         <size>0x12</size>
         <input_file_ref idref="fl-3f"/>
      </object_component>
      <object_component id="oc-139">
         <name>.text</name>
         <load_address>0x3f569c</load_address>
         <run_address>0x3f569c</run_address>
         <size>0xb</size>
         <input_file_ref idref="fl-38"/>
      </object_component>
      <object_component id="oc-17d">
         <name>.text</name>
         <load_address>0x3f56a7</load_address>
         <run_address>0x3f56a7</run_address>
         <size>0x9</size>
         <input_file_ref idref="fl-3e"/>
      </object_component>
      <object_component id="oc-64">
         <name>.text</name>
         <load_address>0x3f56b0</load_address>
         <run_address>0x3f56b0</run_address>
         <size>0x8</size>
         <input_file_ref idref="fl-5"/>
      </object_component>
      <object_component id="oc-80">
         <name>.text</name>
         <load_address>0x3f56b8</load_address>
         <run_address>0x3f56b8</run_address>
         <size>0x7</size>
         <input_file_ref idref="fl-a"/>
      </object_component>
      <object_component id="oc-75">
         <name>.text</name>
         <load_address>0x3f56bf</load_address>
         <run_address>0x3f56bf</run_address>
         <size>0x3</size>
         <input_file_ref idref="fl-8"/>
      </object_component>
      <object_component id="oc-167">
         <name>.text</name>
         <load_address>0x3f56c2</load_address>
         <run_address>0x3f56c2</run_address>
         <size>0x2</size>
         <input_file_ref idref="fl-3b"/>
      </object_component>
      <object_component id="oc-169">
         <name>.text</name>
         <load_address>0x3f56c4</load_address>
         <run_address>0x3f56c4</run_address>
         <size>0x1</size>
         <input_file_ref idref="fl-3c"/>
      </object_component>
      <object_component id="oc-65">
         <name>codestart</name>
         <load_address>0x3f7ff6</load_address>
         <run_address>0x3f7ff6</run_address>
         <size>0x2</size>
         <input_file_ref idref="fl-5"/>
      </object_component>
      <object_component id="oc-d0">
         <name>ramfuncs</name>
         <load_address>0x3e8000</load_address>
         <run_address>0x8000</run_address>
         <size>0x4</size>
         <input_file_ref idref="fl-1a"/>
      </object_component>
      <object_component id="oc-62">
         <name>csmpasswds</name>
         <load_address>0x3f7ff8</load_address>
         <run_address>0x3f7ff8</run_address>
         <size>0x8</size>
         <input_file_ref idref="fl-4"/>
      </object_component>
      <object_component id="oc-63">
         <name>csm_rsvd</name>
         <load_address>0x3f7f80</load_address>
         <run_address>0x3f7f80</run_address>
         <size>0x76</size>
         <input_file_ref idref="fl-4"/>
      </object_component>
      <object_component id="oc-129">
         <name>.stack</name>
         <uninitialized>true</uninitialized>
         <run_address>0x50</run_address>
         <size>0x0</size>
         <input_file_ref idref="fl-35"/>
      </object_component>
      <object_component id="oc-1e0">
         <name>.stack</name>
         <uninitialized>true</uninitialized>
         <run_address>0x50</run_address>
         <size>0x0</size>
      </object_component>
      <object_component id="oc-56">
         <name>.ebss</name>
         <uninitialized>true</uninitialized>
         <run_address>0xa300</run_address>
         <size>0x94</size>
         <input_file_ref idref="fl-2"/>
      </object_component>
      <object_component id="oc-179">
         <name>.ebss:_tag_list</name>
         <uninitialized>true</uninitialized>
         <run_address>0xa2f8</run_address>
         <size>0x4</size>
         <input_file_ref idref="fl-2"/>
      </object_component>
      <object_component id="oc-16e">
         <name>.ebss:_sinx1</name>
         <uninitialized>true</uninitialized>
         <run_address>0xa000</run_address>
         <size>0x168</size>
         <input_file_ref idref="fl-2"/>
      </object_component>
      <object_component id="oc-176">
         <name>.ebss:_sinx2</name>
         <uninitialized>true</uninitialized>
         <run_address>0xa180</run_address>
         <size>0x168</size>
         <input_file_ref idref="fl-2"/>
      </object_component>
      <object_component id="oc-70">
         <name>.ebss</name>
         <uninitialized>true</uninitialized>
         <run_address>0xa168</run_address>
         <size>0x18</size>
         <input_file_ref idref="fl-7"/>
      </object_component>
      <object_component id="oc-182">
         <name>.ebss:_table</name>
         <uninitialized>true</uninitialized>
         <run_address>0xa2e8</run_address>
         <size>0xa</size>
         <input_file_ref idref="fl-1c"/>
      </object_component>
      <object_component id="oc-154">
         <name>.ebss</name>
         <uninitialized>true</uninitialized>
         <run_address>0xa2f2</run_address>
         <size>0x6</size>
         <input_file_ref idref="fl-3d"/>
      </object_component>
      <object_component id="oc-170">
         <name>.ebss:__lock</name>
         <uninitialized>true</uninitialized>
         <run_address>0xa2fc</run_address>
         <size>0x2</size>
         <input_file_ref idref="fl-3e"/>
      </object_component>
      <object_component id="oc-185">
         <name>.ebss:__unlock</name>
         <uninitialized>true</uninitialized>
         <run_address>0xa2fe</run_address>
         <size>0x2</size>
         <input_file_ref idref="fl-3e"/>
      </object_component>
      <object_component id="oc-165">
         <name>.ebss</name>
         <uninitialized>true</uninitialized>
         <run_address>0xa394</run_address>
         <size>0x1</size>
         <input_file_ref idref="fl-40"/>
      </object_component>
      <object_component id="oc-181">
         <name>.econst:.string:_F8X16</name>
         <load_address>0x3f56c6</load_address>
         <run_address>0x3f56c6</run_address>
         <size>0x5f0</size>
         <input_file_ref idref="fl-1c"/>
      </object_component>
      <object_component id="oc-184">
         <name>.econst:_Hzk</name>
         <load_address>0x3f5cb6</load_address>
         <run_address>0x3f5cb6</run_address>
         <size>0x260</size>
         <input_file_ref idref="fl-1c"/>
      </object_component>
      <object_component id="oc-17f">
         <name>.econst:_PieVectTableInit</name>
         <load_address>0x3f5f16</load_address>
         <run_address>0x3f5f16</run_address>
         <size>0x100</size>
         <input_file_ref idref="fl-15"/>
      </object_component>
      <object_component id="oc-58">
         <name>.econst:.string</name>
         <load_address>0x3f6016</load_address>
         <run_address>0x3f6016</run_address>
         <size>0x18</size>
         <input_file_ref idref="fl-2"/>
      </object_component>
      <object_component id="oc-12a">
         <name>.reset</name>
         <load_address>0x3fffc0</load_address>
         <run_address>0x3fffc0</run_address>
         <size>0x2</size>
         <input_file_ref idref="fl-35"/>
      </object_component>
      <object_component id="oc-117">
         <name>PieVectTableFile</name>
         <uninitialized>true</uninitialized>
         <run_address>0xd00</run_address>
         <size>0x100</size>
         <input_file_ref idref="fl-1d"/>
      </object_component>
      <object_component id="oc-e1">
         <name>EmuKeyVar</name>
         <uninitialized>true</uninitialized>
         <run_address>0xd00</run_address>
         <size>0x1</size>
         <input_file_ref idref="fl-1d"/>
      </object_component>
      <object_component id="oc-e2">
         <name>EmuBModeVar</name>
         <uninitialized>true</uninitialized>
         <run_address>0xd01</run_address>
         <size>0x1</size>
         <input_file_ref idref="fl-1d"/>
      </object_component>
      <object_component id="oc-e4">
         <name>FlashCallbackVar</name>
         <uninitialized>true</uninitialized>
         <run_address>0xd02</run_address>
         <size>0x2</size>
         <input_file_ref idref="fl-1d"/>
      </object_component>
      <object_component id="oc-e3">
         <name>FlashScalingVar</name>
         <uninitialized>true</uninitialized>
         <run_address>0xd04</run_address>
         <size>0x2</size>
         <input_file_ref idref="fl-1d"/>
      </object_component>
      <object_component id="oc-e6">
         <name>DevEmuRegsFile</name>
         <uninitialized>true</uninitialized>
         <run_address>0x880</run_address>
         <size>0x4</size>
         <input_file_ref idref="fl-1d"/>
      </object_component>
      <object_component id="oc-e5">
         <name>SysPwrCtrlRegsFile</name>
         <uninitialized>true</uninitialized>
         <run_address>0x985</run_address>
         <size>0x3</size>
         <input_file_ref idref="fl-1d"/>
      </object_component>
      <object_component id="oc-eb">
         <name>FlashRegsFile</name>
         <uninitialized>true</uninitialized>
         <run_address>0xa80</run_address>
         <size>0x8</size>
         <input_file_ref idref="fl-1d"/>
      </object_component>
      <object_component id="oc-ed">
         <name>CsmRegsFile</name>
         <uninitialized>true</uninitialized>
         <run_address>0xae0</run_address>
         <size>0x10</size>
         <input_file_ref idref="fl-1d"/>
      </object_component>
      <object_component id="oc-ec">
         <name>AdcResultFile</name>
         <uninitialized>true</uninitialized>
         <run_address>0xb00</run_address>
         <size>0x10</size>
         <input_file_ref idref="fl-1d"/>
      </object_component>
      <object_component id="oc-e7">
         <name>CpuTimer0RegsFile</name>
         <uninitialized>true</uninitialized>
         <run_address>0xc00</run_address>
         <size>0x8</size>
         <input_file_ref idref="fl-1d"/>
      </object_component>
      <object_component id="oc-e8">
         <name>CpuTimer1RegsFile</name>
         <uninitialized>true</uninitialized>
         <run_address>0xc08</run_address>
         <size>0x8</size>
         <input_file_ref idref="fl-1d"/>
      </object_component>
      <object_component id="oc-e9">
         <name>CpuTimer2RegsFile</name>
         <uninitialized>true</uninitialized>
         <run_address>0xc10</run_address>
         <size>0x8</size>
         <input_file_ref idref="fl-1d"/>
      </object_component>
      <object_component id="oc-f7">
         <name>PieCtrlRegsFile</name>
         <uninitialized>true</uninitialized>
         <run_address>0xce0</run_address>
         <size>0x1a</size>
         <input_file_ref idref="fl-1d"/>
      </object_component>
      <object_component id="oc-107">
         <name>Cla1RegsFile</name>
         <uninitialized>true</uninitialized>
         <run_address>0x1400</run_address>
         <size>0x40</size>
         <input_file_ref idref="fl-1d"/>
      </object_component>
      <object_component id="oc-115">
         <name>DmaRegsFile</name>
         <uninitialized>true</uninitialized>
         <run_address>0x1000</run_address>
         <size>0xe0</size>
         <input_file_ref idref="fl-1d"/>
      </object_component>
      <object_component id="oc-106">
         <name>ECanaRegsFile</name>
         <uninitialized>true</uninitialized>
         <run_address>0x6000</run_address>
         <size>0x34</size>
         <input_file_ref idref="fl-1d"/>
      </object_component>
      <object_component id="oc-108">
         <name>ECanaLAMRegsFile</name>
         <uninitialized>true</uninitialized>
         <run_address>0x6040</run_address>
         <size>0x40</size>
         <input_file_ref idref="fl-1d"/>
      </object_component>
      <object_component id="oc-116">
         <name>ECanaMboxesFile</name>
         <uninitialized>true</uninitialized>
         <run_address>0x6100</run_address>
         <size>0x100</size>
         <input_file_ref idref="fl-1d"/>
      </object_component>
      <object_component id="oc-109">
         <name>ECanaMOTSRegsFile</name>
         <uninitialized>true</uninitialized>
         <run_address>0x6080</run_address>
         <size>0x40</size>
         <input_file_ref idref="fl-1d"/>
      </object_component>
      <object_component id="oc-10a">
         <name>ECanaMOTORegsFile</name>
         <uninitialized>true</uninitialized>
         <run_address>0x60c0</run_address>
         <size>0x40</size>
         <input_file_ref idref="fl-1d"/>
      </object_component>
      <object_component id="oc-f8">
         <name>ECap1RegsFile</name>
         <uninitialized>true</uninitialized>
         <run_address>0x6a00</run_address>
         <size>0x20</size>
         <input_file_ref idref="fl-1d"/>
      </object_component>
      <object_component id="oc-f9">
         <name>ECap2RegsFile</name>
         <uninitialized>true</uninitialized>
         <run_address>0x6a20</run_address>
         <size>0x20</size>
         <input_file_ref idref="fl-1d"/>
      </object_component>
      <object_component id="oc-fa">
         <name>ECap3RegsFile</name>
         <uninitialized>true</uninitialized>
         <run_address>0x6a40</run_address>
         <size>0x20</size>
         <input_file_ref idref="fl-1d"/>
      </object_component>
      <object_component id="oc-101">
         <name>EQep1RegsFile</name>
         <uninitialized>true</uninitialized>
         <run_address>0x6b00</run_address>
         <size>0x22</size>
         <input_file_ref idref="fl-1d"/>
      </object_component>
      <object_component id="oc-102">
         <name>EQep2RegsFile</name>
         <uninitialized>true</uninitialized>
         <run_address>0x6b40</run_address>
         <size>0x22</size>
         <input_file_ref idref="fl-1d"/>
      </object_component>
      <object_component id="oc-113">
         <name>GpioCtrlRegsFile</name>
         <uninitialized>true</uninitialized>
         <run_address>0x6f80</run_address>
         <size>0x40</size>
         <input_file_ref idref="fl-1d"/>
      </object_component>
      <object_component id="oc-fb">
         <name>GpioDataRegsFile</name>
         <uninitialized>true</uninitialized>
         <run_address>0x6fc0</run_address>
         <size>0x20</size>
         <input_file_ref idref="fl-1d"/>
      </object_component>
      <object_component id="oc-fc">
         <name>GpioIntRegsFile</name>
         <uninitialized>true</uninitialized>
         <run_address>0x6fe0</run_address>
         <size>0x20</size>
         <input_file_ref idref="fl-1d"/>
      </object_component>
      <object_component id="oc-fd">
         <name>HRCap1RegsFile</name>
         <uninitialized>true</uninitialized>
         <run_address>0x6ac0</run_address>
         <size>0x20</size>
         <input_file_ref idref="fl-1d"/>
      </object_component>
      <object_component id="oc-fe">
         <name>HRCap2RegsFile</name>
         <uninitialized>true</uninitialized>
         <run_address>0x6ae0</run_address>
         <size>0x20</size>
         <input_file_ref idref="fl-1d"/>
      </object_component>
      <object_component id="oc-ff">
         <name>HRCap3RegsFile</name>
         <uninitialized>true</uninitialized>
         <run_address>0x6c80</run_address>
         <size>0x20</size>
         <input_file_ref idref="fl-1d"/>
      </object_component>
      <object_component id="oc-100">
         <name>HRCap4RegsFile</name>
         <uninitialized>true</uninitialized>
         <run_address>0x6ca0</run_address>
         <size>0x20</size>
         <input_file_ref idref="fl-1d"/>
      </object_component>
      <object_component id="oc-105">
         <name>SysCtrlRegsFile</name>
         <uninitialized>true</uninitialized>
         <run_address>0x7010</run_address>
         <size>0x30</size>
         <input_file_ref idref="fl-1d"/>
      </object_component>
      <object_component id="oc-f1">
         <name>SpiaRegsFile</name>
         <uninitialized>true</uninitialized>
         <run_address>0x7040</run_address>
         <size>0x10</size>
         <input_file_ref idref="fl-1d"/>
      </object_component>
      <object_component id="oc-f2">
         <name>SpibRegsFile</name>
         <uninitialized>true</uninitialized>
         <run_address>0x7740</run_address>
         <size>0x10</size>
         <input_file_ref idref="fl-1d"/>
      </object_component>
      <object_component id="oc-ef">
         <name>SciaRegsFile</name>
         <uninitialized>true</uninitialized>
         <run_address>0x7050</run_address>
         <size>0x10</size>
         <input_file_ref idref="fl-1d"/>
      </object_component>
      <object_component id="oc-f0">
         <name>ScibRegsFile</name>
         <uninitialized>true</uninitialized>
         <run_address>0x7750</run_address>
         <size>0x10</size>
         <input_file_ref idref="fl-1d"/>
      </object_component>
      <object_component id="oc-ee">
         <name>NmiIntruptRegsFile</name>
         <uninitialized>true</uninitialized>
         <run_address>0x7060</run_address>
         <size>0x10</size>
         <input_file_ref idref="fl-1d"/>
      </object_component>
      <object_component id="oc-f3">
         <name>XIntruptRegsFile</name>
         <uninitialized>true</uninitialized>
         <run_address>0x7070</run_address>
         <size>0x10</size>
         <input_file_ref idref="fl-1d"/>
      </object_component>
      <object_component id="oc-114">
         <name>AdcRegsFile</name>
         <uninitialized>true</uninitialized>
         <run_address>0x7100</run_address>
         <size>0x50</size>
         <input_file_ref idref="fl-1d"/>
      </object_component>
      <object_component id="oc-103">
         <name>I2caRegsFile</name>
         <uninitialized>true</uninitialized>
         <run_address>0x7900</run_address>
         <size>0x22</size>
         <input_file_ref idref="fl-1d"/>
      </object_component>
      <object_component id="oc-f4">
         <name>Comp1RegsFile</name>
         <uninitialized>true</uninitialized>
         <run_address>0x6400</run_address>
         <size>0x14</size>
         <input_file_ref idref="fl-1d"/>
      </object_component>
      <object_component id="oc-f5">
         <name>Comp2RegsFile</name>
         <uninitialized>true</uninitialized>
         <run_address>0x6420</run_address>
         <size>0x14</size>
         <input_file_ref idref="fl-1d"/>
      </object_component>
      <object_component id="oc-f6">
         <name>Comp3RegsFile</name>
         <uninitialized>true</uninitialized>
         <run_address>0x6440</run_address>
         <size>0x14</size>
         <input_file_ref idref="fl-1d"/>
      </object_component>
      <object_component id="oc-10b">
         <name>EPwm1RegsFile</name>
         <uninitialized>true</uninitialized>
         <run_address>0x6800</run_address>
         <size>0x40</size>
         <input_file_ref idref="fl-1d"/>
      </object_component>
      <object_component id="oc-10c">
         <name>EPwm2RegsFile</name>
         <uninitialized>true</uninitialized>
         <run_address>0x6840</run_address>
         <size>0x40</size>
         <input_file_ref idref="fl-1d"/>
      </object_component>
      <object_component id="oc-10d">
         <name>EPwm3RegsFile</name>
         <uninitialized>true</uninitialized>
         <run_address>0x6880</run_address>
         <size>0x40</size>
         <input_file_ref idref="fl-1d"/>
      </object_component>
      <object_component id="oc-10e">
         <name>EPwm4RegsFile</name>
         <uninitialized>true</uninitialized>
         <run_address>0x68c0</run_address>
         <size>0x40</size>
         <input_file_ref idref="fl-1d"/>
      </object_component>
      <object_component id="oc-10f">
         <name>EPwm5RegsFile</name>
         <uninitialized>true</uninitialized>
         <run_address>0x6900</run_address>
         <size>0x40</size>
         <input_file_ref idref="fl-1d"/>
      </object_component>
      <object_component id="oc-110">
         <name>EPwm6RegsFile</name>
         <uninitialized>true</uninitialized>
         <run_address>0x6940</run_address>
         <size>0x40</size>
         <input_file_ref idref="fl-1d"/>
      </object_component>
      <object_component id="oc-111">
         <name>EPwm7RegsFile</name>
         <uninitialized>true</uninitialized>
         <run_address>0x6980</run_address>
         <size>0x40</size>
         <input_file_ref idref="fl-1d"/>
      </object_component>
      <object_component id="oc-112">
         <name>EPwm8RegsFile</name>
         <uninitialized>true</uninitialized>
         <run_address>0x69c0</run_address>
         <size>0x40</size>
         <input_file_ref idref="fl-1d"/>
      </object_component>
      <object_component id="oc-104">
         <name>McbspaRegsFile</name>
         <uninitialized>true</uninitialized>
         <run_address>0x5000</run_address>
         <size>0x24</size>
         <input_file_ref idref="fl-1d"/>
      </object_component>
      <object_component id="oc-118">
         <name>Usb0RegsFile</name>
         <uninitialized>true</uninitialized>
         <run_address>0x4000</run_address>
         <size>0x454</size>
         <input_file_ref idref="fl-1d"/>
      </object_component>
      <object_component id="oc-ea">
         <name>CsmPwlFile</name>
         <uninitialized>true</uninitialized>
         <run_address>0x3f7ff8</run_address>
         <size>0x8</size>
         <input_file_ref idref="fl-1d"/>
      </object_component>
      <object_component id="oc-e0">
         <name>PartIdRegsFile</name>
         <uninitialized>true</uninitialized>
         <run_address>0x3d7e80</run_address>
         <size>0x1</size>
         <input_file_ref idref="fl-1d"/>
      </object_component>
      <object_component id="oc-54">
         <name>.debug_info</name>
         <load_address>0x0</load_address>
         <run_address>0x0</run_address>
         <size>0x94ef</size>
         <input_file_ref idref="fl-2"/>
      </object_component>
      <object_component id="oc-5d">
         <name>.debug_info</name>
         <load_address>0x94ef</load_address>
         <run_address>0x94ef</run_address>
         <size>0x4d16</size>
         <input_file_ref idref="fl-3"/>
      </object_component>
      <object_component id="oc-67">
         <name>.debug_info</name>
         <load_address>0xe205</load_address>
         <run_address>0xe205</run_address>
         <size>0x16b</size>
         <input_file_ref idref="fl-5"/>
      </object_component>
      <object_component id="oc-6a">
         <name>.debug_info</name>
         <load_address>0xe370</load_address>
         <run_address>0xe370</run_address>
         <size>0x1899</size>
         <input_file_ref idref="fl-6"/>
      </object_component>
      <object_component id="oc-6f">
         <name>.debug_info</name>
         <load_address>0xfc09</load_address>
         <run_address>0xfc09</run_address>
         <size>0x83b</size>
         <input_file_ref idref="fl-7"/>
      </object_component>
      <object_component id="oc-77">
         <name>.debug_info</name>
         <load_address>0x10444</load_address>
         <run_address>0x10444</run_address>
         <size>0x11f</size>
         <input_file_ref idref="fl-8"/>
      </object_component>
      <object_component id="oc-7a">
         <name>.debug_info</name>
         <load_address>0x10563</load_address>
         <run_address>0x10563</run_address>
         <size>0x32c2</size>
         <input_file_ref idref="fl-9"/>
      </object_component>
      <object_component id="oc-82">
         <name>.debug_info</name>
         <load_address>0x13825</load_address>
         <run_address>0x13825</run_address>
         <size>0x125</size>
         <input_file_ref idref="fl-a"/>
      </object_component>
      <object_component id="oc-85">
         <name>.debug_info</name>
         <load_address>0x1394a</load_address>
         <run_address>0x1394a</run_address>
         <size>0x16f4</size>
         <input_file_ref idref="fl-b"/>
      </object_component>
      <object_component id="oc-8a">
         <name>.debug_info</name>
         <load_address>0x1503e</load_address>
         <run_address>0x1503e</run_address>
         <size>0x5a4f</size>
         <input_file_ref idref="fl-c"/>
      </object_component>
      <object_component id="oc-8f">
         <name>.debug_info</name>
         <load_address>0x1aa8d</load_address>
         <run_address>0x1aa8d</run_address>
         <size>0x1899</size>
         <input_file_ref idref="fl-d"/>
      </object_component>
      <object_component id="oc-94">
         <name>.debug_info</name>
         <load_address>0x1c326</load_address>
         <run_address>0x1c326</run_address>
         <size>0x1f5e</size>
         <input_file_ref idref="fl-e"/>
      </object_component>
      <object_component id="oc-99">
         <name>.debug_info</name>
         <load_address>0x1e284</load_address>
         <run_address>0x1e284</run_address>
         <size>0x1899</size>
         <input_file_ref idref="fl-f"/>
      </object_component>
      <object_component id="oc-9e">
         <name>.debug_info</name>
         <load_address>0x1fb1d</load_address>
         <run_address>0x1fb1d</run_address>
         <size>0x1899</size>
         <input_file_ref idref="fl-10"/>
      </object_component>
      <object_component id="oc-a3">
         <name>.debug_info</name>
         <load_address>0x213b6</load_address>
         <run_address>0x213b6</run_address>
         <size>0x189a</size>
         <input_file_ref idref="fl-11"/>
      </object_component>
      <object_component id="oc-a8">
         <name>.debug_info</name>
         <load_address>0x22c50</load_address>
         <run_address>0x22c50</run_address>
         <size>0x4644</size>
         <input_file_ref idref="fl-12"/>
      </object_component>
      <object_component id="oc-ad">
         <name>.debug_info</name>
         <load_address>0x27294</load_address>
         <run_address>0x27294</run_address>
         <size>0x184c</size>
         <input_file_ref idref="fl-13"/>
      </object_component>
      <object_component id="oc-b2">
         <name>.debug_info</name>
         <load_address>0x28ae0</load_address>
         <run_address>0x28ae0</run_address>
         <size>0xb95</size>
         <input_file_ref idref="fl-14"/>
      </object_component>
      <object_component id="oc-b7">
         <name>.debug_info</name>
         <load_address>0x29675</load_address>
         <run_address>0x29675</run_address>
         <size>0x24ab</size>
         <input_file_ref idref="fl-15"/>
      </object_component>
      <object_component id="oc-bc">
         <name>.debug_info</name>
         <load_address>0x2bb20</load_address>
         <run_address>0x2bb20</run_address>
         <size>0x1898</size>
         <input_file_ref idref="fl-16"/>
      </object_component>
      <object_component id="oc-c1">
         <name>.debug_info</name>
         <load_address>0x2d3b8</load_address>
         <run_address>0x2d3b8</run_address>
         <size>0x1898</size>
         <input_file_ref idref="fl-17"/>
      </object_component>
      <object_component id="oc-c6">
         <name>.debug_info</name>
         <load_address>0x2ec50</load_address>
         <run_address>0x2ec50</run_address>
         <size>0x2a86</size>
         <input_file_ref idref="fl-18"/>
      </object_component>
      <object_component id="oc-cb">
         <name>.debug_info</name>
         <load_address>0x316d6</load_address>
         <run_address>0x316d6</run_address>
         <size>0x376</size>
         <input_file_ref idref="fl-19"/>
      </object_component>
      <object_component id="oc-d2">
         <name>.debug_info</name>
         <load_address>0x31a4c</load_address>
         <run_address>0x31a4c</run_address>
         <size>0x121</size>
         <input_file_ref idref="fl-1a"/>
      </object_component>
      <object_component id="oc-d5">
         <name>.debug_info</name>
         <load_address>0x31b6d</load_address>
         <run_address>0x31b6d</run_address>
         <size>0x1146</size>
         <input_file_ref idref="fl-1b"/>
      </object_component>
      <object_component id="oc-da">
         <name>.debug_info</name>
         <load_address>0x32cb3</load_address>
         <run_address>0x32cb3</run_address>
         <size>0x2e21</size>
         <input_file_ref idref="fl-1c"/>
      </object_component>
      <object_component id="oc-df">
         <name>.debug_info</name>
         <load_address>0x35ad4</load_address>
         <run_address>0x35ad4</run_address>
         <size>0x1b052</size>
         <input_file_ref idref="fl-1d"/>
      </object_component>
      <object_component id="oc-11a">
         <name>.debug_info</name>
         <load_address>0x50b26</load_address>
         <run_address>0x50b26</run_address>
         <size>0x3db</size>
         <input_file_ref idref="fl-32"/>
      </object_component>
      <object_component id="oc-11f">
         <name>.debug_info</name>
         <load_address>0x50f01</load_address>
         <run_address>0x50f01</run_address>
         <size>0x3cf</size>
         <input_file_ref idref="fl-33"/>
      </object_component>
      <object_component id="oc-124">
         <name>.debug_info</name>
         <load_address>0x512d0</load_address>
         <run_address>0x512d0</run_address>
         <size>0x3e1</size>
         <input_file_ref idref="fl-34"/>
      </object_component>
      <object_component id="oc-12b">
         <name>.debug_info</name>
         <load_address>0x516b1</load_address>
         <run_address>0x516b1</run_address>
         <size>0x173</size>
         <input_file_ref idref="fl-35"/>
      </object_component>
      <object_component id="oc-130">
         <name>.debug_info</name>
         <load_address>0x51824</load_address>
         <run_address>0x51824</run_address>
         <size>0x114</size>
         <input_file_ref idref="fl-36"/>
      </object_component>
      <object_component id="oc-135">
         <name>.debug_info</name>
         <load_address>0x51938</load_address>
         <run_address>0x51938</run_address>
         <size>0x141</size>
         <input_file_ref idref="fl-37"/>
      </object_component>
      <object_component id="oc-13a">
         <name>.debug_info</name>
         <load_address>0x51a79</load_address>
         <run_address>0x51a79</run_address>
         <size>0x141</size>
         <input_file_ref idref="fl-38"/>
      </object_component>
      <object_component id="oc-13e">
         <name>.debug_info</name>
         <load_address>0x51bba</load_address>
         <run_address>0x51bba</run_address>
         <size>0x561</size>
         <input_file_ref idref="fl-39"/>
      </object_component>
      <object_component id="oc-143">
         <name>.debug_info</name>
         <load_address>0x5211b</load_address>
         <run_address>0x5211b</run_address>
         <size>0x43a</size>
         <input_file_ref idref="fl-3a"/>
      </object_component>
      <object_component id="oc-148">
         <name>.debug_info</name>
         <load_address>0x52555</load_address>
         <run_address>0x52555</run_address>
         <size>0x3ad</size>
         <input_file_ref idref="fl-3b"/>
      </object_component>
      <object_component id="oc-14d">
         <name>.debug_info</name>
         <load_address>0x52902</load_address>
         <run_address>0x52902</run_address>
         <size>0x3aa</size>
         <input_file_ref idref="fl-3c"/>
      </object_component>
      <object_component id="oc-152">
         <name>.debug_info</name>
         <load_address>0x52cac</load_address>
         <run_address>0x52cac</run_address>
         <size>0x544</size>
         <input_file_ref idref="fl-3d"/>
      </object_component>
      <object_component id="oc-159">
         <name>.debug_info</name>
         <load_address>0x531f0</load_address>
         <run_address>0x531f0</run_address>
         <size>0x4cc</size>
         <input_file_ref idref="fl-3e"/>
      </object_component>
      <object_component id="oc-15e">
         <name>.debug_info</name>
         <load_address>0x536bc</load_address>
         <run_address>0x536bc</run_address>
         <size>0x467</size>
         <input_file_ref idref="fl-3f"/>
      </object_component>
      <object_component id="oc-163">
         <name>.debug_info</name>
         <load_address>0x53b23</load_address>
         <run_address>0x53b23</run_address>
         <size>0x1c6</size>
         <input_file_ref idref="fl-40"/>
      </object_component>
      <object_component id="oc-1e1">
         <name>.debug_info</name>
         <load_address>0x53ce9</load_address>
         <run_address>0x53ce9</run_address>
         <size>0xb4</size>
      </object_component>
      <object_component id="oc-59">
         <name>.debug_frame</name>
         <load_address>0x0</load_address>
         <run_address>0x0</run_address>
         <size>0x334</size>
         <input_file_ref idref="fl-2"/>
      </object_component>
      <object_component id="oc-5e">
         <name>.debug_frame</name>
         <load_address>0x334</load_address>
         <run_address>0x334</run_address>
         <size>0xb0</size>
         <input_file_ref idref="fl-3"/>
      </object_component>
      <object_component id="oc-6b">
         <name>.debug_frame</name>
         <load_address>0x3e4</load_address>
         <run_address>0x3e4</run_address>
         <size>0x28</size>
         <input_file_ref idref="fl-6"/>
      </object_component>
      <object_component id="oc-71">
         <name>.debug_frame</name>
         <load_address>0x40c</load_address>
         <run_address>0x40c</run_address>
         <size>0x28</size>
         <input_file_ref idref="fl-7"/>
      </object_component>
      <object_component id="oc-7c">
         <name>.debug_frame</name>
         <load_address>0x434</load_address>
         <run_address>0x434</run_address>
         <size>0xbb0</size>
         <input_file_ref idref="fl-9"/>
      </object_component>
      <object_component id="oc-86">
         <name>.debug_frame</name>
         <load_address>0xfe4</load_address>
         <run_address>0xfe4</run_address>
         <size>0x28</size>
         <input_file_ref idref="fl-b"/>
      </object_component>
      <object_component id="oc-8b">
         <name>.debug_frame</name>
         <load_address>0x100c</load_address>
         <run_address>0x100c</run_address>
         <size>0x28</size>
         <input_file_ref idref="fl-c"/>
      </object_component>
      <object_component id="oc-90">
         <name>.debug_frame</name>
         <load_address>0x1034</load_address>
         <run_address>0x1034</run_address>
         <size>0x28</size>
         <input_file_ref idref="fl-d"/>
      </object_component>
      <object_component id="oc-95">
         <name>.debug_frame</name>
         <load_address>0x105c</load_address>
         <run_address>0x105c</run_address>
         <size>0x148</size>
         <input_file_ref idref="fl-e"/>
      </object_component>
      <object_component id="oc-9a">
         <name>.debug_frame</name>
         <load_address>0x11a4</load_address>
         <run_address>0x11a4</run_address>
         <size>0x28</size>
         <input_file_ref idref="fl-f"/>
      </object_component>
      <object_component id="oc-9f">
         <name>.debug_frame</name>
         <load_address>0x11cc</load_address>
         <run_address>0x11cc</run_address>
         <size>0x28</size>
         <input_file_ref idref="fl-10"/>
      </object_component>
      <object_component id="oc-a4">
         <name>.debug_frame</name>
         <load_address>0x11f4</load_address>
         <run_address>0x11f4</run_address>
         <size>0x28</size>
         <input_file_ref idref="fl-11"/>
      </object_component>
      <object_component id="oc-a9">
         <name>.debug_frame</name>
         <load_address>0x121c</load_address>
         <run_address>0x121c</run_address>
         <size>0x28</size>
         <input_file_ref idref="fl-12"/>
      </object_component>
      <object_component id="oc-ae">
         <name>.debug_frame</name>
         <load_address>0x1244</load_address>
         <run_address>0x1244</run_address>
         <size>0x28</size>
         <input_file_ref idref="fl-13"/>
      </object_component>
      <object_component id="oc-b3">
         <name>.debug_frame</name>
         <load_address>0x126c</load_address>
         <run_address>0x126c</run_address>
         <size>0x58</size>
         <input_file_ref idref="fl-14"/>
      </object_component>
      <object_component id="oc-b8">
         <name>.debug_frame</name>
         <load_address>0x12c4</load_address>
         <run_address>0x12c4</run_address>
         <size>0x44</size>
         <input_file_ref idref="fl-15"/>
      </object_component>
      <object_component id="oc-bd">
         <name>.debug_frame</name>
         <load_address>0x1308</load_address>
         <run_address>0x1308</run_address>
         <size>0x28</size>
         <input_file_ref idref="fl-16"/>
      </object_component>
      <object_component id="oc-c2">
         <name>.debug_frame</name>
         <load_address>0x1330</load_address>
         <run_address>0x1330</run_address>
         <size>0x28</size>
         <input_file_ref idref="fl-17"/>
      </object_component>
      <object_component id="oc-c7">
         <name>.debug_frame</name>
         <load_address>0x1358</load_address>
         <run_address>0x1358</run_address>
         <size>0x13c</size>
         <input_file_ref idref="fl-18"/>
      </object_component>
      <object_component id="oc-cc">
         <name>.debug_frame</name>
         <load_address>0x1494</load_address>
         <run_address>0x1494</run_address>
         <size>0x28</size>
         <input_file_ref idref="fl-19"/>
      </object_component>
      <object_component id="oc-d6">
         <name>.debug_frame</name>
         <load_address>0x14bc</load_address>
         <run_address>0x14bc</run_address>
         <size>0xa4</size>
         <input_file_ref idref="fl-1b"/>
      </object_component>
      <object_component id="oc-db">
         <name>.debug_frame</name>
         <load_address>0x1560</load_address>
         <run_address>0x1560</run_address>
         <size>0x1f8</size>
         <input_file_ref idref="fl-1c"/>
      </object_component>
      <object_component id="oc-11b">
         <name>.debug_frame</name>
         <load_address>0x1758</load_address>
         <run_address>0x1758</run_address>
         <size>0x44</size>
         <input_file_ref idref="fl-32"/>
      </object_component>
      <object_component id="oc-120">
         <name>.debug_frame</name>
         <load_address>0x179c</load_address>
         <run_address>0x179c</run_address>
         <size>0x44</size>
         <input_file_ref idref="fl-33"/>
      </object_component>
      <object_component id="oc-125">
         <name>.debug_frame</name>
         <load_address>0x17e0</load_address>
         <run_address>0x17e0</run_address>
         <size>0x64</size>
         <input_file_ref idref="fl-34"/>
      </object_component>
      <object_component id="oc-13f">
         <name>.debug_frame</name>
         <load_address>0x1844</load_address>
         <run_address>0x1844</run_address>
         <size>0x60</size>
         <input_file_ref idref="fl-39"/>
      </object_component>
      <object_component id="oc-144">
         <name>.debug_frame</name>
         <load_address>0x18a4</load_address>
         <run_address>0x18a4</run_address>
         <size>0x40</size>
         <input_file_ref idref="fl-3a"/>
      </object_component>
      <object_component id="oc-149">
         <name>.debug_frame</name>
         <load_address>0x18e4</load_address>
         <run_address>0x18e4</run_address>
         <size>0x40</size>
         <input_file_ref idref="fl-3b"/>
      </object_component>
      <object_component id="oc-14e">
         <name>.debug_frame</name>
         <load_address>0x1924</load_address>
         <run_address>0x1924</run_address>
         <size>0x40</size>
         <input_file_ref idref="fl-3c"/>
      </object_component>
      <object_component id="oc-155">
         <name>.debug_frame</name>
         <load_address>0x1964</load_address>
         <run_address>0x1964</run_address>
         <size>0x60</size>
         <input_file_ref idref="fl-3d"/>
      </object_component>
      <object_component id="oc-15a">
         <name>.debug_frame</name>
         <load_address>0x19c4</load_address>
         <run_address>0x19c4</run_address>
         <size>0x70</size>
         <input_file_ref idref="fl-3e"/>
      </object_component>
      <object_component id="oc-15f">
         <name>.debug_frame</name>
         <load_address>0x1a34</load_address>
         <run_address>0x1a34</run_address>
         <size>0x40</size>
         <input_file_ref idref="fl-3f"/>
      </object_component>
      <object_component id="oc-5a">
         <name>.debug_line</name>
         <load_address>0x0</load_address>
         <run_address>0x0</run_address>
         <size>0x4b1</size>
         <input_file_ref idref="fl-2"/>
      </object_component>
      <object_component id="oc-5f">
         <name>.debug_line</name>
         <load_address>0x4b1</load_address>
         <run_address>0x4b1</run_address>
         <size>0x1bc</size>
         <input_file_ref idref="fl-3"/>
      </object_component>
      <object_component id="oc-66">
         <name>.debug_line</name>
         <load_address>0x66d</load_address>
         <run_address>0x66d</run_address>
         <size>0x74</size>
         <input_file_ref idref="fl-5"/>
      </object_component>
      <object_component id="oc-6c">
         <name>.debug_line</name>
         <load_address>0x6e1</load_address>
         <run_address>0x6e1</run_address>
         <size>0x46</size>
         <input_file_ref idref="fl-6"/>
      </object_component>
      <object_component id="oc-72">
         <name>.debug_line</name>
         <load_address>0x727</load_address>
         <run_address>0x727</run_address>
         <size>0x4b</size>
         <input_file_ref idref="fl-7"/>
      </object_component>
      <object_component id="oc-76">
         <name>.debug_line</name>
         <load_address>0x772</load_address>
         <run_address>0x772</run_address>
         <size>0x5a</size>
         <input_file_ref idref="fl-8"/>
      </object_component>
      <object_component id="oc-7d">
         <name>.debug_line</name>
         <load_address>0x7cc</load_address>
         <run_address>0x7cc</run_address>
         <size>0x93f</size>
         <input_file_ref idref="fl-9"/>
      </object_component>
      <object_component id="oc-81">
         <name>.debug_line</name>
         <load_address>0x110b</load_address>
         <run_address>0x110b</run_address>
         <size>0x5e</size>
         <input_file_ref idref="fl-a"/>
      </object_component>
      <object_component id="oc-87">
         <name>.debug_line</name>
         <load_address>0x1169</load_address>
         <run_address>0x1169</run_address>
         <size>0x45</size>
         <input_file_ref idref="fl-b"/>
      </object_component>
      <object_component id="oc-8c">
         <name>.debug_line</name>
         <load_address>0x11ae</load_address>
         <run_address>0x11ae</run_address>
         <size>0x46</size>
         <input_file_ref idref="fl-c"/>
      </object_component>
      <object_component id="oc-91">
         <name>.debug_line</name>
         <load_address>0x11f4</load_address>
         <run_address>0x11f4</run_address>
         <size>0x46</size>
         <input_file_ref idref="fl-d"/>
      </object_component>
      <object_component id="oc-96">
         <name>.debug_line</name>
         <load_address>0x123a</load_address>
         <run_address>0x123a</run_address>
         <size>0x1b6</size>
         <input_file_ref idref="fl-e"/>
      </object_component>
      <object_component id="oc-9b">
         <name>.debug_line</name>
         <load_address>0x13f0</load_address>
         <run_address>0x13f0</run_address>
         <size>0x46</size>
         <input_file_ref idref="fl-f"/>
      </object_component>
      <object_component id="oc-a0">
         <name>.debug_line</name>
         <load_address>0x1436</load_address>
         <run_address>0x1436</run_address>
         <size>0x46</size>
         <input_file_ref idref="fl-10"/>
      </object_component>
      <object_component id="oc-a5">
         <name>.debug_line</name>
         <load_address>0x147c</load_address>
         <run_address>0x147c</run_address>
         <size>0x47</size>
         <input_file_ref idref="fl-11"/>
      </object_component>
      <object_component id="oc-aa">
         <name>.debug_line</name>
         <load_address>0x14c3</load_address>
         <run_address>0x14c3</run_address>
         <size>0x47</size>
         <input_file_ref idref="fl-12"/>
      </object_component>
      <object_component id="oc-af">
         <name>.debug_line</name>
         <load_address>0x150a</load_address>
         <run_address>0x150a</run_address>
         <size>0x49</size>
         <input_file_ref idref="fl-13"/>
      </object_component>
      <object_component id="oc-b4">
         <name>.debug_line</name>
         <load_address>0x1553</load_address>
         <run_address>0x1553</run_address>
         <size>0x99</size>
         <input_file_ref idref="fl-14"/>
      </object_component>
      <object_component id="oc-b9">
         <name>.debug_line</name>
         <load_address>0x15ec</load_address>
         <run_address>0x15ec</run_address>
         <size>0x7d</size>
         <input_file_ref idref="fl-15"/>
      </object_component>
      <object_component id="oc-be">
         <name>.debug_line</name>
         <load_address>0x1669</load_address>
         <run_address>0x1669</run_address>
         <size>0x45</size>
         <input_file_ref idref="fl-16"/>
      </object_component>
      <object_component id="oc-c3">
         <name>.debug_line</name>
         <load_address>0x16ae</load_address>
         <run_address>0x16ae</run_address>
         <size>0x45</size>
         <input_file_ref idref="fl-17"/>
      </object_component>
      <object_component id="oc-c8">
         <name>.debug_line</name>
         <load_address>0x16f3</load_address>
         <run_address>0x16f3</run_address>
         <size>0x213</size>
         <input_file_ref idref="fl-18"/>
      </object_component>
      <object_component id="oc-cd">
         <name>.debug_line</name>
         <load_address>0x1906</load_address>
         <run_address>0x1906</run_address>
         <size>0x50</size>
         <input_file_ref idref="fl-19"/>
      </object_component>
      <object_component id="oc-d1">
         <name>.debug_line</name>
         <load_address>0x1956</load_address>
         <run_address>0x1956</run_address>
         <size>0x5b</size>
         <input_file_ref idref="fl-1a"/>
      </object_component>
      <object_component id="oc-d7">
         <name>.debug_line</name>
         <load_address>0x19b1</load_address>
         <run_address>0x19b1</run_address>
         <size>0xdb</size>
         <input_file_ref idref="fl-1b"/>
      </object_component>
      <object_component id="oc-dc">
         <name>.debug_line</name>
         <load_address>0x1a8c</load_address>
         <run_address>0x1a8c</run_address>
         <size>0x3cd</size>
         <input_file_ref idref="fl-1c"/>
      </object_component>
      <object_component id="oc-11c">
         <name>.debug_line</name>
         <load_address>0x1e59</load_address>
         <run_address>0x1e59</run_address>
         <size>0x57</size>
         <input_file_ref idref="fl-32"/>
      </object_component>
      <object_component id="oc-121">
         <name>.debug_line</name>
         <load_address>0x1eb0</load_address>
         <run_address>0x1eb0</run_address>
         <size>0x50</size>
         <input_file_ref idref="fl-33"/>
      </object_component>
      <object_component id="oc-126">
         <name>.debug_line</name>
         <load_address>0x1f00</load_address>
         <run_address>0x1f00</run_address>
         <size>0x60</size>
         <input_file_ref idref="fl-34"/>
      </object_component>
      <object_component id="oc-12c">
         <name>.debug_line</name>
         <load_address>0x1f60</load_address>
         <run_address>0x1f60</run_address>
         <size>0x7e</size>
         <input_file_ref idref="fl-35"/>
      </object_component>
      <object_component id="oc-131">
         <name>.debug_line</name>
         <load_address>0x1fde</load_address>
         <run_address>0x1fde</run_address>
         <size>0xad</size>
         <input_file_ref idref="fl-36"/>
      </object_component>
      <object_component id="oc-136">
         <name>.debug_line</name>
         <load_address>0x208b</load_address>
         <run_address>0x208b</run_address>
         <size>0x69</size>
         <input_file_ref idref="fl-37"/>
      </object_component>
      <object_component id="oc-13b">
         <name>.debug_line</name>
         <load_address>0x20f4</load_address>
         <run_address>0x20f4</run_address>
         <size>0x52</size>
         <input_file_ref idref="fl-38"/>
      </object_component>
      <object_component id="oc-140">
         <name>.debug_line</name>
         <load_address>0x2146</load_address>
         <run_address>0x2146</run_address>
         <size>0x50</size>
         <input_file_ref idref="fl-39"/>
      </object_component>
      <object_component id="oc-145">
         <name>.debug_line</name>
         <load_address>0x2196</load_address>
         <run_address>0x2196</run_address>
         <size>0x62</size>
         <input_file_ref idref="fl-3a"/>
      </object_component>
      <object_component id="oc-14a">
         <name>.debug_line</name>
         <load_address>0x21f8</load_address>
         <run_address>0x21f8</run_address>
         <size>0x3e</size>
         <input_file_ref idref="fl-3b"/>
      </object_component>
      <object_component id="oc-14f">
         <name>.debug_line</name>
         <load_address>0x2236</load_address>
         <run_address>0x2236</run_address>
         <size>0x3a</size>
         <input_file_ref idref="fl-3c"/>
      </object_component>
      <object_component id="oc-156">
         <name>.debug_line</name>
         <load_address>0x2270</load_address>
         <run_address>0x2270</run_address>
         <size>0x65</size>
         <input_file_ref idref="fl-3d"/>
      </object_component>
      <object_component id="oc-15b">
         <name>.debug_line</name>
         <load_address>0x22d5</load_address>
         <run_address>0x22d5</run_address>
         <size>0x5e</size>
         <input_file_ref idref="fl-3e"/>
      </object_component>
      <object_component id="oc-160">
         <name>.debug_line</name>
         <load_address>0x2333</load_address>
         <run_address>0x2333</run_address>
         <size>0x4f</size>
         <input_file_ref idref="fl-3f"/>
      </object_component>
      <object_component id="oc-5b">
         <name>.debug_abbrev</name>
         <load_address>0x0</load_address>
         <run_address>0x0</run_address>
         <size>0x222</size>
         <input_file_ref idref="fl-2"/>
      </object_component>
      <object_component id="oc-60">
         <name>.debug_abbrev</name>
         <load_address>0x222</load_address>
         <run_address>0x222</run_address>
         <size>0x155</size>
         <input_file_ref idref="fl-3"/>
      </object_component>
      <object_component id="oc-68">
         <name>.debug_abbrev</name>
         <load_address>0x377</load_address>
         <run_address>0x377</run_address>
         <size>0x21</size>
         <input_file_ref idref="fl-5"/>
      </object_component>
      <object_component id="oc-6d">
         <name>.debug_abbrev</name>
         <load_address>0x398</load_address>
         <run_address>0x398</run_address>
         <size>0xea</size>
         <input_file_ref idref="fl-6"/>
      </object_component>
      <object_component id="oc-73">
         <name>.debug_abbrev</name>
         <load_address>0x482</load_address>
         <run_address>0x482</run_address>
         <size>0xfd</size>
         <input_file_ref idref="fl-7"/>
      </object_component>
      <object_component id="oc-78">
         <name>.debug_abbrev</name>
         <load_address>0x57f</load_address>
         <run_address>0x57f</run_address>
         <size>0x2f</size>
         <input_file_ref idref="fl-8"/>
      </object_component>
      <object_component id="oc-7e">
         <name>.debug_abbrev</name>
         <load_address>0x5ae</load_address>
         <run_address>0x5ae</run_address>
         <size>0xde</size>
         <input_file_ref idref="fl-9"/>
      </object_component>
      <object_component id="oc-83">
         <name>.debug_abbrev</name>
         <load_address>0x68c</load_address>
         <run_address>0x68c</run_address>
         <size>0x2f</size>
         <input_file_ref idref="fl-a"/>
      </object_component>
      <object_component id="oc-88">
         <name>.debug_abbrev</name>
         <load_address>0x6bb</load_address>
         <run_address>0x6bb</run_address>
         <size>0x14f</size>
         <input_file_ref idref="fl-b"/>
      </object_component>
      <object_component id="oc-8d">
         <name>.debug_abbrev</name>
         <load_address>0x80a</load_address>
         <run_address>0x80a</run_address>
         <size>0x103</size>
         <input_file_ref idref="fl-c"/>
      </object_component>
      <object_component id="oc-92">
         <name>.debug_abbrev</name>
         <load_address>0x90d</load_address>
         <run_address>0x90d</run_address>
         <size>0xea</size>
         <input_file_ref idref="fl-d"/>
      </object_component>
      <object_component id="oc-97">
         <name>.debug_abbrev</name>
         <load_address>0x9f7</load_address>
         <run_address>0x9f7</run_address>
         <size>0x138</size>
         <input_file_ref idref="fl-e"/>
      </object_component>
      <object_component id="oc-9c">
         <name>.debug_abbrev</name>
         <load_address>0xb2f</load_address>
         <run_address>0xb2f</run_address>
         <size>0xea</size>
         <input_file_ref idref="fl-f"/>
      </object_component>
      <object_component id="oc-a1">
         <name>.debug_abbrev</name>
         <load_address>0xc19</load_address>
         <run_address>0xc19</run_address>
         <size>0xdc</size>
         <input_file_ref idref="fl-10"/>
      </object_component>
      <object_component id="oc-a6">
         <name>.debug_abbrev</name>
         <load_address>0xcf5</load_address>
         <run_address>0xcf5</run_address>
         <size>0xea</size>
         <input_file_ref idref="fl-11"/>
      </object_component>
      <object_component id="oc-ab">
         <name>.debug_abbrev</name>
         <load_address>0xddf</load_address>
         <run_address>0xddf</run_address>
         <size>0xf8</size>
         <input_file_ref idref="fl-12"/>
      </object_component>
      <object_component id="oc-b0">
         <name>.debug_abbrev</name>
         <load_address>0xed7</load_address>
         <run_address>0xed7</run_address>
         <size>0x13e</size>
         <input_file_ref idref="fl-13"/>
      </object_component>
      <object_component id="oc-b5">
         <name>.debug_abbrev</name>
         <load_address>0x1015</load_address>
         <run_address>0x1015</run_address>
         <size>0xc8</size>
         <input_file_ref idref="fl-14"/>
      </object_component>
      <object_component id="oc-ba">
         <name>.debug_abbrev</name>
         <load_address>0x10dd</load_address>
         <run_address>0x10dd</run_address>
         <size>0x116</size>
         <input_file_ref idref="fl-15"/>
      </object_component>
      <object_component id="oc-bf">
         <name>.debug_abbrev</name>
         <load_address>0x11f3</load_address>
         <run_address>0x11f3</run_address>
         <size>0xea</size>
         <input_file_ref idref="fl-16"/>
      </object_component>
      <object_component id="oc-c4">
         <name>.debug_abbrev</name>
         <load_address>0x12dd</load_address>
         <run_address>0x12dd</run_address>
         <size>0xea</size>
         <input_file_ref idref="fl-17"/>
      </object_component>
      <object_component id="oc-c9">
         <name>.debug_abbrev</name>
         <load_address>0x13c7</load_address>
         <run_address>0x13c7</run_address>
         <size>0x1a3</size>
         <input_file_ref idref="fl-18"/>
      </object_component>
      <object_component id="oc-ce">
         <name>.debug_abbrev</name>
         <load_address>0x156a</load_address>
         <run_address>0x156a</run_address>
         <size>0x9b</size>
         <input_file_ref idref="fl-19"/>
      </object_component>
      <object_component id="oc-d3">
         <name>.debug_abbrev</name>
         <load_address>0x1605</load_address>
         <run_address>0x1605</run_address>
         <size>0x2f</size>
         <input_file_ref idref="fl-1a"/>
      </object_component>
      <object_component id="oc-d8">
         <name>.debug_abbrev</name>
         <load_address>0x1634</load_address>
         <run_address>0x1634</run_address>
         <size>0x11d</size>
         <input_file_ref idref="fl-1b"/>
      </object_component>
      <object_component id="oc-dd">
         <name>.debug_abbrev</name>
         <load_address>0x1751</load_address>
         <run_address>0x1751</run_address>
         <size>0x1bf</size>
         <input_file_ref idref="fl-1c"/>
      </object_component>
      <object_component id="oc-119">
         <name>.debug_abbrev</name>
         <load_address>0x1910</load_address>
         <run_address>0x1910</run_address>
         <size>0xc4</size>
         <input_file_ref idref="fl-1d"/>
      </object_component>
      <object_component id="oc-11d">
         <name>.debug_abbrev</name>
         <load_address>0x19d4</load_address>
         <run_address>0x19d4</run_address>
         <size>0xa4</size>
         <input_file_ref idref="fl-32"/>
      </object_component>
      <object_component id="oc-122">
         <name>.debug_abbrev</name>
         <load_address>0x1a78</load_address>
         <run_address>0x1a78</run_address>
         <size>0x84</size>
         <input_file_ref idref="fl-33"/>
      </object_component>
      <object_component id="oc-127">
         <name>.debug_abbrev</name>
         <load_address>0x1afc</load_address>
         <run_address>0x1afc</run_address>
         <size>0x84</size>
         <input_file_ref idref="fl-34"/>
      </object_component>
      <object_component id="oc-12d">
         <name>.debug_abbrev</name>
         <load_address>0x1b80</load_address>
         <run_address>0x1b80</run_address>
         <size>0x46</size>
         <input_file_ref idref="fl-35"/>
      </object_component>
      <object_component id="oc-132">
         <name>.debug_abbrev</name>
         <load_address>0x1bc6</load_address>
         <run_address>0x1bc6</run_address>
         <size>0x38</size>
         <input_file_ref idref="fl-36"/>
      </object_component>
      <object_component id="oc-137">
         <name>.debug_abbrev</name>
         <load_address>0x1bfe</load_address>
         <run_address>0x1bfe</run_address>
         <size>0x38</size>
         <input_file_ref idref="fl-37"/>
      </object_component>
      <object_component id="oc-13c">
         <name>.debug_abbrev</name>
         <load_address>0x1c36</load_address>
         <run_address>0x1c36</run_address>
         <size>0x38</size>
         <input_file_ref idref="fl-38"/>
      </object_component>
      <object_component id="oc-141">
         <name>.debug_abbrev</name>
         <load_address>0x1c6e</load_address>
         <run_address>0x1c6e</run_address>
         <size>0xe3</size>
         <input_file_ref idref="fl-39"/>
      </object_component>
      <object_component id="oc-146">
         <name>.debug_abbrev</name>
         <load_address>0x1d51</load_address>
         <run_address>0x1d51</run_address>
         <size>0xa8</size>
         <input_file_ref idref="fl-3a"/>
      </object_component>
      <object_component id="oc-14b">
         <name>.debug_abbrev</name>
         <load_address>0x1df9</load_address>
         <run_address>0x1df9</run_address>
         <size>0x68</size>
         <input_file_ref idref="fl-3b"/>
      </object_component>
      <object_component id="oc-150">
         <name>.debug_abbrev</name>
         <load_address>0x1e61</load_address>
         <run_address>0x1e61</run_address>
         <size>0x66</size>
         <input_file_ref idref="fl-3c"/>
      </object_component>
      <object_component id="oc-157">
         <name>.debug_abbrev</name>
         <load_address>0x1ec7</load_address>
         <run_address>0x1ec7</run_address>
         <size>0x130</size>
         <input_file_ref idref="fl-3d"/>
      </object_component>
      <object_component id="oc-15c">
         <name>.debug_abbrev</name>
         <load_address>0x1ff7</load_address>
         <run_address>0x1ff7</run_address>
         <size>0xb2</size>
         <input_file_ref idref="fl-3e"/>
      </object_component>
      <object_component id="oc-161">
         <name>.debug_abbrev</name>
         <load_address>0x20a9</load_address>
         <run_address>0x20a9</run_address>
         <size>0xee</size>
         <input_file_ref idref="fl-3f"/>
      </object_component>
      <object_component id="oc-166">
         <name>.debug_abbrev</name>
         <load_address>0x2197</load_address>
         <run_address>0x2197</run_address>
         <size>0x31</size>
         <input_file_ref idref="fl-40"/>
      </object_component>
      <object_component id="oc-1e2">
         <name>.debug_abbrev</name>
         <load_address>0x21c8</load_address>
         <run_address>0x21c8</run_address>
         <size>0xf</size>
      </object_component>
      <object_component id="oc-5c">
         <name>.debug_aranges</name>
         <load_address>0x0</load_address>
         <run_address>0x0</run_address>
         <size>0xc8</size>
         <input_file_ref idref="fl-2"/>
      </object_component>
      <object_component id="oc-61">
         <name>.debug_aranges</name>
         <load_address>0xc8</load_address>
         <run_address>0xc8</run_address>
         <size>0x40</size>
         <input_file_ref idref="fl-3"/>
      </object_component>
      <object_component id="oc-69">
         <name>.debug_aranges</name>
         <load_address>0x108</load_address>
         <run_address>0x108</run_address>
         <size>0x28</size>
         <input_file_ref idref="fl-5"/>
      </object_component>
      <object_component id="oc-6e">
         <name>.debug_aranges</name>
         <load_address>0x130</load_address>
         <run_address>0x130</run_address>
         <size>0x18</size>
         <input_file_ref idref="fl-6"/>
      </object_component>
      <object_component id="oc-74">
         <name>.debug_aranges</name>
         <load_address>0x148</load_address>
         <run_address>0x148</run_address>
         <size>0x18</size>
         <input_file_ref idref="fl-7"/>
      </object_component>
      <object_component id="oc-79">
         <name>.debug_aranges</name>
         <load_address>0x160</load_address>
         <run_address>0x160</run_address>
         <size>0x20</size>
         <input_file_ref idref="fl-8"/>
      </object_component>
      <object_component id="oc-7f">
         <name>.debug_aranges</name>
         <load_address>0x180</load_address>
         <run_address>0x180</run_address>
         <size>0x2f8</size>
         <input_file_ref idref="fl-9"/>
      </object_component>
[...]
      </symbol>
      <symbol id="sm-371">
         <name>_InitPieCtrl</name>
         <value>0x3f55b2</value>
         <object_component_ref idref="oc-173"/>
      </symbol>
      <symbol id="sm-373">
         <name>_EnableInterrupts</name>
         <value>0x3f55d1</value>
         <object_component_ref idref="oc-173"/>
      </symbol>
      <symbol id="sm-384">
         <name>_PieVectTableInit</name>
         <value>0x3f5f16</value>
         <object_component_ref idref="oc-17f"/>
      </symbol>
      <symbol id="sm-385">
         <name>_InitPieVectTable</name>
         <value>0x3f5601</value>
         <object_component_ref idref="oc-174"/>
      </symbol>
      <symbol id="sm-3af">
         <name>_InitPll</name>
         <value>0x3f511e</value>
         <object_component_ref idref="oc-172"/>
      </symbol>
      <symbol id="sm-3b1">
         <name>_IntOsc1Sel</name>
         <value>0x3f5227</value>
         <object_component_ref idref="oc-172"/>
      </symbol>
      <symbol id="sm-3b3">
         <name>_ExtOscSel</name>
         <value>0x3f5266</value>
         <object_component_ref idref="oc-172"/>
      </symbol>
      <symbol id="sm-3b5">
         <name>_DisableDog</name>
         <value>0x3f5116</value>
         <object_component_ref idref="oc-172"/>
      </symbol>
      <symbol id="sm-3b7">
         <name>_InitPeripheralClocks</name>
         <value>0x3f51a0</value>
         <object_component_ref idref="oc-172"/>
      </symbol>
      <symbol id="sm-3b9">
         <name>_IntOsc2Sel</name>
         <value>0x3f5237</value>
         <object_component_ref idref="oc-172"/>
      </symbol>
      <symbol id="sm-3bb">
         <name>_CsmUnlock</name>
         <value>0x3f51f6</value>
         <object_component_ref idref="oc-172"/>
      </symbol>
      <symbol id="sm-3bd">
         <name>_InitPll2</name>
         <value>0x3f5172</value>
         <object_component_ref idref="oc-172"/>
      </symbol>
      <symbol id="sm-3bf">
         <name>_ServiceDog</name>
         <value>0x3f510c</value>
         <object_component_ref idref="oc-172"/>
      </symbol>
      <symbol id="sm-3c1">
         <name>_XtalOscSel</name>
         <value>0x3f524b</value>
         <object_component_ref idref="oc-172"/>
      </symbol>
      <symbol id="sm-3c3">
         <name>_InitSysCtrl</name>
         <value>0x3f50f2</value>
         <object_component_ref idref="oc-172"/>
      </symbol>
      <symbol id="sm-3d9">
         <name>_DSP28x_usDelay</name>
         <value>0x8000</value>
         <object_component_ref idref="oc-d0"/>
      </symbol>
      <symbol id="sm-3e9">
         <name>_I2C_Stop3</name>
         <value>0x3f53a2</value>
         <object_component_ref idref="oc-180"/>
      </symbol>
      <symbol id="sm-3eb">
         <name>_I2C_NAck3</name>
         <value>0x3f536a</value>
         <object_component_ref idref="oc-180"/>
      </symbol>
      <symbol id="sm-3ed">
         <name>_I2C_Ack3</name>
         <value>0x3f5354</value>
         <object_component_ref idref="oc-180"/>
      </symbol>
      <symbol id="sm-3ef">
         <name>_I2C_Start3</name>
         <value>0x3f5380</value>
         <object_component_ref idref="oc-180"/>
      </symbol>
      <symbol id="sm-3f1">
         <name>_OLED_WriteByte</name>
         <value>0x3f53b8</value>
         <object_component_ref idref="oc-180"/>
      </symbol>
      <symbol id="sm-443">
         <name>_OLED_SetPos</name>
         <value>0x3f49e1</value>
         <object_component_ref idref="oc-175"/>
      </symbol>
      <symbol id="sm-445">
         <name>_OLED_WriteData</name>
         <value>0x3f4973</value>
         <object_component_ref idref="oc-175"/>
      </symbol>
      <symbol id="sm-447">
         <name>_OLED_Fill</name>
         <value>0x3f4ab7</value>
         <object_component_ref idref="oc-175"/>
      </symbol>
      <symbol id="sm-449">
         <name>_OLED_ShowString</name>
         <value>0x3f4a35</value>
         <object_component_ref idref="oc-175"/>
      </symbol>
      <symbol id="sm-44b">
         <name>_OLED_ShowChar</name>
         <value>0x3f49f4</value>
         <object_component_ref idref="oc-175"/>
      </symbol>
      <symbol id="sm-44d">
         <name>_OLED_OFF</name>
         <value>0x3f4bd5</value>
         <object_component_ref idref="oc-175"/>
      </symbol>
      <symbol id="sm-44f">
         <name>_OLED_ON</name>
         <value>0x3f4bd1</value>
         <object_component_ref idref="oc-175"/>
      </symbol>
      <symbol id="sm-451">
         <name>_num2char</name>
         <value>0x3f4b60</value>
         <object_component_ref idref="oc-175"/>
      </symbol>
      <symbol id="sm-453">
         <name>_F8X16</name>
         <value>0x3f56c6</value>
         <object_component_ref idref="oc-181"/>
      </symbol>
      <symbol id="sm-454">
         <name>_Hzk</name>
         <value>0x3f5cb6</value>
         <object_component_ref idref="oc-184"/>
      </symbol>
      <symbol id="sm-455">
         <name>_OLED_DrawSin</name>
         <value>0x3f4cb1</value>
         <object_component_ref idref="oc-175"/>
      </symbol>
      <symbol id="sm-457">
         <name>_OLED_ErasePoint</name>
         <value>0x3f4c9b</value>
         <object_component_ref idref="oc-175"/>
      </symbol>
      <symbol id="sm-459">
         <name>_OLED_Clean</name>
         <value>0x3f4a97</value>
         <object_component_ref idref="oc-175"/>
      </symbol>
      <symbol id="sm-45b">
         <name>_OLED_Init</name>
         <value>0x3f4985</value>
         <object_component_ref idref="oc-175"/>
      </symbol>
      <symbol id="sm-45d">
         <name>_OLED_DrawPoint</name>
         <value>0x3f4c51</value>
         <object_component_ref idref="oc-175"/>
      </symbol>
      <symbol id="sm-45f">
         <name>_OLED_ShowFloat</name>
         <value>0x3f4ad7</value>
         <object_component_ref idref="oc-175"/>
      </symbol>
      <symbol id="sm-461">
         <name>_OLED_WriteCommand</name>
         <value>0x3f4961</value>
         <object_component_ref idref="oc-175"/>
      </symbol>
      <symbol id="sm-463">
         <name>_OLED_ShowCHinese</name>
         <value>0x3f4bd9</value>
         <object_component_ref idref="oc-175"/>
      </symbol>
      <symbol id="sm-465">
         <name>_OLED_ShowNum</name>
         <value>0x3f4a4f</value>
         <object_component_ref idref="oc-175"/>
      </symbol>
      <symbol id="sm-4de">
         <name>_Usb0Regs</name>
         <value>0x4000</value>
         <object_component_ref idref="oc-118"/>
      </symbol>
      <symbol id="sm-4df">
         <name>_GpioCtrlRegs</name>
         <value>0x6f80</value>
         <object_component_ref idref="oc-113"/>
      </symbol>
      <symbol id="sm-4e0">
         <name>_PieVectTable</name>
         <value>0xd00</value>
         <object_component_ref idref="oc-117"/>
      </symbol>
      <symbol id="sm-4e1">
         <name>_SysPwrCtrlRegs</name>
         <value>0x985</value>
         <object_component_ref idref="oc-e5"/>
      </symbol>
      <symbol id="sm-4e2">
         <name>_EmuBMode</name>
         <value>0xd01</value>
         <object_component_ref idref="oc-e2"/>
      </symbol>
      <symbol id="sm-4e3">
         <name>_CsmRegs</name>
         <value>0xae0</value>
         <object_component_ref idref="oc-ed"/>
      </symbol>
      <symbol id="sm-4e4">
         <name>_ECanaLAMRegs</name>
         <value>0x6040</value>
         <object_component_ref idref="oc-108"/>
      </symbol>
      <symbol id="sm-4e5">
         <name>_AdcResult</name>
         <value>0xb00</value>
         <object_component_ref idref="oc-ec"/>
      </symbol>
      <symbol id="sm-4e6">
         <name>_EPwm4Regs</name>
         <value>0x68c0</value>
         <object_component_ref idref="oc-10e"/>
      </symbol>
      <symbol id="sm-4e7">
         <name>_CpuTimer1Regs</name>
         <value>0xc08</value>
         <object_component_ref idref="oc-e8"/>
      </symbol>
      <symbol id="sm-4e8">
         <name>_SysCtrlRegs</name>
         <value>0x7010</value>
         <object_component_ref idref="oc-105"/>
      </symbol>
      <symbol id="sm-4e9">
         <name>_HRCap4Regs</name>
         <value>0x6ca0</value>
         <object_component_ref idref="oc-100"/>
      </symbol>
      <symbol id="sm-4ea">
         <name>_EPwm5Regs</name>
         <value>0x6900</value>
         <object_component_ref idref="oc-10f"/>
      </symbol>
      <symbol id="sm-4eb">
         <name>_SpiaRegs</name>
         <value>0x7040</value>
         <object_component_ref idref="oc-f1"/>
      </symbol>
      <symbol id="sm-4ec">
         <name>_ECanaMOTSRegs</name>
         <value>0x6080</value>
         <object_component_ref idref="oc-109"/>
      </symbol>
      <symbol id="sm-4ed">
         <name>_DmaRegs</name>
         <value>0x1000</value>
         <object_component_ref idref="oc-115"/>
      </symbol>
      <symbol id="sm-4ee">
         <name>_FlashRegs</name>
         <value>0xa80</value>
         <object_component_ref idref="oc-eb"/>
      </symbol>
      <symbol id="sm-4ef">
         <name>_CpuTimer0Regs</name>
         <value>0xc00</value>
         <object_component_ref idref="oc-e7"/>
      </symbol>
      <symbol id="sm-4f0">
         <name>_DevEmuRegs</name>
         <value>0x880</value>
         <object_component_ref idref="oc-e6"/>
      </symbol>
      <symbol id="sm-4f1">
         <name>_EPwm6Regs</name>
         <value>0x6940</value>
         <object_component_ref idref="oc-110"/>
      </symbol>
      <symbol id="sm-4f2">
         <name>_Comp1Regs</name>
         <value>0x6400</value>
         <object_component_ref idref="oc-f4"/>
      </symbol>
      <symbol id="sm-4f3">
         <name>_SciaRegs</name>
         <value>0x7050</value>
         <object_component_ref idref="oc-ef"/>
      </symbol>
      <symbol id="sm-4f4">
         <name>_GpioDataRegs</name>
         <value>0x6fc0</value>
         <object_component_ref idref="oc-fb"/>
      </symbol>
      <symbol id="sm-4f5">
         <name>_CsmPwl</name>
         <value>0x3f7ff8</value>
         <object_component_ref idref="oc-ea"/>
      </symbol>
      <symbol id="sm-4f6">
         <name>_AdcRegs</name>
         <value>0x7100</value>
         <object_component_ref idref="oc-114"/>
      </symbol>
      <symbol id="sm-4f7">
         <name>_EPwm7Regs</name>
         <value>0x6980</value>
         <object_component_ref idref="oc-111"/>
      </symbol>
      <symbol id="sm-4f8">
         <name>_Comp2Regs</name>
         <value>0x6420</value>
         <object_component_ref idref="oc-f5"/>
      </symbol>
      <symbol id="sm-4f9">
         <name>_XIntruptRegs</name>
         <value>0x7070</value>
         <object_component_ref idref="oc-f3"/>
      </symbol>
      <symbol id="sm-4fa">
         <name>_CpuTimer2Regs</name>
         <value>0xc10</value>
         <object_component_ref idref="oc-e9"/>
      </symbol>
      <symbol id="sm-4fb">
         <name>_HRCap1Regs</name>
         <value>0x6ac0</value>
         <object_component_ref idref="oc-fd"/>
      </symbol>
      <symbol id="sm-4fc">
         <name>_PieCtrlRegs</name>
         <value>0xce0</value>
         <object_component_ref idref="oc-f7"/>
      </symbol>
      <symbol id="sm-4fd">
         <name>_SpibRegs</name>
         <value>0x7740</value>
         <object_component_ref idref="oc-f2"/>
      </symbol>
      <symbol id="sm-4fe">
         <name>_ECanaRegs</name>
         <value>0x6000</value>
         <object_component_ref idref="oc-106"/>
      </symbol>
      <symbol id="sm-4ff">
         <name>_Comp3Regs</name>
         <value>0x6440</value>
         <object_component_ref idref="oc-f6"/>
      </symbol>
      <symbol id="sm-500">
         <name>_ECap1Regs</name>
         <value>0x6a00</value>
         <object_component_ref idref="oc-f8"/>
      </symbol>
      <symbol id="sm-501">
         <name>_EmuKey</name>
         <value>0xd00</value>
         <object_component_ref idref="oc-e1"/>
      </symbol>
      <symbol id="sm-502">
         <name>_Cla1Regs</name>
         <value>0x1400</value>
         <object_component_ref idref="oc-107"/>
      </symbol>
      <symbol id="sm-503">
         <name>_EQep1Regs</name>
         <value>0x6b00</value>
         <object_component_ref idref="oc-101"/>
      </symbol>
      <symbol id="sm-504">
         <name>_McbspaRegs</name>
         <value>0x5000</value>
         <object_component_ref idref="oc-104"/>
      </symbol>
      <symbol id="sm-505">
         <name>_EPwm1Regs</name>
         <value>0x6800</value>
         <object_component_ref idref="oc-10b"/>
      </symbol>
      <symbol id="sm-506">
         <name>_ScibRegs</name>
         <value>0x7750</value>
         <object_component_ref idref="oc-f0"/>
      </symbol>
      <symbol id="sm-507">
         <name>_ECap2Regs</name>
         <value>0x6a20</value>
         <object_component_ref idref="oc-f9"/>
      </symbol>
      <symbol id="sm-508">
         <name>_GpioIntRegs</name>
         <value>0x6fe0</value>
         <object_component_ref idref="oc-fc"/>
      </symbol>
      <symbol id="sm-509">
         <name>_EQep2Regs</name>
         <value>0x6b40</value>
         <object_component_ref idref="oc-102"/>
      </symbol>
      <symbol id="sm-50a">
         <name>_PartIdRegs</name>
         <value>0x3d7e80</value>
         <object_component_ref idref="oc-e0"/>
      </symbol>
      <symbol id="sm-50b">
         <name>_HRCap3Regs</name>
         <value>0x6c80</value>
         <object_component_ref idref="oc-ff"/>
      </symbol>
      <symbol id="sm-50c">
         <name>_EPwm8Regs</name>
         <value>0x69c0</value>
         <object_component_ref idref="oc-112"/>
      </symbol>
      <symbol id="sm-50d">
         <name>_Flash_CPUScaleFactor</name>
         <value>0xd04</value>
         <object_component_ref idref="oc-e3"/>
      </symbol>
      <symbol id="sm-50e">
         <name>_EPwm2Regs</name>
         <value>0x6840</value>
         <object_component_ref idref="oc-10c"/>
      </symbol>
      <symbol id="sm-50f">
         <name>_ECanaMboxes</name>
         <value>0x6100</value>
         <object_component_ref idref="oc-116"/>
      </symbol>
      <symbol id="sm-510">
         <name>_ECap3Regs</name>
         <value>0x6a40</value>
         <object_component_ref idref="oc-fa"/>
      </symbol>
      <symbol id="sm-511">
         <name>_HRCap2Regs</name>
         <value>0x6ae0</value>
         <object_component_ref idref="oc-fe"/>
      </symbol>
      <symbol id="sm-512">
         <name>_NmiIntruptRegs</name>
         <value>0x7060</value>
         <object_component_ref idref="oc-ee"/>
      </symbol>
      <symbol id="sm-513">
         <name>_ECanaMOTORegs</name>
         <value>0x60c0</value>
         <object_component_ref idref="oc-10a"/>
      </symbol>
      <symbol id="sm-514">
         <name>_Flash_CallbackPtr</name>
         <value>0xd02</value>
         <object_component_ref idref="oc-e4"/>
      </symbol>
      <symbol id="sm-515">
         <name>_EPwm3Regs</name>
         <value>0x6880</value>
         <object_component_ref idref="oc-10d"/>
      </symbol>
      <symbol id="sm-516">
         <name>_I2caRegs</name>
         <value>0x7900</value>
         <object_component_ref idref="oc-103"/>
      </symbol>
      <symbol id="sm-526">
         <name>_sqrtf</name>
         <value>0x3f55da</value>
         <object_component_ref idref="oc-178"/>
      </symbol>
      <symbol id="sm-528">
         <name>_sqrt</name>
         <value>0x3f55da</value>
         <object_component_ref idref="oc-178"/>
      </symbol>
      <symbol id="sm-536">
         <name>_cos</name>
         <value>0x3f54d0</value>
         <object_component_ref idref="oc-177"/>
      </symbol>
      <symbol id="sm-537">
         <name>_cosf</name>
         <value>0x3f54d0</value>
         <object_component_ref idref="oc-177"/>
      </symbol>
      <symbol id="sm-545">
         <name>_sin</name>
         <value>0x3f546a</value>
         <object_component_ref idref="oc-16d"/>
      </symbol>
      <symbol id="sm-546">
         <name>_sinf</name>
         <value>0x3f546a</value>
         <object_component_ref idref="oc-16d"/>
      </symbol>
      <symbol id="sm-562">
         <name>_c_int00</name>
         <value>0x3f5533</value>
         <object_component_ref idref="oc-53"/>
      </symbol>
      <symbol id="sm-563">
         <name>__stack</name>
         <value>0x50</value>
         <object_component_ref idref="oc-129"/>
      </symbol>
      <symbol id="sm-574">
         <name>FS$$DIV</name>
         <value>0x3f53e2</value>
         <object_component_ref idref="oc-12f"/>
      </symbol>
      <symbol id="sm-582">
         <name>I$$MOD</name>
         <value>0x3f565c</value>
         <object_component_ref idref="oc-134"/>
      </symbol>
      <symbol id="sm-583">
         <name>I$$DIV</name>
         <value>0x3f564b</value>
         <object_component_ref idref="oc-134"/>
      </symbol>
      <symbol id="sm-58f">
         <name>U$$MOD</name>
         <value>0x3f56a1</value>
         <object_component_ref idref="oc-139"/>
      </symbol>
      <symbol id="sm-590">
         <name>U$$DIV</name>
         <value>0x3f569c</value>
         <object_component_ref idref="oc-139"/>
      </symbol>
      <symbol id="sm-59f">
         <name>_copy_in</name>
         <value>0x3f5627</value>
         <object_component_ref idref="oc-168"/>
      </symbol>
      <symbol id="sm-5b1">
         <name>_memcpy</name>
         <value>0x3f566d</value>
         <object_component_ref idref="oc-16f"/>
      </symbol>
      <symbol id="sm-5be">
         <name>__system_pre_init</name>
         <value>0x3f56c2</value>
         <object_component_ref idref="oc-167"/>
      </symbol>
      <symbol id="sm-5cc">
         <name>__system_post_cinit</name>
         <value>0x3f56c4</value>
         <object_component_ref idref="oc-169"/>
      </symbol>
      <symbol id="sm-5e1">
         <name>C$$EXIT</name>
         <value>0x3f5589</value>
         <object_component_ref idref="oc-16b"/>
      </symbol>
      <symbol id="sm-5e2">
         <name>_exit</name>
         <value>0x3f558b</value>
         <object_component_ref idref="oc-16b"/>
      </symbol>
      <symbol id="sm-5e4">
         <name>___TI_cleanup_ptr</name>
         <value>0xa2f4</value>
         <object_component_ref idref="oc-154"/>
      </symbol>
      <symbol id="sm-5e5">
         <name>___TI_enable_exit_profile_output</name>
         <value>0xa2f2</value>
         <object_component_ref idref="oc-154"/>
      </symbol>
      <symbol id="sm-5e6">
         <name>_abort</name>
         <value>0x3f5589</value>
         <object_component_ref idref="oc-16b"/>
      </symbol>
      <symbol id="sm-5e8">
         <name>___TI_dtors_ptr</name>
         <value>0xa2f6</value>
         <object_component_ref idref="oc-154"/>
      </symbol>
      <symbol id="sm-5fc">
         <name>__unlock</name>
         <value>0xa2fe</value>
         <object_component_ref idref="oc-185"/>
      </symbol>
      <symbol id="sm-5fd">
         <name>__lock</name>
         <value>0xa2fc</value>
         <object_component_ref idref="oc-170"/>
      </symbol>
      <symbol id="sm-5fe">
         <name>__register_lock</name>
         <value>0x3f56ab</value>
         <object_component_ref idref="oc-17d"/>
      </symbol>
      <symbol id="sm-600">
         <name>__nop</name>
         <value>0x3f56af</value>
         <object_component_ref idref="oc-17d"/>
      </symbol>
      <symbol id="sm-602">
         <name>__register_unlock</name>
         <value>0x3f56a7</value>
         <object_component_ref idref="oc-17d"/>
      </symbol>
      <symbol id="sm-612">
         <name>__args_main</name>
         <value>0x3f568a</value>
         <object_component_ref idref="oc-16a"/>
      </symbol>
      <symbol id="sm-61d">
         <name>_errno</name>
         <value>0xa394</value>
         <object_component_ref idref="oc-165"/>
      </symbol>
   </symbol_table>
   <title>Link successful</title>
</link_info>
