******************************************************************************
             TMS320C2000 Linker PC v22.6.1                     
******************************************************************************
>> Linked Fri May 22 11:12:48 2026

OUTPUT FILE NAME:   <JIXUN1_SPWM.out>
ENTRY POINT SYMBOL: "_c_int00"  address: 003f5533


MEMORY CONFIGURATION

         name            origin    length      used     unused   attr    fill
----------------------  --------  ---------  --------  --------  ----  --------
PAGE 0:
  RAML0                 00008000   00000800  00000004  000007fc  RWIX
  RAML1                 00008800   00000400  00000000  00000400  RWIX
  OTP                   003d7800   00000400  00000000  00000400  RWIX
  FLASHH                003d8000   00004000  00000000  00004000  RWIX
  FLASHG                003dc000   00004000  00000000  00004000  RWIX
  FLASHF                003e0000   00004000  00000000  00004000  RWIX
  FLASHE                003e4000   00004000  00000000  00004000  RWIX
  FLASHD                003e8000   00004000  00000004  00003ffc  RWIX
  FLASHC                003ec000   00004000  00000000  00004000  RWIX
  FLASHA                003f4000   00003f80  00002177  00001e09  RWIX
  CSM_RSVD              003f7f80   00000076  00000076  00000000  RWIX
  BEGIN                 003f7ff6   00000002  00000002  00000000  RWIX
  CSM_PWL_P0            003f7ff8   00000008  00000008  00000000  RWIX
  FPUTABLES             003fd860   000006a0  00000000  000006a0  RWIX
  IQTABLES              003fdf00   00000b50  00000000  00000b50  RWIX
  IQTABLES2             003fea50   0000008c  00000000  0000008c  RWIX
  IQTABLES3             003feadc   000000aa  00000000  000000aa  RWIX
  ROM                   003ff3b0   00000c10  00000000  00000c10  RWIX
  RESET                 003fffc0   00000002  00000000  00000002  RWIX
  VECTORS               003fffc2   0000003e  00000000  0000003e  RWIX

PAGE 1:
  BOOT_RSVD             00000000   00000050  00000000  00000050  RWIX
  RAMM0                 00000050   000003b0  00000300  000000b0  RWIX
  RAMM1                 00000400   00000400  00000000  00000400  RWIX
  DEV_EMU               00000880   00000105  00000004  00000101  RWIX
  SYS_PWR_CTL           00000985   00000003  00000003  00000000  RWIX
  FLASH_REGS            00000a80   00000060  00000008  00000058  RWIX
  CSM                   00000ae0   00000020  00000010  00000010  RWIX
  ADC_RESULT            00000b00   00000020  00000010  00000010  RWIX
  CPU_TIMER0            00000c00   00000008  00000008  00000000  RWIX
  CPU_TIMER1            00000c08   00000008  00000008  00000000  RWIX
  CPU_TIMER2            00000c10   00000008  00000008  00000000  RWIX
  PIE_CTRL              00000ce0   00000020  0000001a  00000006  RWIX
  PIE_VECT              00000d00   00000100  00000100  00000000  RWIX
  DMA                   00001000   00000200  000000e0  00000120  RWIX
  CLA1                  00001400   00000080  00000040  00000040  RWIX
  USB0                  00004000   00001000  00000454  00000bac  RWIX
  McBSPA                00005000   00000040  00000024  0000001c  RWIX
  ECANA                 00006000   00000040  00000034  0000000c  RWIX
  ECANA_LAM             00006040   00000040  00000040  00000000  RWIX
  ECANA_MOTS            00006080   00000040  00000040  00000000  RWIX
  ECANA_MOTO            000060c0   00000040  00000040  00000000  RWIX
  ECANA_MBOX            00006100   00000100  00000100  00000000  RWIX
  COMP1                 00006400   00000020  00000014  0000000c  RWIX
  COMP2                 00006420   00000020  00000014  0000000c  RWIX
  COMP3                 00006440   00000020  00000014  0000000c  RWIX
  EPWM1                 00006800   00000040  00000040  00000000  RWIX
  EPWM2                 00006840   00000040  00000040  00000000  RWIX
  EPWM3                 00006880   00000040  00000040  00000000  RWIX
  EPWM4                 000068c0   00000040  00000040  00000000  RWIX
  EPWM5                 00006900   00000040  00000040  00000000  RWIX
  EPWM6                 00006940   00000040  00000040  00000000  RWIX
  EPWM7                 00006980   00000040  00000040  00000000  RWIX
  EPWM8                 000069c0   00000040  00000040  00000000  RWIX
  ECAP1                 00006a00   00000020  00000020  00000000  RWIX
  ECAP2                 00006a20   00000020  00000020  00000000  RWIX
  ECAP3                 00006a40   00000020  00000020  00000000  RWIX
  HRCAP1                00006ac0   00000020  00000020  00000000  RWIX
  HRCAP2                00006ae0   00000020  00000020  00000000  RWIX
  EQEP1                 00006b00   00000040  00000022  0000001e  RWIX
  EQEP2                 00006b40   00000040  00000022  0000001e  RWIX
  HRCAP3                00006c80   00000020  00000020  00000000  RWIX
  HRCAP4                00006ca0   00000020  00000020  00000000  RWIX
  GPIOCTRL              00006f80   00000040  00000040  00000000  RWIX
  GPIODAT               00006fc0   00000020  00000020  00000000  RWIX
  GPIOINT               00006fe0   00000020  00000020  00000000  RWIX
  SYSTEM                00007010   00000030  00000030  00000000  RWIX
  SPIA                  00007040   00000010  00000010  00000000  RWIX
  SCIA                  00007050   00000010  00000010  00000000  RWIX
  NMIINTRUPT            00007060   00000010  00000010  00000000  RWIX
  XINTRUPT              00007070   00000010  00000010  00000000  RWIX
  ADC                   00007100   00000080  00000050  00000030  RWIX
  SPIB                  00007740   00000010  00000010  00000000  RWIX
  SCIB                  00007750   00000010  00000010  00000000  RWIX
  I2CA                  00007900   00000040  00000022  0000001e  RWIX
  RAML2                 00008c00   00000400  00000000  00000400  RWIX
  RAML3                 00009000   00001000  00000000  00001000  RWIX
  RAML4                 0000a000   00002000  00000395  00001c6b  RWIX
  RAML5                 0000c000   00002000  00000000  00002000  RWIX
  RAML6                 0000e000   00002000  00000000  00002000  RWIX
  RAML7                 00010000   00002000  00000000  00002000  RWIX
  RAML8                 00012000   00002000  00000000  00002000  RWIX
  USB_RAM               00040000   00000800  00000000  00000800  RWIX
  PARTID                003d7e80   00000001  00000001  00000000  RWIX
  FLASHB                003f0000   00004000  00000000  00004000  RWIX
  CSM_PWL               003f7ff8   00000008  00000008  00000000  RWIX


SECTION ALLOCATION MAP

 output                                  attributes/
section   page    origin      length       input sections
--------  ----  ----------  ----------   ----------------
.cinit     0    003f602e    0000014a     
                  003f602e    00000118     main.obj (.cinit)
                  003f6146    0000000e     rts2800_fpu32.lib : exit.c.obj (.cinit)
                  003f6154    0000000d     oled.obj (.cinit:_table)
                  003f6161    00000007     main.obj (.cinit:_tag_list)
                  003f6168    00000005     rts2800_fpu32.lib : _lock.c.obj (.cinit:__lock)
                  003f616d    00000005                       : _lock.c.obj (.cinit:__unlock)
                  003f6172    00000004                       : errno.c.obj (.cinit)
                  003f6176    00000002     --HOLE-- [fill = 0]

.pinit     0    003f4000    00000000     UNINITIALIZED

ramfuncs   0    003e8000    00000004     RUN ADDR = 00008000
                  003e8000    00000004     F2806x_usDelay.obj (ramfuncs)

.text      0    003f4000    000016c5     
                  003f4000    000005c6     main.obj (.text)
                  003f45c6    0000039b     F2806x_DefaultIsr.obj (.text:retain)
                  003f4961    00000389     oled.obj (.text)
                  003f4cea    00000237     F2806x_Adc.obj (.text)
                  003f4f21    000001d1     main.obj (.text:retain)
                  003f50f2    0000018a     F2806x_SysCtrl.obj (.text)
                  003f527c    000000d8     F2806x_EPwm.obj (.text)
                  003f5354    0000008e     iic.obj (.text)
                  003f53e2    00000088     rts2800_fpu32.lib : fs_div28.asm.obj (.text)
                  003f546a    00000066                       : s_sinf.c.obj (.text)
                  003f54d0    00000063                       : s_cosf.c.obj (.text)
                  003f5533    00000056                       : boot28.asm.obj (.text)
                  003f5589    00000029                       : exit.c.obj (.text)
                  003f55b2    00000028     F2806x_PieCtrl.obj (.text)
                  003f55da    00000027     rts2800_fpu32.lib : e_sqrtf.c.obj (.text)
                  003f5601    00000026     F2806x_PieVect.obj (.text)
                  003f5627    00000024     rts2800_fpu32.lib : cpy_tbl.c.obj (.text)
                  003f564b    00000022                       : i_div28.asm.obj (.text)
                  003f566d    0000001d                       : memcpy.c.obj (.text)
                  003f568a    00000012                       : args_main.c.obj (.text)
                  003f569c    0000000b                       : u_div28.asm.obj (.text)
                  003f56a7    00000009                       : _lock.c.obj (.text)
                  003f56b0    00000008     F2806x_CodeStartBranch.obj (.text)
                  003f56b8    00000007     F2806x_DisInt.obj (.text)
                  003f56bf    00000003     F2806x_DBGIER.obj (.text)
                  003f56c2    00000002     rts2800_fpu32.lib : pre_init.c.obj (.text)
                  003f56c4    00000001                       : startup.c.obj (.text)

csm_rsvd   0    003f7f80    00000076     
                  003f7f80    00000076     F2806x_CSMPasswords.obj (csm_rsvd)

codestart 
*          0    003f7ff6    00000002     
                  003f7ff6    00000002     F2806x_CodeStartBranch.obj (codestart)

csmpasswds 
*          0    003f7ff8    00000008     
                  003f7ff8    00000008     F2806x_CSMPasswords.obj (csmpasswds)

.stack     1    00000050    00000300     UNINITIALIZED
                  00000050    00000300     --HOLE--

.ebss      1    0000a000    00000395     UNINITIALIZED
                  0000a000    00000168     main.obj (.ebss:_sinx1)
                  0000a168    00000018     F2806x_CpuTimers.obj (.ebss)
                  0000a180    00000168     main.obj (.ebss:_sinx2)
                  0000a2e8    0000000a     oled.obj (.ebss:_table)
                  0000a2f2    00000006     rts2800_fpu32.lib : exit.c.obj (.ebss)
                  0000a2f8    00000004     main.obj (.ebss:_tag_list)
                  0000a2fc    00000002     rts2800_fpu32.lib : _lock.c.obj (.ebss:__lock)
                  0000a2fe    00000002                       : _lock.c.obj (.ebss:__unlock)
                  0000a300    00000094     main.obj (.ebss)
                  0000a394    00000001     rts2800_fpu32.lib : errno.c.obj (.ebss)

.econst    0    003f56c6    00000968     
                  003f56c6    000005f0     oled.obj (.econst:.string:_F8X16)
                  003f5cb6    00000260     oled.obj (.econst:_Hzk)
                  003f5f16    00000100     F2806x_PieVect.obj (.econst:_PieVectTableInit)
                  003f6016    00000018     main.obj (.econst:.string)

.reset     0    003fffc0    00000002     DSECT
                  003fffc0    00000002     rts2800_fpu32.lib : boot28.asm.obj (.reset)

vectors    0    003fffc2    00000000     DSECT

DevEmuRegsFile 
*          1    00000880    00000004     UNINITIALIZED
                  00000880    00000004     F2806x_GlobalVariableDefs.obj (DevEmuRegsFile)

SysPwrCtrlRegsFile 
*          1    00000985    00000003     UNINITIALIZED
                  00000985    00000003     F2806x_GlobalVariableDefs.obj (SysPwrCtrlRegsFile)

FlashRegsFile 
*          1    00000a80    00000008     UNINITIALIZED
                  00000a80    00000008     F2806x_GlobalVariableDefs.obj (FlashRegsFile)

CsmRegsFile 
*          1    00000ae0    00000010     UNINITIALIZED
                  00000ae0    00000010     F2806x_GlobalVariableDefs.obj (CsmRegsFile)

AdcResultFile 
*          1    00000b00    00000010     UNINITIALIZED
                  00000b00    00000010     F2806x_GlobalVariableDefs.obj (AdcResultFile)

CpuTimer0RegsFile 
*          1    00000c00    00000008     UNINITIALIZED
                  00000c00    00000008     F2806x_GlobalVariableDefs.obj (CpuTimer0RegsFile)

CpuTimer1RegsFile 
*          1    00000c08    00000008     UNINITIALIZED
                  00000c08    00000008     F2806x_GlobalVariableDefs.obj (CpuTimer1RegsFile)

CpuTimer2RegsFile 
*          1    00000c10    00000008     UNINITIALIZED
                  00000c10    00000008     F2806x_GlobalVariableDefs.obj (CpuTimer2RegsFile)

PieCtrlRegsFile 
*          1    00000ce0    0000001a     UNINITIALIZED
                  00000ce0    0000001a     F2806x_GlobalVariableDefs.obj (PieCtrlRegsFile)

PieVectTableFile 
*          1    00000d00    00000100     UNINITIALIZED
                  00000d00    00000100     F2806x_GlobalVariableDefs.obj (PieVectTableFile)

EmuKeyVar 
*          1    00000d00    00000001     UNINITIALIZED
                  00000d00    00000001     F2806x_GlobalVariableDefs.obj (EmuKeyVar)

EmuBModeVar 
*          1    00000d01    00000001     UNINITIALIZED
                  00000d01    00000001     F2806x_GlobalVariableDefs.obj (EmuBModeVar)

FlashCallbackVar 
*          1    00000d02    00000002     UNINITIALIZED
                  00000d02    00000002     F2806x_GlobalVariableDefs.obj (FlashCallbackVar)

FlashScalingVar 
*          1    00000d04    00000002     UNINITIALIZED
                  00000d04    00000002     F2806x_GlobalVariableDefs.obj (FlashScalingVar)

DmaRegsFile 
*          1    00001000    000000e0     UNINITIALIZED
                  00001000    000000e0     F2806x_GlobalVariableDefs.obj (DmaRegsFile)

Cla1RegsFile 
*          1    00001400    00000040     UNINITIALIZED
                  00001400    00000040     F2806x_GlobalVariableDefs.obj (Cla1RegsFile)

Usb0RegsFile 
*          1    00004000    00000454     UNINITIALIZED
                  00004000    00000454     F2806x_GlobalVariableDefs.obj (Usb0RegsFile)

McbspaRegsFile 
*          1    00005000    00000024     UNINITIALIZED
                  00005000    00000024     F2806x_GlobalVariableDefs.obj (McbspaRegsFile)

ECanaRegsFile 
*          1    00006000    00000034     UNINITIALIZED
                  00006000    00000034     F2806x_GlobalVariableDefs.obj (ECanaRegsFile)

ECanaLAMRegsFile 
*          1    00006040    00000040     UNINITIALIZED
                  00006040    00000040     F2806x_GlobalVariableDefs.obj (ECanaLAMRegsFile)

ECanaMOTSRegsFile 
*          1    00006080    00000040     UNINITIALIZED
                  00006080    00000040     F2806x_GlobalVariableDefs.obj (ECanaMOTSRegsFile)

ECanaMOTORegsFile 
*          1    000060c0    00000040     UNINITIALIZED
                  000060c0    00000040     F2806x_GlobalVariableDefs.obj (ECanaMOTORegsFile)

ECanaMboxesFile 
*          1    00006100    00000100     UNINITIALIZED
                  00006100    00000100     F2806x_GlobalVariableDefs.obj (ECanaMboxesFile)

Comp1RegsFile 
*          1    00006400    00000014     UNINITIALIZED
                  00006400    00000014     F2806x_GlobalVariableDefs.obj (Comp1RegsFile)

Comp2RegsFile 
*          1    00006420    00000014     UNINITIALIZED
                  00006420    00000014     F2806x_GlobalVariableDefs.obj (Comp2RegsFile)

Comp3RegsFile 
*          1    00006440    00000014     UNINITIALIZED
                  00006440    00000014     F2806x_GlobalVariableDefs.obj (Comp3RegsFile)

EPwm1RegsFile 
*          1    00006800    00000040     UNINITIALIZED
                  00006800    00000040     F2806x_GlobalVariableDefs.obj (EPwm1RegsFile)

EPwm2RegsFile 
*          1    00006840    00000040     UNINITIALIZED
                  00006840    00000040     F2806x_GlobalVariableDefs.obj (EPwm2RegsFile)

EPwm3RegsFile 
*          1    00006880    00000040     UNINITIALIZED
                  00006880    00000040     F2806x_GlobalVariableDefs.obj (EPwm3RegsFile)

EPwm4RegsFile 
*          1    000068c0    00000040     UNINITIALIZED
                  000068c0    00000040     F2806x_GlobalVariableDefs.obj (EPwm4RegsFile)

EPwm5RegsFile 
*          1    00006900    00000040     UNINITIALIZED
                  00006900    00000040     F2806x_GlobalVariableDefs.obj (EPwm5RegsFile)

EPwm6RegsFile 
*          1    00006940    00000040     UNINITIALIZED
                  00006940    00000040     F2806x_GlobalVariableDefs.obj (EPwm6RegsFile)

EPwm7RegsFile 
*          1    00006980    00000040     UNINITIALIZED
                  00006980    00000040     F2806x_GlobalVariableDefs.obj (EPwm7RegsFile)

EPwm8RegsFile 
*          1    000069c0    00000040     UNINITIALIZED
                  000069c0    00000040     F2806x_GlobalVariableDefs.obj (EPwm8RegsFile)

ECap1RegsFile 
*          1    00006a00    00000020     UNINITIALIZED
                  00006a00    00000020     F2806x_GlobalVariableDefs.obj (ECap1RegsFile)

ECap2RegsFile 
*          1    00006a20    00000020     UNINITIALIZED
                  00006a20    00000020     F2806x_GlobalVariableDefs.obj (ECap2RegsFile)

ECap3RegsFile 
*          1    00006a40    00000020     UNINITIALIZED
                  00006a40    00000020     F2806x_GlobalVariableDefs.obj (ECap3RegsFile)

HRCap1RegsFile 
*          1    00006ac0    00000020     UNINITIALIZED
                  00006ac0    00000020     F2806x_GlobalVariableDefs.obj (HRCap1RegsFile)

HRCap2RegsFile 
*          1    00006ae0    00000020     UNINITIALIZED
                  00006ae0    00000020     F2806x_GlobalVariableDefs.obj (HRCap2RegsFile)

EQep1RegsFile 
*          1    00006b00    00000022     UNINITIALIZED
                  00006b00    00000022     F2806x_GlobalVariableDefs.obj (EQep1RegsFile)

EQep2RegsFile 
*          1    00006b40    00000022     UNINITIALIZED
                  00006b40    00000022     F2806x_GlobalVariableDefs.obj (EQep2RegsFile)

HRCap3RegsFile 
*          1    00006c80    00000020     UNINITIALIZED
                  00006c80    00000020     F2806x_GlobalVariableDefs.obj (HRCap3RegsFile)

HRCap4RegsFile 
*          1    00006ca0    00000020     UNINITIALIZED
                  00006ca0    00000020     F2806x_GlobalVariableDefs.obj (HRCap4RegsFile)

GpioCtrlRegsFile 
*          1    00006f80    00000040     UNINITIALIZED
                  00006f80    00000040     F2806x_GlobalVariableDefs.obj (GpioCtrlRegsFile)

GpioDataRegsFile 
*          1    00006fc0    00000020     UNINITIALIZED
                  00006fc0    00000020     F2806x_GlobalVariableDefs.obj (GpioDataRegsFile)

GpioIntRegsFile 
*          1    00006fe0    00000020     UNINITIALIZED
                  00006fe0    00000020     F2806x_GlobalVariableDefs.obj (GpioIntRegsFile)

SysCtrlRegsFile 
*          1    00007010    00000030     UNINITIALIZED
                  00007010    00000030     F2806x_GlobalVariableDefs.obj (SysCtrlRegsFile)

SpiaRegsFile 
*          1    00007040    00000010     UNINITIALIZED
                  00007040    00000010     F2806x_GlobalVariableDefs.obj (SpiaRegsFile)

SciaRegsFile 
*          1    00007050    00000010     UNINITIALIZED
                  00007050    00000010     F2806x_GlobalVariableDefs.obj (SciaRegsFile)

NmiIntruptRegsFile 
*          1    00007060    00000010     UNINITIALIZED
                  00007060    00000010     F2806x_GlobalVariableDefs.obj (NmiIntruptRegsFile)

XIntruptRegsFile 
*          1    00007070    00000010     UNINITIALIZED
                  00007070    00000010     F2806x_GlobalVariableDefs.obj (XIntruptRegsFile)

AdcRegsFile 
*          1    00007100    00000050     UNINITIALIZED
                  00007100    00000050     F2806x_GlobalVariableDefs.obj (AdcRegsFile)

SpibRegsFile 
*          1    00007740    00000010     UNINITIALIZED
                  00007740    00000010     F2806x_GlobalVariableDefs.obj (SpibRegsFile)

ScibRegsFile 
*          1    00007750    00000010     UNINITIALIZED
                  00007750    00000010     F2806x_GlobalVariableDefs.obj (ScibRegsFile)

I2caRegsFile 
*          1    00007900    00000022     UNINITIALIZED
                  00007900    00000022     F2806x_GlobalVariableDefs.obj (I2caRegsFile)

PartIdRegsFile 
*          1    003d7e80    00000001     UNINITIALIZED
                  003d7e80    00000001     F2806x_GlobalVariableDefs.obj (PartIdRegsFile)

CsmPwlFile 
*          1    003f7ff8    00000008     UNINITIALIZED
                  003f7ff8    00000008     F2806x_GlobalVariableDefs.obj (CsmPwlFile)

MODULE SUMMARY

       Module                          code   initialized data   uninitialized data
       ------                          ----   ----------------   ------------------
    .\
       main.obj                        1943   311                872               
    +--+-------------------------------+------+------------------+--------------------+
       Total:                          1943   311                872               
                                                                                   
    .\F2806x_common\source\
       oled.obj                        905    2141               10                
       F2806x_DefaultIsr.obj           923    0                  0                 
       F2806x_Adc.obj                  567    0                  0                 
       F2806x_SysCtrl.obj              394    0                  0                 
       F2806x_PieVect.obj              38     256                0                 
       F2806x_EPwm.obj                 216    0                  0                 
       iic.obj                         142    0                  0                 
       F2806x_CSMPasswords.obj         0      126                0                 
       F2806x_PieCtrl.obj              40     0                  0                 
       F2806x_CpuTimers.obj            0      0                  24                
       F2806x_CodeStartBranch.obj      10     0                  0                 
       F2806x_usDelay.obj              8      0                  0                 
       F2806x_DisInt.obj               7      0                  0                 
       F2806x_DBGIER.obj               3      0                  0                 
    +--+-------------------------------+------+------------------+--------------------+
       Total:                          3253   2523               34                
                                                                                   
    .\F2806x_headers\source\
       F2806x_GlobalVariableDefs.obj   0      0                  3550              
    +--+-------------------------------+------+------------------+--------------------+
       Total:                          0      0                  3550              
                                                                                   
    C:\ti\ccs1250\ccs\tools\compiler\ti-cgt-c2000_22.6.1.LTS\lib\rts2800_fpu32.lib
       fs_div28.asm.obj                136    0                  0                 
       s_sinf.c.obj                    102    0                  0                 
       s_cosf.c.obj                    99     0                  0                 
       boot28.asm.obj                  86     0                  0                 
       exit.c.obj                      41     14                 6                 
       e_sqrtf.c.obj                   39     0                  0                 
       cpy_tbl.c.obj                   36     0                  0                 
       i_div28.asm.obj                 34     0                  0                 
       memcpy.c.obj                    29     0                  0                 
       _lock.c.obj                     9      10                 4                 
       args_main.c.obj                 18     0                  0                 
       u_div28.asm.obj                 11     0                  0                 
       errno.c.obj                     0      4                  1                 
       pre_init.c.obj                  2      0                  0                 
       startup.c.obj                   1      0                  0                 
    +--+-------------------------------+------+------------------+--------------------+
       Total:                          643    28                 11                
                                                                                   
       Stack:                          0      0                  768               
    +--+-------------------------------+------+------------------+--------------------+
       Grand Total:                    5839   2862               5235              


GLOBAL DATA SYMBOLS: SORTED BY DATA PAGE

address     data page           name
--------    ----------------    ----
00000050       1 (00000040)     __stack

00000880      22 (00000880)     _DevEmuRegs

00000985      26 (00000980)     _SysPwrCtrlRegs

00000a80      2a (00000a80)     _FlashRegs

00000ae0      2b (00000ac0)     _CsmRegs

00000b00      2c (00000b00)     _AdcResult

00000c00      30 (00000c00)     _CpuTimer0Regs
00000c08      30 (00000c00)     _CpuTimer1Regs
00000c10      30 (00000c00)     _CpuTimer2Regs

00000ce0      33 (00000cc0)     _PieCtrlRegs

00000d00      34 (00000d00)     _EmuKey
00000d00      34 (00000d00)     _PieVectTable
00000d01      34 (00000d00)     _EmuBMode
00000d02      34 (00000d00)     _Flash_CallbackPtr
00000d04      34 (00000d00)     _Flash_CPUScaleFactor

00001000      40 (00001000)     _DmaRegs

00001400      50 (00001400)     _Cla1Regs

00004000     100 (00004000)     _Usb0Regs

00005000     140 (00005000)     _McbspaRegs

00006000     180 (00006000)     _ECanaRegs

00006040     181 (00006040)     _ECanaLAMRegs

00006080     182 (00006080)     _ECanaMOTSRegs

000060c0     183 (000060c0)     _ECanaMOTORegs

00006100     184 (00006100)     _ECanaMboxes

00006400     190 (00006400)     _Comp1Regs
00006420     190 (00006400)     _Comp2Regs

00006440     191 (00006440)     _Comp3Regs

00006800     1a0 (00006800)     _EPwm1Regs

00006840     1a1 (00006840)     _EPwm2Regs

00006880     1a2 (00006880)     _EPwm3Regs

000068c0     1a3 (000068c0)     _EPwm4Regs

00006900     1a4 (00006900)     _EPwm5Regs

00006940     1a5 (00006940)     _EPwm6Regs

00006980     1a6 (00006980)     _EPwm7Regs

000069c0     1a7 (000069c0)     _EPwm8Regs

00006a00     1a8 (00006a00)     _ECap1Regs
00006a20     1a8 (00006a00)     _ECap2Regs

00006a40     1a9 (00006a40)     _ECap3Regs

00006ac0     1ab (00006ac0)     _HRCap1Regs
00006ae0     1ab (00006ac0)     _HRCap2Regs

00006b00     1ac (00006b00)     _EQep1Regs

00006b40     1ad (00006b40)     _EQep2Regs

00006c80     1b2 (00006c80)     _HRCap3Regs
00006ca0     1b2 (00006c80)     _HRCap4Regs

00006f80     1be (00006f80)     _GpioCtrlRegs

00006fc0     1bf (00006fc0)     _GpioDataRegs
00006fe0     1bf (00006fc0)     _GpioIntRegs

00007010     1c0 (00007000)     _SysCtrlRegs

00007040     1c1 (00007040)     _SpiaRegs
00007050     1c1 (00007040)     _SciaRegs
00007060     1c1 (00007040)     _NmiIntruptRegs
00007070     1c1 (00007040)     _XIntruptRegs

00007100     1c4 (00007100)     _AdcRegs

00007740     1dd (00007740)     _SpibRegs
00007750     1dd (00007740)     _ScibRegs

00007900     1e4 (00007900)     _I2caRegs

0000a000     280 (0000a000)     _sinx1

0000a168     285 (0000a140)     _CpuTimer0
0000a170     285 (0000a140)     _CpuTimer1
0000a178     285 (0000a140)     _CpuTimer2

0000a180     286 (0000a180)     _sinx2

0000a2f2     28b (0000a2c0)     ___TI_enable_exit_profile_output
0000a2f4     28b (0000a2c0)     ___TI_cleanup_ptr
0000a2f6     28b (0000a2c0)     ___TI_dtors_ptr
0000a2f8     28b (0000a2c0)     _tag_list
0000a2fc     28b (0000a2c0)     __lock
0000a2fe     28b (0000a2c0)     __unlock

0000a300     28c (0000a300)     _key
0000a301     28c (0000a300)     _N_key
0000a302     28c (0000a300)     _EPWM1_MAX_CMP
0000a303     28c (0000a300)     _EPWM1_MIN_CMP
0000a304     28c (0000a300)     _Sin_Resolution
0000a305     28c (0000a300)     _sin_len
0000a306     28c (0000a300)     _for_count
0000a307     28c (0000a300)     _epwm_count
0000a308     28c (0000a300)     _tag
0000a309     28c (0000a300)     _t_n
0000a30a     28c (0000a300)     _tag_last
0000a30b     28c (0000a300)     _c
0000a30c     28c (0000a300)     _g_j
0000a30d     28c (0000a300)     _g_i
0000a30e     28c (0000a300)     _g_k
0000a310     28c (0000a300)     _U_REF
0000a312     28c (0000a300)     _I_REF
0000a314     28c (0000a300)     _a
0000a316     28c (0000a300)     _sum1
0000a318     28c (0000a300)     _sum2
0000a31a     28c (0000a300)     _U_in
0000a31c     28c (0000a300)     _I_in
0000a31e     28c (0000a300)     _U_out
0000a320     28c (0000a300)     _I_out
0000a322     28c (0000a300)     _I_L
0000a324     28c (0000a300)     _U_RMS
0000a326     28c (0000a300)     _I_RMS
0000a328     28c (0000a300)     _U_near0
0000a32a     28c (0000a300)     _Duty_Cycle
0000a32c     28c (0000a300)     _W0
0000a32e     28c (0000a300)     _W1
0000a330     28c (0000a300)     _W1_pi
0000a332     28c (0000a300)     _Ts
0000a334     28c (0000a300)     _k
0000a336     28c (0000a300)     _x
0000a338     28c (0000a300)     _Ua
0000a33a     28c (0000a300)     _Ub
0000a33c     28c (0000a300)     _Ud
0000a33e     28c (0000a300)     _Uq

0000a340     28d (0000a340)     _theta
0000a342     28d (0000a340)     _Uout
0000a344     28d (0000a340)     _Iout_pwm
0000a346     28d (0000a340)     _t_err1
0000a348     28d (0000a340)     _t_err2
0000a34a     28d (0000a340)     _kp
0000a34c     28d (0000a340)     _ki
0000a34e     28d (0000a340)     _err
0000a350     28d (0000a340)     _last_err
0000a352     28d (0000a340)     _result
0000a354     28d (0000a340)     _av
0000a356     28d (0000a340)     _su
0000a358     28d (0000a340)     _f1
0000a35a     28d (0000a340)     _f2
0000a35c     28d (0000a340)     _f3
0000a35e     28d (0000a340)     _f4
0000a360     28d (0000a340)     _datalast1
0000a362     28d (0000a340)     _datalast2
0000a364     28d (0000a340)     _datalast3
0000a366     28d (0000a340)     _datalast4
0000a368     28d (0000a340)     _pid1

0000a380     28e (0000a380)     _pid2
0000a394     28e (0000a380)     _errno

003d7e80    f5fa (003d7e80)     _PartIdRegs

003f56c6    fd5b (003f56c0)     _F8X16

003f5cb6    fd72 (003f5c80)     _Hzk

003f5f16    fd7c (003f5f00)     _PieVectTableInit

003f7ff8    fdff (003f7fc0)     _CsmPwl


GLOBAL SYMBOLS: SORTED ALPHABETICALLY BY Name 

page  address   name                            
----  -------   ----                            
0     003f4000  .text                           
0     003f5589  C$$EXIT                         
0     003f53e2  FS$$DIV                         
0     003f564b  I$$DIV                          
0     003f565c  I$$MOD                          
0     003f569c  U$$DIV                          
0     003f56a1  U$$MOD                          
0     003f4684  _ADCINT1_ISR                    
0     003f468e  _ADCINT2_ISR                    
0     003f4896  _ADCINT3_ISR                    
0     003f48a0  _ADCINT4_ISR                    
0     003f48aa  _ADCINT5_ISR                    
0     003f48b4  _ADCINT6_ISR                    
0     003f48be  _ADCINT7_ISR                    
0     003f48c8  _ADCINT8_ISR                    
0     003f46ac  _ADCINT9_ISR                    
0     003f4d5c  _AdcChanSelect                  
0     003f4dd1  _AdcConversion                  
0     003f4d35  _AdcOffsetSelfCal               
1     00007100  _AdcRegs                        
1     00000b00  _AdcResult                      
0     003f48d2  _CLA1_INT1_ISR                  
0     003f48dc  _CLA1_INT2_ISR                  
0     003f48e6  _CLA1_INT3_ISR                  
0     003f48f0  _CLA1_INT4_ISR                  
0     003f48fa  _CLA1_INT5_ISR                  
0     003f4904  _CLA1_INT6_ISR                  
0     003f490e  _CLA1_INT7_ISR                  
0     003f4918  _CLA1_INT8_ISR                  
1     00001400  _Cla1Regs                       
1     00006400  _Comp1Regs                      
1     00006420  _Comp2Regs                      
1     00006440  _Comp3Regs                      
1     0000a168  _CpuTimer0                      
1     00000c00  _CpuTimer0Regs                  
1     0000a170  _CpuTimer1                      
1     00000c08  _CpuTimer1Regs                  
1     0000a178  _CpuTimer2                      
1     00000c10  _CpuTimer2Regs                  
1     003f7ff8  _CsmPwl                         
1     00000ae0  _CsmRegs                        
0     003f51f6  _CsmUnlock                      
0     003f45da  _DATALOG_ISR                    
0     003f480a  _DINTCH1_ISR                    
0     003f4814  _DINTCH2_ISR                    
0     003f481e  _DINTCH3_ISR                    
0     003f4828  _DINTCH4_ISR                    
0     003f4832  _DINTCH5_ISR                    
0     003f483c  _DINTCH6_ISR                    
0     003f56b8  _DSP28x_DisableInt              
0     003f56bc  _DSP28x_RestoreInt              
0     00008000  _DSP28x_usDelay                 
1     00000880  _DevEmuRegs                     
0     003f5116  _DisableDog                     
1     00001000  _DmaRegs                        
1     0000a32a  _Duty_Cycle                     
0     003f4882  _ECAN0INTA_ISR                  
0     003f488c  _ECAN1INTA_ISR                  
0     003f476a  _ECAP1_INT_ISR                  
0     003f4774  _ECAP2_INT_ISR                  
0     003f477e  _ECAP3_INT_ISR                  
1     00006040  _ECanaLAMRegs                   
1     000060c0  _ECanaMOTORegs                  
1     00006080  _ECanaMOTSRegs                  
1     00006100  _ECanaMboxes                    
1     00006000  _ECanaRegs                      
1     00006a00  _ECap1Regs                      
1     00006a20  _ECap2Regs                      
1     00006a40  _ECap3Regs                      
0     003f4940  _EMPTY_ISR                      
0     003f45ee  _EMUINT_ISR                     
0     003f471a  _EPWM1_INT_ISR                  
0     003f449a  _EPWM1_Init                     
1     0000a302  _EPWM1_MAX_CMP                  
1     0000a303  _EPWM1_MIN_CMP                  
0     003f46ca  _EPWM1_TZINT_ISR                
0     003f4724  _EPWM2_INT_ISR                  
0     003f44fa  _EPWM2_Init                     
0     003f46d4  _EPWM2_TZINT_ISR                
0     003f472e  _EPWM3_INT_ISR                  
0     003f455a  _EPWM3_Init                     
0     003f46de  _EPWM3_TZINT_ISR                
0     003f4738  _EPWM4_INT_ISR                  
0     003f46e8  _EPWM4_TZINT_ISR                
0     003f4742  _EPWM5_INT_ISR                  
0     003f46f2  _EPWM5_TZINT_ISR                
0     003f474c  _EPWM6_INT_ISR                  
0     003f46fc  _EPWM6_TZINT_ISR                
0     003f4756  _EPWM7_INT_ISR                  
0     003f4706  _EPWM7_TZINT_ISR                
0     003f4760  _EPWM8_INT_ISR                  
0     003f4710  _EPWM8_TZINT_ISR                
1     00006800  _EPwm1Regs                      
1     00006840  _EPwm2Regs                      
1     00006880  _EPwm3Regs                      
1     000068c0  _EPwm4Regs                      
1     00006900  _EPwm5Regs                      
1     00006940  _EPwm6Regs                      
1     00006980  _EPwm7Regs                      
1     000069c0  _EPwm8Regs                      
0     003f479c  _EQEP1_INT_ISR                  
0     003f47a6  _EQEP2_INT_ISR                  
1     00006b00  _EQep1Regs                      
1     00006b40  _EQep2Regs                      
1     00000d01  _EmuBMode                       
1     00000d00  _EmuKey                         
0     003f55d1  _EnableInterrupts               
0     003f5266  _ExtOscSel                      
0     003f56c6  _F8X16                          
1     00000a80  _FlashRegs                      
1     00000d04  _Flash_CPUScaleFactor           
1     00000d02  _Flash_CallbackPtr              
1     00006f80  _GpioCtrlRegs                   
1     00006fc0  _GpioDataRegs                   
1     00006fe0  _GpioIntRegs                    
0     003f4788  _HRCAP1_INT_ISR                 
0     003f4792  _HRCAP2_INT_ISR                 
0     003f47b0  _HRCAP3_INT_ISR                 
0     003f47ba  _HRCAP4_INT_ISR                 
1     00006ac0  _HRCap1Regs                     
1     00006ae0  _HRCap2Regs                     
1     00006c80  _HRCap3Regs                     
1     00006ca0  _HRCap4Regs                     
0     003f5cb6  _Hzk                            
0     003f4846  _I2CINT1A_ISR                   
0     003f4850  _I2CINT2A_ISR                   
0     003f5354  _I2C_Ack3                       
0     003f536a  _I2C_NAck3                      
0     003f5380  _I2C_Start3                     
0     003f53a2  _I2C_Stop3                      
1     00007900  _I2caRegs                       
0     003f4602  _ILLEGAL_ISR                    
0     003f45c6  _INT13_ISR                      
0     003f45d0  _INT14_ISR                      
1     0000a322  _I_L                            
1     0000a312  _I_REF                          
1     0000a326  _I_RMS                          
1     0000a31c  _I_in                           
1     0000a320  _I_out                          
0     003f43fe  _InitADC                        
0     003f4cea  _InitAdc                        
0     003f4d13  _InitAdcAio                     
0     003f527c  _InitEPwm                       
0     003f528e  _InitEPwm1Gpio                  
0     003f52a0  _InitEPwm2Gpio                  
0     003f52b2  _InitEPwm3Gpio                  
0     003f52c6  _InitEPwm4Gpio                  
0     003f52da  _InitEPwm5Gpio                  
0     003f52ec  _InitEPwm6Gpio                  
0     003f52fe  _InitEPwm7Gpio                  
0     003f5310  _InitEPwm8Gpio                  
0     003f527d  _InitEPwmGpio                   
0     003f5322  _InitEPwmSyncGpio               
0     003f51a0  _InitPeripheralClocks           
0     003f55b2  _InitPieCtrl                    
0     003f5601  _InitPieVectTable               
0     003f511e  _InitPll                        
0     003f5172  _InitPll2                       
0     003f50f2  _InitSysCtrl                    
0     003f5333  _InitTzGpio                     
0     003f43e6  _Init_KEY                       
0     003f5227  _IntOsc1Sel                     
0     003f5237  _IntOsc2Sel                     
0     003f4180  _Integral_Cal1                  
0     003f41ae  _Integral_Cal2                  
1     0000a344  _Iout_pwm                       
0     003f4342  _KEY_Control                    
0     003f43c5  _KEY_Scan                       
0     003f4936  _LUF_ISR                        
0     003f492c  _LVF_ISR                        
0     003f47f6  _MRINTA_ISR                     
0     003f4800  _MXINTA_ISR                     
1     00005000  _McbspaRegs                     
0     003f45f8  _NMI_ISR                        
1     0000a301  _N_key                          
1     00007060  _NmiIntruptRegs                 
0     003f4a97  _OLED_Clean                     
0     003f4c51  _OLED_DrawPoint                 
0     003f4cb1  _OLED_DrawSin                   
0     003f4c9b  _OLED_ErasePoint                
0     003f4ab7  _OLED_Fill                      
0     003f4985  _OLED_Init                      
0     003f4bd5  _OLED_OFF                       
0     003f4bd1  _OLED_ON                        
0     003f49e1  _OLED_SetPos                    
0     003f4bd9  _OLED_ShowCHinese               
0     003f49f4  _OLED_ShowChar                  
0     003f4ad7  _OLED_ShowFloat                 
0     003f4a4f  _OLED_ShowNum                   
0     003f4a35  _OLED_ShowString                
0     003f53b8  _OLED_WriteByte                 
0     003f4961  _OLED_WriteCommand              
0     003f4973  _OLED_WriteData                 
0     003f4165  _OLED_output                    
0     003f41fd  _PID1_Cal                       
0     003f41dc  _PID1_Init                      
0     003f427e  _PID2_Cal                       
0     003f425d  _PID2_Init                      
0     003f42de  _PID_FirstOrderFilter1          
0     003f42f7  _PID_FirstOrderFilter2          
0     003f4310  _PID_FirstOrderFilter3          
0     003f4329  _PID_FirstOrderFilter4          
0     003f494d  _PIE_RESERVED                   
0     003f405f  _PLL1                           
1     003d7e80  _PartIdRegs                     
1     00000ce0  _PieCtrlRegs                    
1     00000d00  _PieVectTable                   
0     003f5f16  _PieVectTableInit               
0     003f45e4  _RTOSINT_ISR                    
0     003e8004  _RamfuncsLoadEnd                
abs   00000004  _RamfuncsLoadSize               
0     003e8000  _RamfuncsLoadStart              
0     00008000  _RamfuncsRunStart               
0     003f485a  _SCIRXINTA_ISR                  
0     003f486e  _SCIRXINTB_ISR                  
0     003f4864  _SCITXINTA_ISR                  
0     003f4878  _SCITXINTB_ISR                  
0     003f47ce  _SPIRXINTA_ISR                  
0     003f47e2  _SPIRXINTB_ISR                  
0     003f47d8  _SPITXINTA_ISR                  
0     003f47ec  _SPITXINTB_ISR                  
1     00007050  _SciaRegs                       
1     00007750  _ScibRegs                       
0     003f510c  _ServiceDog                     
0     003f56bf  _SetDBGIER                      
1     0000a304  _Sin_Resolution                 
1     00007040  _SpiaRegs                       
1     00007740  _SpibRegs                       
1     00007010  _SysCtrlRegs                    
1     00000985  _SysPwrCtrlRegs                 
0     003f46b6  _TINT0_ISR                      
1     0000a332  _Ts                             
0     003f47c4  _USB0_INT_ISR                   
0     003f4666  _USER10_ISR                     
0     003f4670  _USER11_ISR                     
0     003f467a  _USER12_ISR                     
0     003f460c  _USER1_ISR                      
0     003f4616  _USER2_ISR                      
0     003f4620  _USER3_ISR                      
0     003f462a  _USER4_ISR                      
0     003f4634  _USER5_ISR                      
0     003f463e  _USER6_ISR                      
0     003f4648  _USER7_ISR                      
0     003f4652  _USER8_ISR                      
0     003f465c  _USER9_ISR                      
1     0000a310  _U_REF                          
1     0000a324  _U_RMS                          
1     0000a31a  _U_in                           
1     0000a328  _U_near0                        
1     0000a31e  _U_out                          
1     0000a338  _Ua                             
1     0000a33a  _Ub                             
1     0000a33c  _Ud                             
1     0000a342  _Uout                           
1     0000a33e  _Uq                             
1     00004000  _Usb0Regs                       
1     0000a32c  _W0                             
1     0000a32e  _W1                             
1     0000a330  _W1_pi                          
0     003f46c0  _WAKEINT_ISR                    
0     003f4698  _XINT1_ISR                      
0     003f46a2  _XINT2_ISR                      
0     003f4922  _XINT3_ISR                      
1     00007070  _XIntruptRegs                   
0     003f524b  _XtalOscSel                     
1     00000350  __STACK_END                     
abs   00000300  __STACK_SIZE                    
1     0000a2f4  ___TI_cleanup_ptr               
1     0000a2f6  ___TI_dtors_ptr                 
1     0000a2f2  ___TI_enable_exit_profile_output
abs   ffffffff  ___TI_pprof_out_hndl            
abs   ffffffff  ___TI_prof_data_size            
abs   ffffffff  ___TI_prof_data_start           
abs   ffffffff  ___binit__                      
abs   ffffffff  ___c_args__                     
0     003f602e  ___cinit__                      
0     003f56c5  ___etext__                      
abs   ffffffff  ___pinit__                      
0     003f4000  ___text__                       
0     003f568a  __args_main                     
1     0000a2fc  __lock                          
0     003f56af  __nop                           
0     003f56ab  __register_lock                 
0     003f56a7  __register_unlock               
1     00000050  __stack                         
0     003f56c4  __system_post_cinit             
0     003f56c2  __system_pre_init               
1     0000a2fe  __unlock                        
1     0000a314  _a                              
0     003f5589  _abort                          
0     003f4f21  _adc_isr                        
1     0000a354  _av                             
1     0000a30b  _c                              
0     003f5533  _c_int00                        
0     003f5627  _copy_in                        
0     003f54d0  _cos                            
0     003f54d0  _cosf                           
1     0000a360  _datalast1                      
1     0000a362  _datalast2                      
1     0000a364  _datalast3                      
1     0000a366  _datalast4                      
0     003f50dd  _epwm1_isr                      
1     0000a307  _epwm_count                     
1     0000a34e  _err                            
1     0000a394  _errno                          
0     003f558b  _exit                           
1     0000a358  _f1                             
1     0000a35a  _f2                             
1     0000a35c  _f3                             
1     0000a35e  _f4                             
1     0000a306  _for_count                      
1     0000a30d  _g_i                            
1     0000a30c  _g_j                            
1     0000a30e  _g_k                            
1     0000a334  _k                              
1     0000a300  _key                            
1     0000a34c  _ki                             
1     0000a34a  _kp                             
1     0000a350  _last_err                       
0     003f4000  _main                           
0     003f566d  _memcpy                         
0     003f4b60  _num2char                       
1     0000a368  _pid1                           
1     0000a380  _pid2                           
1     0000a352  _result                         
0     003f4957  _rsvd_ISR                       
0     003f546a  _sin                            
1     0000a305  _sin_len                        
0     003f546a  _sinf                           
1     0000a000  _sinx1                          
1     0000a180  _sinx2                          
0     003f55da  _sqrt                           
0     003f55da  _sqrtf                          
1     0000a356  _su                             
1     0000a316  _sum1                           
1     0000a318  _sum2                           
1     0000a346  _t_err1                         
1     0000a348  _t_err2                         
1     0000a309  _t_n                            
1     0000a308  _tag                            
1     0000a30a  _tag_last                       
1     0000a2f8  _tag_list                       
1     0000a340  _theta                          
1     0000a336  _x                              
abs   ffffffff  binit                           
0     003f602e  cinit                           
0     003f7ff6  code_start                      
0     003f56c5  etext                           
abs   ffffffff  pinit                           


GLOBAL SYMBOLS: SORTED BY Symbol Address 

page  address   name                            
----  -------   ----                            
0     00008000  _DSP28x_usDelay                 
0     00008000  _RamfuncsRunStart               
0     003e8000  _RamfuncsLoadStart              
0     003e8004  _RamfuncsLoadEnd                
0     003f4000  .text                           
0     003f4000  ___text__                       
0     003f4000  _main                           
0     003f405f  _PLL1                           
0     003f4165  _OLED_output                    
0     003f4180  _Integral_Cal1                  
0     003f41ae  _Integral_Cal2                  
0     003f41dc  _PID1_Init                      
0     003f41fd  _PID1_Cal                       
0     003f425d  _PID2_Init                      
0     003f427e  _PID2_Cal                       
0     003f42de  _PID_FirstOrderFilter1          
0     003f42f7  _PID_FirstOrderFilter2          
0     003f4310  _PID_FirstOrderFilter3          
0     003f4329  _PID_FirstOrderFilter4          
0     003f4342  _KEY_Control                    
0     003f43c5  _KEY_Scan                       
0     003f43e6  _Init_KEY                       
0     003f43fe  _InitADC                        
0     003f449a  _EPWM1_Init                     
0     003f44fa  _EPWM2_Init                     
0     003f455a  _EPWM3_Init                     
0     003f45c6  _INT13_ISR                      
0     003f45d0  _INT14_ISR                      
0     003f45da  _DATALOG_ISR                    
0     003f45e4  _RTOSINT_ISR                    
0     003f45ee  _EMUINT_ISR                     
0     003f45f8  _NMI_ISR                        
0     003f4602  _ILLEGAL_ISR                    
0     003f460c  _USER1_ISR                      
0     003f4616  _USER2_ISR                      
0     003f4620  _USER3_ISR                      
0     003f462a  _USER4_ISR                      
0     003f4634  _USER5_ISR                      
0     003f463e  _USER6_ISR                      
0     003f4648  _USER7_ISR                      
0     003f4652  _USER8_ISR                      
0     003f465c  _USER9_ISR                      
0     003f4666  _USER10_ISR                     
0     003f4670  _USER11_ISR                     
0     003f467a  _USER12_ISR                     
0     003f4684  _ADCINT1_ISR                    
0     003f468e  _ADCINT2_ISR                    
0     003f4698  _XINT1_ISR                      
0     003f46a2  _XINT2_ISR                      
0     003f46ac  _ADCINT9_ISR                    
0     003f46b6  _TINT0_ISR                      
0     003f46c0  _WAKEINT_ISR                    
0     003f46ca  _EPWM1_TZINT_ISR                
0     003f46d4  _EPWM2_TZINT_ISR                
0     003f46de  _EPWM3_TZINT_ISR                
0     003f46e8  _EPWM4_TZINT_ISR                
0     003f46f2  _EPWM5_TZINT_ISR                
0     003f46fc  _EPWM6_TZINT_ISR                
0     003f4706  _EPWM7_TZINT_ISR                
0     003f4710  _EPWM8_TZINT_ISR                
0     003f471a  _EPWM1_INT_ISR                  
0     003f4724  _EPWM2_INT_ISR                  
0     003f472e  _EPWM3_INT_ISR                  
0     003f4738  _EPWM4_INT_ISR                  
0     003f4742  _EPWM5_INT_ISR                  
0     003f474c  _EPWM6_INT_ISR                  
0     003f4756  _EPWM7_INT_ISR                  
0     003f4760  _EPWM8_INT_ISR                  
0     003f476a  _ECAP1_INT_ISR                  
0     003f4774  _ECAP2_INT_ISR                  
0     003f477e  _ECAP3_INT_ISR                  
0     003f4788  _HRCAP1_INT_ISR                 
0     003f4792  _HRCAP2_INT_ISR                 
0     003f479c  _EQEP1_INT_ISR                  
0     003f47a6  _EQEP2_INT_ISR                  
0     003f47b0  _HRCAP3_INT_ISR                 
0     003f47ba  _HRCAP4_INT_ISR                 
0     003f47c4  _USB0_INT_ISR                   
0     003f47ce  _SPIRXINTA_ISR                  
0     003f47d8  _SPITXINTA_ISR                  
0     003f47e2  _SPIRXINTB_ISR                  
0     003f47ec  _SPITXINTB_ISR                  
0     003f47f6  _MRINTA_ISR                     
0     003f4800  _MXINTA_ISR                     
0     003f480a  _DINTCH1_ISR                    
0     003f4814  _DINTCH2_ISR                    
0     003f481e  _DINTCH3_ISR                    
0     003f4828  _DINTCH4_ISR                    
0     003f4832  _DINTCH5_ISR                    
0     003f483c  _DINTCH6_ISR                    
0     003f4846  _I2CINT1A_ISR                   
0     003f4850  _I2CINT2A_ISR                   
0     003f485a  _SCIRXINTA_ISR                  
0     003f4864  _SCITXINTA_ISR                  
0     003f486e  _SCIRXINTB_ISR                  
0     003f4878  _SCITXINTB_ISR                  
0     003f4882  _ECAN0INTA_ISR                  
0     003f488c  _ECAN1INTA_ISR                  
0     003f4896  _ADCINT3_ISR                    
0     003f48a0  _ADCINT4_ISR                    
0     003f48aa  _ADCINT5_ISR                    
0     003f48b4  _ADCINT6_ISR                    
0     003f48be  _ADCINT7_ISR                    
0     003f48c8  _ADCINT8_ISR                    
0     003f48d2  _CLA1_INT1_ISR                  
0     003f48dc  _CLA1_INT2_ISR                  
0     003f48e6  _CLA1_INT3_ISR                  
0     003f48f0  _CLA1_INT4_ISR                  
0     003f48fa  _CLA1_INT5_ISR                  
0     003f4904  _CLA1_INT6_ISR                  
0     003f490e  _CLA1_INT7_ISR                  
0     003f4918  _CLA1_INT8_ISR                  
0     003f4922  _XINT3_ISR                      
0     003f492c  _LVF_ISR                        
0     003f4936  _LUF_ISR                        
0     003f4940  _EMPTY_ISR                      
0     003f494d  _PIE_RESERVED                   
0     003f4957  _rsvd_ISR                       
0     003f4961  _OLED_WriteCommand              
0     003f4973  _OLED_WriteData                 
0     003f4985  _OLED_Init                      
0     003f49e1  _OLED_SetPos                    
0     003f49f4  _OLED_ShowChar                  
0     003f4a35  _OLED_ShowString                
0     003f4a4f  _OLED_ShowNum                   
0     003f4a97  _OLED_Clean                     
0     003f4ab7  _OLED_Fill                      
0     003f4ad7  _OLED_ShowFloat                 
0     003f4b60  _num2char                       
0     003f4bd1  _OLED_ON                        
0     003f4bd5  _OLED_OFF                       
0     003f4bd9  _OLED_ShowCHinese               
0     003f4c51  _OLED_DrawPoint                 
0     003f4c9b  _OLED_ErasePoint                
0     003f4cb1  _OLED_DrawSin                   
0     003f4cea  _InitAdc                        
0     003f4d13  _InitAdcAio                     
0     003f4d35  _AdcOffsetSelfCal               
0     003f4d5c  _AdcChanSelect                  
0     003f4dd1  _AdcConversion                  
0     003f4f21  _adc_isr                        
0     003f50dd  _epwm1_isr                      
0     003f50f2  _InitSysCtrl                    
0     003f510c  _ServiceDog                     
0     003f5116  _DisableDog                     
0     003f511e  _InitPll                        
0     003f5172  _InitPll2                       
0     003f51a0  _InitPeripheralClocks           
0     003f51f6  _CsmUnlock                      
0     003f5227  _IntOsc1Sel                     
0     003f5237  _IntOsc2Sel                     
0     003f524b  _XtalOscSel                     
0     003f5266  _ExtOscSel                      
0     003f527c  _InitEPwm                       
0     003f527d  _InitEPwmGpio                   
0     003f528e  _InitEPwm1Gpio                  
0     003f52a0  _InitEPwm2Gpio                  
0     003f52b2  _InitEPwm3Gpio                  
0     003f52c6  _InitEPwm4Gpio                  
0     003f52da  _InitEPwm5Gpio                  
0     003f52ec  _InitEPwm6Gpio                  
0     003f52fe  _InitEPwm7Gpio                  
0     003f5310  _InitEPwm8Gpio                  
0     003f5322  _InitEPwmSyncGpio               
0     003f5333  _InitTzGpio                     
0     003f5354  _I2C_Ack3                       
0     003f536a  _I2C_NAck3                      
0     003f5380  _I2C_Start3                     
0     003f53a2  _I2C_Stop3                      
0     003f53b8  _OLED_WriteByte                 
0     003f53e2  FS$$DIV                         
0     003f546a  _sin                            
0     003f546a  _sinf                           
0     003f54d0  _cos                            
0     003f54d0  _cosf                           
0     003f5533  _c_int00                        
0     003f5589  C$$EXIT                         
0     003f5589  _abort                          
0     003f558b  _exit                           
0     003f55b2  _InitPieCtrl                    
0     003f55d1  _EnableInterrupts               
0     003f55da  _sqrt                           
0     003f55da  _sqrtf                          
0     003f5601  _InitPieVectTable               
0     003f5627  _copy_in                        
0     003f564b  I$$DIV                          
0     003f565c  I$$MOD                          
0     003f566d  _memcpy                         
0     003f568a  __args_main                     
0     003f569c  U$$DIV                          
0     003f56a1  U$$MOD                          
0     003f56a7  __register_unlock               
0     003f56ab  __register_lock                 
0     003f56af  __nop                           
0     003f56b8  _DSP28x_DisableInt              
0     003f56bc  _DSP28x_RestoreInt              
0     003f56bf  _SetDBGIER                      
0     003f56c2  __system_pre_init               
0     003f56c4  __system_post_cinit             
0     003f56c5  ___etext__                      
0     003f56c5  etext                           
0     003f56c6  _F8X16                          
0     003f5cb6  _Hzk                            
0     003f5f16  _PieVectTableInit               
0     003f602e  ___cinit__                      
0     003f602e  cinit                           
0     003f7ff6  code_start                      
1     00000050  __stack                         
1     00000350  __STACK_END                     
1     00000880  _DevEmuRegs                     
1     00000985  _SysPwrCtrlRegs                 
1     00000a80  _FlashRegs                      
1     00000ae0  _CsmRegs                        
1     00000b00  _AdcResult                      
1     00000c00  _CpuTimer0Regs                  
1     00000c08  _CpuTimer1Regs                  
1     00000c10  _CpuTimer2Regs                  
1     00000ce0  _PieCtrlRegs                    
1     00000d00  _EmuKey                         
1     00000d00  _PieVectTable                   
1     00000d01  _EmuBMode                       
1     00000d02  _Flash_CallbackPtr              
1     00000d04  _Flash_CPUScaleFactor           
1     00001000  _DmaRegs                        
1     00001400  _Cla1Regs                       
1     00004000  _Usb0Regs                       
1     00005000  _McbspaRegs                     
1     00006000  _ECanaRegs                      
1     00006040  _ECanaLAMRegs                   
1     00006080  _ECanaMOTSRegs                  
1     000060c0  _ECanaMOTORegs                  
1     00006100  _ECanaMboxes                    
1     00006400  _Comp1Regs                      
1     00006420  _Comp2Regs                      
1     00006440  _Comp3Regs                      
1     00006800  _EPwm1Regs                      
1     00006840  _EPwm2Regs                      
1     00006880  _EPwm3Regs                      
1     000068c0  _EPwm4Regs                      
1     00006900  _EPwm5Regs                      
1     00006940  _EPwm6Regs                      
1     00006980  _EPwm7Regs                      
1     000069c0  _EPwm8Regs                      
1     00006a00  _ECap1Regs                      
1     00006a20  _ECap2Regs                      
1     00006a40  _ECap3Regs                      
1     00006ac0  _HRCap1Regs                     
1     00006ae0  _HRCap2Regs                     
1     00006b00  _EQep1Regs                      
1     00006b40  _EQep2Regs                      
1     00006c80  _HRCap3Regs                     
1     00006ca0  _HRCap4Regs                     
1     00006f80  _GpioCtrlRegs                   
1     00006fc0  _GpioDataRegs                   
1     00006fe0  _GpioIntRegs                    
1     00007010  _SysCtrlRegs                    
1     00007040  _SpiaRegs                       
1     00007050  _SciaRegs                       
1     00007060  _NmiIntruptRegs                 
1     00007070  _XIntruptRegs                   
1     00007100  _AdcRegs                        
1     00007740  _SpibRegs                       
1     00007750  _ScibRegs                       
1     00007900  _I2caRegs                       
1     0000a000  _sinx1                          
1     0000a168  _CpuTimer0                      
1     0000a170  _CpuTimer1                      
1     0000a178  _CpuTimer2                      
1     0000a180  _sinx2                          
1     0000a2f2  ___TI_enable_exit_profile_output
1     0000a2f4  ___TI_cleanup_ptr               
1     0000a2f6  ___TI_dtors_ptr                 
1     0000a2f8  _tag_list                       
1     0000a2fc  __lock                          
1     0000a2fe  __unlock                        
1     0000a300  _key                            
1     0000a301  _N_key                          
1     0000a302  _EPWM1_MAX_CMP                  
1     0000a303  _EPWM1_MIN_CMP                  
1     0000a304  _Sin_Resolution                 
1     0000a305  _sin_len                        
1     0000a306  _for_count                      
1     0000a307  _epwm_count                     
1     0000a308  _tag                            
1     0000a309  _t_n                            
1     0000a30a  _tag_last                       
1     0000a30b  _c                              
1     0000a30c  _g_j                            
1     0000a30d  _g_i                            
1     0000a30e  _g_k                            
1     0000a310  _U_REF                          
1     0000a312  _I_REF                          
1     0000a314  _a                              
1     0000a316  _sum1                           
1     0000a318  _sum2                           
1     0000a31a  _U_in                           
1     0000a31c  _I_in                           
1     0000a31e  _U_out                          
1     0000a320  _I_out                          
1     0000a322  _I_L                            
1     0000a324  _U_RMS                          
1     0000a326  _I_RMS                          
1     0000a328  _U_near0                        
1     0000a32a  _Duty_Cycle                     
1     0000a32c  _W0                             
1     0000a32e  _W1                             
1     0000a330  _W1_pi                          
1     0000a332  _Ts                             
1     0000a334  _k                              
1     0000a336  _x                              
1     0000a338  _Ua                             
1     0000a33a  _Ub                             
1     0000a33c  _Ud                             
1     0000a33e  _Uq                             
1     0000a340  _theta                          
1     0000a342  _Uout                           
1     0000a344  _Iout_pwm                       
1     0000a346  _t_err1                         
1     0000a348  _t_err2                         
1     0000a34a  _kp                             
1     0000a34c  _ki                             
1     0000a34e  _err                            
1     0000a350  _last_err                       
1     0000a352  _result                         
1     0000a354  _av                             
1     0000a356  _su                             
1     0000a358  _f1                             
1     0000a35a  _f2                             
1     0000a35c  _f3                             
1     0000a35e  _f4                             
1     0000a360  _datalast1                      
1     0000a362  _datalast2                      
1     0000a364  _datalast3                      
1     0000a366  _datalast4                      
1     0000a368  _pid1                           
1     0000a380  _pid2                           
1     0000a394  _errno                          
1     003d7e80  _PartIdRegs                     
1     003f7ff8  _CsmPwl                         
abs   00000004  _RamfuncsLoadSize               
abs   00000300  __STACK_SIZE                    
abs   ffffffff  ___TI_pprof_out_hndl            
abs   ffffffff  ___TI_prof_data_size            
abs   ffffffff  ___TI_prof_data_start           
abs   ffffffff  ___binit__                      
abs   ffffffff  ___c_args__                     
abs   ffffffff  ___pinit__                      
abs   ffffffff  binit                           
abs   ffffffff  pinit                           

[349 symbols]
